main.c:86:6:ReadDigitalStatuses	16	static
main.c:129:6:ReadAnalogStatuses	8	static
main.c:156:6:SendCANFramesToSerial	16	static
main.c:224:6:SendCANFrameToSerial	24	static
main.c:243:6:SendTextExtensionFrameToSerial	24	static
main.c:266:6:ReadIncomingSerialData	24	static
main.c:307:6:ProcessIncomingFrame	32	static
main.c:342:6:HandleIncomingSetValueFrame	16	static
main.c:402:5:main	8	static
main.c:482:6:SystemClock_Config	88	static
main.c:526:13:MX_ADC1_Init	24	static
main.c:616:13:MX_GPIO_Init	48	static
main.c:676:6:Error_Handler	4	static,ignoring_inline_asm
