Archive member included to satisfy reference by file (symbol)

c:/st/stm32cubeide_1.5.0/stm32cubeide/plugins/com.st.stm32cube.ide.mcu.externaltools.gnu-tools-for-stm32.9-2020-q2-update.win32_1.5.0.202011040924/tools/bin/../lib/gcc/arm-none-eabi/9.3.1/../../../../arm-none-eabi/lib/thumb/v7e-m+fp/hard\libc_nano.a(lib_a-errno.o)
                              Core/Src/syscalls.o (__errno)
c:/st/stm32cubeide_1.5.0/stm32cubeide/plugins/com.st.stm32cube.ide.mcu.externaltools.gnu-tools-for-stm32.9-2020-q2-update.win32_1.5.0.202011040924/tools/bin/../lib/gcc/arm-none-eabi/9.3.1/../../../../arm-none-eabi/lib/thumb/v7e-m+fp/hard\libc_nano.a(lib_a-exit.o)
                              c:/st/stm32cubeide_1.5.0/stm32cubeide/plugins/com.st.stm32cube.ide.mcu.externaltools.gnu-tools-for-stm32.9-2020-q2-update.win32_1.5.0.202011040924/tools/bin/../lib/gcc/arm-none-eabi/9.3.1/../../../../arm-none-eabi/lib/thumb/v7e-m+fp/hard/crt0.o (exit)
c:/st/stm32cubeide_1.5.0/stm32cubeide/plugins/com.st.stm32cube.ide.mcu.externaltools.gnu-tools-for-stm32.9-2020-q2-update.win32_1.5.0.202011040924/tools/bin/../lib/gcc/arm-none-eabi/9.3.1/../../../../arm-none-eabi/lib/thumb/v7e-m+fp/hard\libc_nano.a(lib_a-impure.o)
                              c:/st/stm32cubeide_1.5.0/stm32cubeide/plugins/com.st.stm32cube.ide.mcu.externaltools.gnu-tools-for-stm32.9-2020-q2-update.win32_1.5.0.202011040924/tools/bin/../lib/gcc/arm-none-eabi/9.3.1/../../../../arm-none-eabi/lib/thumb/v7e-m+fp/hard\libc_nano.a(lib_a-exit.o) (_global_impure_ptr)
c:/st/stm32cubeide_1.5.0/stm32cubeide/plugins/com.st.stm32cube.ide.mcu.externaltools.gnu-tools-for-stm32.9-2020-q2-update.win32_1.5.0.202011040924/tools/bin/../lib/gcc/arm-none-eabi/9.3.1/../../../../arm-none-eabi/lib/thumb/v7e-m+fp/hard\libc_nano.a(lib_a-init.o)
                              c:/st/stm32cubeide_1.5.0/stm32cubeide/plugins/com.st.stm32cube.ide.mcu.externaltools.gnu-tools-for-stm32.9-2020-q2-update.win32_1.5.0.202011040924/tools/bin/../lib/gcc/arm-none-eabi/9.3.1/../../../../arm-none-eabi/lib/thumb/v7e-m+fp/hard/crt0.o (__libc_init_array)
c:/st/stm32cubeide_1.5.0/stm32cubeide/plugins/com.st.stm32cube.ide.mcu.externaltools.gnu-tools-for-stm32.9-2020-q2-update.win32_1.5.0.202011040924/tools/bin/../lib/gcc/arm-none-eabi/9.3.1/../../../../arm-none-eabi/lib/thumb/v7e-m+fp/hard\libc_nano.a(lib_a-memcpy-stub.o)
                              USB_DEVICE/App/usbd_cdc_if.o (memcpy)
c:/st/stm32cubeide_1.5.0/stm32cubeide/plugins/com.st.stm32cube.ide.mcu.externaltools.gnu-tools-for-stm32.9-2020-q2-update.win32_1.5.0.202011040924/tools/bin/../lib/gcc/arm-none-eabi/9.3.1/../../../../arm-none-eabi/lib/thumb/v7e-m+fp/hard\libc_nano.a(lib_a-memset.o)
                              c:/st/stm32cubeide_1.5.0/stm32cubeide/plugins/com.st.stm32cube.ide.mcu.externaltools.gnu-tools-for-stm32.9-2020-q2-update.win32_1.5.0.202011040924/tools/bin/../lib/gcc/arm-none-eabi/9.3.1/../../../../arm-none-eabi/lib/thumb/v7e-m+fp/hard/crt0.o (memset)
c:/st/stm32cubeide_1.5.0/stm32cubeide/plugins/com.st.stm32cube.ide.mcu.externaltools.gnu-tools-for-stm32.9-2020-q2-update.win32_1.5.0.202011040924/tools/bin/../lib/gcc/arm-none-eabi/9.3.1/../../../../arm-none-eabi/lib/thumb/v7e-m+fp/hard\libc_nano.a(lib_a-strlen.o)
                              Core/Src/main.o (strlen)
c:/st/stm32cubeide_1.5.0/stm32cubeide/plugins/com.st.stm32cube.ide.mcu.externaltools.gnu-tools-for-stm32.9-2020-q2-update.win32_1.5.0.202011040924/tools/bin/../lib/gcc/arm-none-eabi/9.3.1/thumb/v7e-m+fp/hard\libgcc.a(_aeabi_ldivmod.o)
                              Drivers/STM32F4xx_HAL_Driver/Src/stm32f4xx_hal_rcc.o (__aeabi_ldivmod)
c:/st/stm32cubeide_1.5.0/stm32cubeide/plugins/com.st.stm32cube.ide.mcu.externaltools.gnu-tools-for-stm32.9-2020-q2-update.win32_1.5.0.202011040924/tools/bin/../lib/gcc/arm-none-eabi/9.3.1/thumb/v7e-m+fp/hard\libgcc.a(_aeabi_uldivmod.o)
                              Drivers/STM32F4xx_HAL_Driver/Src/stm32f4xx_hal_rcc.o (__aeabi_uldivmod)
c:/st/stm32cubeide_1.5.0/stm32cubeide/plugins/com.st.stm32cube.ide.mcu.externaltools.gnu-tools-for-stm32.9-2020-q2-update.win32_1.5.0.202011040924/tools/bin/../lib/gcc/arm-none-eabi/9.3.1/thumb/v7e-m+fp/hard\libgcc.a(_udivmoddi4.o)
                              c:/st/stm32cubeide_1.5.0/stm32cubeide/plugins/com.st.stm32cube.ide.mcu.externaltools.gnu-tools-for-stm32.9-2020-q2-update.win32_1.5.0.202011040924/tools/bin/../lib/gcc/arm-none-eabi/9.3.1/thumb/v7e-m+fp/hard\libgcc.a(_aeabi_ldivmod.o) (__udivmoddi4)
c:/st/stm32cubeide_1.5.0/stm32cubeide/plugins/com.st.stm32cube.ide.mcu.externaltools.gnu-tools-for-stm32.9-2020-q2-update.win32_1.5.0.202011040924/tools/bin/../lib/gcc/arm-none-eabi/9.3.1/thumb/v7e-m+fp/hard\libgcc.a(_dvmd_tls.o)
                              c:/st/stm32cubeide_1.5.0/stm32cubeide/plugins/com.st.stm32cube.ide.mcu.externaltools.gnu-tools-for-stm32.9-2020-q2-update.win32_1.5.0.202011040924/tools/bin/../lib/gcc/arm-none-eabi/9.3.1/thumb/v7e-m+fp/hard\libgcc.a(_aeabi_ldivmod.o) (__aeabi_ldiv0)

[...]
Memory Configuration

Name             Origin             Length             Attributes
RAM              0x0000000020000000 0x0000000000010000 xrw
FLASH            0x0000000008000000 0x0000000000040000 xr
*default*        0x0000000000000000 0xffffffffffffffff

Linker script and memory map

LOAD c:/st/stm32cubeide_1.5.0/stm32cubeide/plugins/com.st.stm32cube.ide.mcu.externaltools.gnu-tools-for-stm32.9-2020-q2-update.win32_1.5.0.202011040924/tools/bin/../lib/gcc/arm-none-eabi/9.3.1/thumb/v7e-m+fp/hard/crti.o
LOAD c:/st/stm32cubeide_1.5.0/stm32cubeide/plugins/com.st.stm32cube.ide.mcu.externaltools.gnu-tools-for-stm32.9-2020-q2-update.win32_1.5.0.202011040924/tools/bin/../lib/gcc/arm-none-eabi/9.3.1/thumb/v7e-m+fp/hard/crtbegin.o
LOAD c:/st/stm32cubeide_1.5.0/stm32cubeide/plugins/com.st.stm32cube.ide.mcu.externaltools.gnu-tools-for-stm32.9-2020-q2-update.win32_1.5.0.202011040924/tools/bin/../lib/gcc/arm-none-eabi/9.3.1/../../../../arm-none-eabi/lib/thumb/v7e-m+fp/hard/crt0.o
LOAD Core/Src/main.o
LOAD Core/Src/stm32f4xx_hal_msp.o
LOAD Core/Src/stm32f4xx_it.o
LOAD Core/Src/syscalls.o
LOAD Core/Src/sysmem.o
LOAD Core/Src/system_stm32f4xx.o
LOAD Core/Startup/startup_stm32f401ccux.o
LOAD Drivers/STM32F4xx_HAL_Driver/Src/stm32f4xx_hal.o
LOAD Drivers/STM32F4xx_HAL_Driver/Src/stm32f4xx_hal_adc.o
LOAD Drivers/STM32F4xx_HAL_Driver/Src/stm32f4xx_hal_adc_ex.o
LOAD Drivers/STM32F4xx_HAL_Driver/Src/stm32f4xx_hal_cortex.o
LOAD Drivers/STM32F4xx_HAL_Driver/Src/stm32f4xx_hal_dma.o
LOAD Drivers/STM32F4xx_HAL_Driver/Src/stm32f4xx_hal_dma_ex.o
LOAD Drivers/STM32F4xx_HAL_Driver/Src/stm32f4xx_hal_exti.o
LOAD Drivers/STM32F4xx_HAL_Driver/Src/stm32f4xx_hal_flash.o
LOAD Drivers/STM32F4xx_HAL_Driver/Src/stm32f4xx_hal_flash_ex.o
LOAD Drivers/STM32F4xx_HAL_Driver/Src/stm32f4xx_hal_flash_ramfunc.o
LOAD Drivers/STM32F4xx_HAL_Driver/Src/stm32f4xx_hal_gpio.o
LOAD Drivers/STM32F4xx_HAL_Driver/Src/stm32f4xx_hal_pcd.o
LOAD Drivers/STM32F4xx_HAL_Driver/Src/stm32f4xx_hal_pcd_ex.o
LOAD Drivers/STM32F4xx_HAL_Driver/Src/stm32f4xx_hal_pwr.o
LOAD Drivers/STM32F4xx_HAL_Driver/Src/stm32f4xx_hal_pwr_ex.o
LOAD Drivers/STM32F4xx_HAL_Driver/Src/stm32f4xx_hal_rcc.o
LOAD Drivers/STM32F4xx_HAL_Driver/Src/stm32f4xx_hal_rcc_ex.o
LOAD Drivers/STM32F4xx_HAL_Driver/Src/stm32f4xx_hal_tim.o
LOAD Drivers/STM32F4xx_HAL_Driver/Src/stm32f4xx_hal_tim_ex.o
LOAD Drivers/STM32F4xx_HAL_Driver/Src/stm32f4xx_ll_adc.o
LOAD Drivers/STM32F4xx_HAL_Driver/Src/stm32f4xx_ll_usb.o
LOAD Middlewares/ST/STM32_USB_Device_Library/Class/CDC/Src/usbd_cdc.o
LOAD Middlewares/ST/STM32_USB_Device_Library/Core/Src/usbd_core.o
LOAD Middlewares/ST/STM32_USB_Device_Library/Core/Src/usbd_ctlreq.o
LOAD Middlewares/ST/STM32_USB_Device_Library/Core/Src/usbd_ioreq.o
LOAD USB_DEVICE/App/usb_device.o
LOAD USB_DEVICE/App/usbd_cdc_if.o
LOAD USB_DEVICE/App/usbd_desc.o
LOAD USB_DEVICE/Target/usbd_conf.o
START GROUP
LOAD c:/st/stm32cubeide_1.5.0/stm32cubeide/plugins/com.st.stm32cube.ide.mcu.externaltools.gnu-tools-for-stm32.9-2020-q2-update.win32_1.5.0.202011040924/tools/bin/../lib/gcc/arm-none-eabi/9.3.1/../../../../arm-none-eabi/lib/thumb/v7e-m+fp/hard\libc_nano.a
LOAD c:/st/stm32cubeide_1.5.0/stm32cubeide/plugins/com.st.stm32cube.ide.mcu.externaltools.gnu-tools-for-stm32.9-2020-q2-update.win32_1.5.0.202011040924/tools/bin/../lib/gcc/arm-none-eabi/9.3.1/../../../../arm-none-eabi/lib/thumb/v7e-m+fp/hard\libm.a
END GROUP
START GROUP
LOAD c:/st/stm32cubeide_1.5.0/stm32cubeide/plugins/com.st.stm32cube.ide.mcu.externaltools.gnu-tools-for-stm32.9-2020-q2-update.win32_1.5.0.202011040924/tools/bin/../lib/gcc/arm-none-eabi/9.3.1/thumb/v7e-m+fp/hard\libgcc.a
LOAD c:/st/stm32cubeide_1.5.0/stm32cubeide/plugins/com.st.stm32cube.ide.mcu.externaltools.gnu-tools-for-stm32.9-2020-q2-update.win32_1.5.0.202011040924/tools/bin/../lib/gcc/arm-none-eabi/9.3.1/../../../../arm-none-eabi/lib/thumb/v7e-m+fp/hard\libc_nano.a
END GROUP
START GROUP
LOAD c:/st/stm32cubeide_1.5.0/stm32cubeide/plugins/com.st.stm32cube.ide.mcu.externaltools.gnu-tools-for-stm32.9-2020-q2-update.win32_1.5.0.202011040924/tools/bin/../lib/gcc/arm-none-eabi/9.3.1/thumb/v7e-m+fp/hard\libgcc.a
LOAD c:/st/stm32cubeide_1.5.0/stm32cubeide/plugins/com.st.stm32cube.ide.mcu.externaltools.gnu-tools-for-stm32.9-2020-q2-update.win32_1.5.0.202011040924/tools/bin/../lib/gcc/arm-none-eabi/9.3.1/../../../../arm-none-eabi/lib/thumb/v7e-m+fp/hard\libc_nano.a
LOAD c:/st/stm32cubeide_1.5.0/stm32cubeide/plugins/com.st.stm32cube.ide.mcu.externaltools.gnu-tools-for-stm32.9-2020-q2-update.win32_1.5.0.202011040924/tools/bin/../lib/gcc/arm-none-eabi/9.3.1/../../../../arm-none-eabi/lib/thumb/v7e-m+fp/hard\libnosys.a
END GROUP
START GROUP
LOAD c:/st/stm32cubeide_1.5.0/stm32cubeide/plugins/com.st.stm32cube.ide.mcu.externaltools.gnu-tools-for-stm32.9-2020-q2-update.win32_1.5.0.202011040924/tools/bin/../lib/gcc/arm-none-eabi/9.3.1/thumb/v7e-m+fp/hard\libgcc.a
LOAD c:/st/stm32cubeide_1.5.0/stm32cubeide/plugins/com.st.stm32cube.ide.mcu.externaltools.gnu-tools-for-stm32.9-2020-q2-update.win32_1.5.0.202011040924/tools/bin/../lib/gcc/arm-none-eabi/9.3.1/../../../../arm-none-eabi/lib/thumb/v7e-m+fp/hard\libc_nano.a
LOAD c:/st/stm32cubeide_1.5.0/stm32cubeide/plugins/com.st.stm32cube.ide.mcu.externaltools.gnu-tools-for-stm32.9-2020-q2-update.win32_1.5.0.202011040924/tools/bin/../lib/gcc/arm-none-eabi/9.3.1/../../../../arm-none-eabi/lib/thumb/v7e-m+fp/hard\libnosys.a
END GROUP
LOAD c:/st/stm32cubeide_1.5.0/stm32cubeide/plugins/com.st.stm32cube.ide.mcu.externaltools.gnu-tools-for-stm32.9-2020-q2-update.win32_1.5.0.202011040924/tools/bin/../lib/gcc/arm-none-eabi/9.3.1/thumb/v7e-m+fp/hard/crtend.o
LOAD c:/st/stm32cubeide_1.5.0/stm32cubeide/plugins/com.st.stm32cube.ide.mcu.externaltools.gnu-tools-for-stm32.9-2020-q2-update.win32_1.5.0.202011040924/tools/bin/../lib/gcc/arm-none-eabi/9.3.1/thumb/v7e-m+fp/hard/crtn.o
                0x0000000020010000                _estack = (ORIGIN (RAM) + LENGTH (RAM))
                0x0000000000000200                _Min_Heap_Size = 0x200
                0x0000000000000400                _Min_Stack_Size = 0x400

.isr_vector     0x0000000008000000      0x194
                0x0000000008000000                . = ALIGN (0x4)
 *(.isr_vector)
 .isr_vector    0x0000000008000000      0x194 Core/Startup/startup_stm32f401ccux.o
                0x0000000008000000                g_pfnVectors
                0x0000000008000194                . = ALIGN (0x4)

.text           0x0000000008000194     0x3acc
                0x0000000008000194                . = ALIGN (0x4)
 *(.text)
 .text          0x0000000008000194       0x40 c:/st/stm32cubeide_1.5.0/stm32cubeide/plugins/com.st.stm32cube.ide.mcu.externaltools.gnu-tools-for-stm32.9-2020-q2-update.win32_1.5.0.202011040924/tools/bin/../lib/gcc/arm-none-eabi/9.3.1/thumb/v7e-m+fp/hard/crtbegin.o
 .text          0x00000000080001d4       0x10 c:/st/stm32cubeide_1.5.0/stm32cubeide/plugins/com.st.stm32cube.ide.mcu.externaltools.gnu-tools-for-stm32.9-2020-q2-update.win32_1.5.0.202011040924/tools/bin/../lib/gcc/arm-none-eabi/9.3.1/../../../../arm-none-eabi/lib/thumb/v7e-m+fp/hard\libc_nano.a(lib_a-strlen.o)
                0x00000000080001d4                strlen
 .text          0x00000000080001e4       0x30 c:/st/stm32cubeide_1.5.0/stm32cubeide/plugins/com.st.stm32cube.ide.mcu.externaltools.gnu-tools-for-stm32.9-2020-q2-update.win32_1.5.0.202011040924/tools/bin/../lib/gcc/arm-none-eabi/9.3.1/thumb/v7e-m+fp/hard\libgcc.a(_aeabi_uldivmod.o)
                0x00000000080001e4                __aeabi_uldivmod
 .text          0x0000000008000214      0x2c4 c:/st/stm32cubeide_1.5.0/stm32cubeide/plugins/com.st.stm32cube.ide.mcu.externaltools.gnu-tools-for-stm32.9-2020-q2-update.win32_1.5.0.202011040924/tools/bin/../lib/gcc/arm-none-eabi/9.3.1/thumb/v7e-m+fp/hard\libgcc.a(_udivmoddi4.o)
                0x0000000008000214                __udivmoddi4
 .text          0x00000000080004d8        0x4 c:/st/stm32cubeide_1.5.0/stm32cubeide/plugins/com.st.stm32cube.ide.mcu.externaltools.gnu-tools-for-stm32.9-2020-q2-update.win32_1.5.0.202011040924/tools/bin/../lib/gcc/arm-none-eabi/9.3.1/thumb/v7e-m+fp/hard\libgcc.a(_dvmd_tls.o)
                0x00000000080004d8                __aeabi_idiv0
                0x00000000080004d8                __aeabi_ldiv0
 *(.text*)
 .text.ReadDigitalStatuses
                0x00000000080004dc      0x14c Core/Src/main.o
                0x00000000080004dc                ReadDigitalStatuses
 .text.ReadAnalogStatuses
                0x0000000008000628       0x80 Core/Src/main.o
                0x0000000008000628                ReadAnalogStatuses
 .text.SendCANFrameToSerial
                0x00000000080006a8       0x2c Core/Src/main.o
                0x00000000080006a8                SendCANFrameToSerial
 .text.SendTextExtensionFrameToSerial
                0x00000000080006d4       0x38 Core/Src/main.o
                0x00000000080006d4                SendTextExtensionFrameToSerial
 .text.SendCANFramesToSerial
                0x000000000800070c       0xd4 Core/Src/main.o
                0x000000000800070c                SendCANFramesToSerial
 .text.HandleIncomingSetValueFrame
                0x00000000080007e0       0x28 Core/Src/main.o
                0x00000000080007e0                HandleIncomingSetValueFrame
 .text.ProcessIncomingFrame
                0x0000000008000808       0x48 Core/Src/main.o
                0x0000000008000808                ProcessIncomingFrame
 .text.ReadIncomingSerialData
                0x0000000008000850       0x5c Core/Src/main.o
                0x0000000008000850                ReadIncomingSerialData
 .text.SystemClock_Config
                0x00000000080008ac       0xa8 Core/Src/main.o
                0x00000000080008ac                SystemClock_Config
 .text.startup.main
                0x0000000008000954      0x1e8 Core/Src/main.o
                0x0000000008000954                main
 .text.Error_Handler
                0x0000000008000b3c        0x4 Core/Src/main.o
                0x0000000008000b3c                Error_Handler
 .text.HAL_MspInit
                0x0000000008000b40       0x38 Core/Src/stm32f4xx_hal_msp.o
                0x0000000008000b40                HAL_MspInit
 .text.HAL_ADC_MspInit
                0x0000000008000b78       0x64 Core/Src/stm32f4xx_hal_msp.o
                0x0000000008000b78                HAL_ADC_MspInit
 .text.NMI_Handler
                0x0000000008000bdc        0x2 Core/Src/stm32f4xx_it.o
                0x0000000008000bdc                NMI_Handler
 .text.HardFault_Handler
                0x0000000008000bde        0x2 Core/Src/stm32f4xx_it.o
                0x0000000008000bde                HardFault_Handler
 .text.MemManage_Handler
                0x0000000008000be0        0x2 Core/Src/stm32f4xx_it.o
                0x0000000008000be0                MemManage_Handler
 .text.BusFault_Handler
                0x0000000008000be2        0x2 Core/Src/stm32f4xx_it.o
                0x0000000008000be2                BusFault_Handler
 .text.UsageFault_Handler
                0x0000000008000be4        0x2 Core/Src/stm32f4xx_it.o
                0x0000000008000be4                UsageFault_Handler
 .text.SVC_Handler
                0x0000000008000be6        0x2 Core/Src/stm32f4xx_it.o
                0x0000000008000be6                SVC_Handler
 .text.DebugMon_Handler
                0x0000000008000be8        0x2 Core/Src/stm32f4xx_it.o
                0x0000000008000be8                DebugMon_Handler
 .text.PendSV_Handler
                0x0000000008000bea        0x2 Core/Src/stm32f4xx_it.o
                0x0000000008000bea                PendSV_Handler
 .text.SysTick_Handler
                0x0000000008000bec        0x4 Core/Src/stm32f4xx_it.o
                0x0000000008000bec                SysTick_Handler
 .text.OTG_FS_IRQHandler
                0x0000000008000bf0        0xc Core/Src/stm32f4xx_it.o
                0x0000000008000bf0                OTG_FS_IRQHandler
 .text.SystemInit
                0x0000000008000bfc       0x14 Core/Src/system_stm32f4xx.o
                0x0000000008000bfc                SystemInit
 .text.Reset_Handler
                0x0000000008000c10       0x50 Core/Startup/startup_stm32f401ccux.o
                0x0000000008000c10                Reset_Handler
 .text.Default_Handler
                0x0000000008000c60        0x2 Core/Startup/startup_stm32f401ccux.o
                0x0000000008000c60                RTC_Alarm_IRQHandler
                0x0000000008000c60                EXTI2_IRQHandler
                0x0000000008000c60                SPI4_IRQHandler
                0x0000000008000c60                TIM1_CC_IRQHandler
                0x0000000008000c60                DMA2_Stream5_IRQHandler
                0x0000000008000c60                DMA1_Stream5_IRQHandler
                0x0000000008000c60                PVD_IRQHandler
                0x0000000008000c60                SDIO_IRQHandler
                0x0000000008000c60                TAMP_STAMP_IRQHandler
                0x0000000008000c60                EXTI3_IRQHandler
                0x0000000008000c60                TIM1_UP_TIM10_IRQHandler
                0x0000000008000c60                I2C3_ER_IRQHandler
                0x0000000008000c60                EXTI0_IRQHandler
                0x0000000008000c60                I2C2_EV_IRQHandler
                0x0000000008000c60                DMA1_Stream2_IRQHandler
                0x0000000008000c60                FPU_IRQHandler
                0x0000000008000c60                DMA2_Stream2_IRQHandler
                0x0000000008000c60                SPI1_IRQHandler
                0x0000000008000c60                TIM1_BRK_TIM9_IRQHandler
                0x0000000008000c60                DMA2_Stream3_IRQHandler
                0x0000000008000c60                USART6_IRQHandler
                0x0000000008000c60                DMA2_Stream0_IRQHandler
                0x0000000008000c60                TIM4_IRQHandler
                0x0000000008000c60                I2C1_EV_IRQHandler
                0x0000000008000c60                DMA1_Stream6_IRQHandler
                0x0000000008000c60                DMA1_Stream1_IRQHandler
                0x0000000008000c60                TIM3_IRQHandler
                0x0000000008000c60                RCC_IRQHandler
                0x0000000008000c60                Default_Handler
                0x0000000008000c60                EXTI15_10_IRQHandler
                0x0000000008000c60                ADC_IRQHandler
                0x0000000008000c60                DMA1_Stream7_IRQHandler
                0x0000000008000c60                TIM5_IRQHandler
                0x0000000008000c60                DMA2_Stream7_IRQHandler
                0x0000000008000c60                I2C3_EV_IRQHandler
                0x0000000008000c60                EXTI9_5_IRQHandler
                0x0000000008000c60                RTC_WKUP_IRQHandler
                0x0000000008000c60                SPI2_IRQHandler
                0x0000000008000c60                DMA1_Stream0_IRQHandler
                0x0000000008000c60                EXTI4_IRQHandler
                0x0000000008000c60                WWDG_IRQHandler
                0x0000000008000c60                TIM2_IRQHandler
                0x0000000008000c60                OTG_FS_WKUP_IRQHandler
                0x0000000008000c60                TIM1_TRG_COM_TIM11_IRQHandler
                0x0000000008000c60                EXTI1_IRQHandler
                0x0000000008000c60                USART2_IRQHandler
                0x0000000008000c60                I2C2_ER_IRQHandler
                0x0000000008000c60                DMA2_Stream1_IRQHandler
                0x0000000008000c60                FLASH_IRQHandler
                0x0000000008000c60                DMA2_Stream4_IRQHandler
                0x0000000008000c60                USART1_IRQHandler
                0x0000000008000c60                SPI3_IRQHandler
                0x0000000008000c60                DMA1_Stream4_IRQHandler
                0x0000000008000c60                I2C1_ER_IRQHandler
                0x0000000008000c60                DMA2_Stream6_IRQHandler
                0x0000000008000c60                DMA1_Stream3_IRQHandler
 *fill*         0x0000000008000c62        0x2 
 .text.HAL_InitTick
                0x0000000008000c64       0x48 Drivers/STM32F4xx_HAL_Driver/Src/stm32f4xx_hal.o
                0x0000000008000c64                HAL_InitTick
 .text.HAL_Init
                0x0000000008000cac       0x34 Drivers/STM32F4xx_HAL_Driver/Src/stm32f4xx_hal.o
                0x0000000008000cac                HAL_Init
 .text.HAL_IncTick
                0x0000000008000ce0       0x18 Drivers/STM32F4xx_HAL_Driver/Src/stm32f4xx_hal.o
                0x0000000008000ce0                HAL_IncTick
 .text.HAL_GetTick
                0x0000000008000cf8        0xc Drivers/STM32F4xx_HAL_Driver/Src/stm32f4xx_hal.o
                0x0000000008000cf8                HAL_GetTick
 .text.HAL_Delay
                0x0000000008000d04       0x28 Drivers/STM32F4xx_HAL_Driver/Src/stm32f4xx_hal.o
                0x0000000008000d04                HAL_Delay
 .text.HAL_ADC_Init
                0x0000000008000d2c      0x14c Drivers/STM32F4xx_HAL_Driver/Src/stm32f4xx_hal_adc.o
                0x0000000008000d2c                HAL_ADC_Init
 .text.HAL_ADC_Start
                0x0000000008000e78       0xe0 Drivers/STM32F4xx_HAL_Driver/Src/stm32f4xx_hal_adc.o
                0x0000000008000e78                HAL_ADC_Start
 .text.HAL_ADC_Stop
                0x0000000008000f58       0x36 Drivers/STM32F4xx_HAL_Driver/Src/stm32f4xx_hal_adc.o
                0x0000000008000f58                HAL_ADC_Stop
 .text.HAL_ADC_PollForConversion
                0x0000000008000f8e       0xa6 Drivers/STM32F4xx_HAL_Driver/Src/stm32f4xx_hal_adc.o
                0x0000000008000f8e                HAL_ADC_PollForConversion
 .text.HAL_ADC_GetValue
                0x0000000008001034        0x6 Drivers/STM32F4xx_HAL_Driver/Src/stm32f4xx_hal_adc.o
                0x0000000008001034                HAL_ADC_GetValue
 *fill*         0x000000000800103a        0x2 
 .text.HAL_ADC_ConfigChannel
                0x000000000800103c      0x124 Drivers/STM32F4xx_HAL_Driver/Src/stm32f4xx_hal_adc.o
                0x000000000800103c                HAL_ADC_ConfigChannel
 .text.HAL_NVIC_SetPriorityGrouping
                0x0000000008001160       0x24 Drivers/STM32F4xx_HAL_Driver/Src/stm32f4xx_hal_cortex.o
                0x0000000008001160                HAL_NVIC_SetPriorityGrouping
 .text.HAL_NVIC_SetPriority
                0x0000000008001184       0x64 Drivers/STM32F4xx_HAL_Driver/Src/stm32f4xx_hal_cortex.o
                0x0000000008001184                HAL_NVIC_SetPriority
 .text.HAL_NVIC_EnableIRQ
                0x00000000080011e8       0x1c Drivers/STM32F4xx_HAL_Driver/Src/stm32f4xx_hal_cortex.o
                0x00000000080011e8                HAL_NVIC_EnableIRQ
 .text.HAL_SYSTICK_Config
                0x0000000008001204       0x2c Drivers/STM32F4xx_HAL_Driver/Src/stm32f4xx_hal_cortex.o
                0x0000000008001204                HAL_SYSTICK_Config
 .text.HAL_GPIO_Init
                0x0000000008001230      0x190 Drivers/STM32F4xx_HAL_Driver/Src/stm32f4xx_hal_gpio.o
                0x0000000008001230                HAL_GPIO_Init
 .text.HAL_GPIO_ReadPin
                0x00000000080013c0        0xc Drivers/STM32F4xx_HAL_Driver/Src/stm32f4xx_hal_gpio.o
                0x00000000080013c0                HAL_GPIO_ReadPin
 .text.HAL_GPIO_WritePin
                0x00000000080013cc        0xa Drivers/STM32F4xx_HAL_Driver/Src/stm32f4xx_hal_gpio.o
                0x00000000080013cc                HAL_GPIO_WritePin
 .text.HAL_PCD_Init
                0x00000000080013d6      0x10a Drivers/STM32F4xx_HAL_Driver/Src/stm32f4xx_hal_pcd.o
                0x00000000080013d6                HAL_PCD_Init
 .text.HAL_PCD_Start
                0x00000000080014e0       0x3e Drivers/STM32F4xx_HAL_Driver/Src/stm32f4xx_hal_pcd.o
                0x00000000080014e0                HAL_PCD_Start
 *fill*         0x000000000800151e        0x2 
 .text.HAL_PCD_IRQHandler
                0x0000000008001520      0x560 Drivers/STM32F4xx_HAL_Driver/Src/stm32f4xx_hal_pcd.o
                0x0000000008001520                HAL_PCD_IRQHandler
 .text.HAL_PCD_SetAddress
                0x0000000008001a80       0x28 Drivers/STM32F4xx_HAL_Driver/Src/stm32f4xx_hal_pcd.o
                0x0000000008001a80                HAL_PCD_SetAddress
 .text.HAL_PCD_EP_Open
                0x0000000008001aa8       0x70 Drivers/STM32F4xx_HAL_Driver/Src/stm32f4xx_hal_pcd.o
                0x0000000008001aa8                HAL_PCD_EP_Open
 .text.HAL_PCD_EP_Close
                0x0000000008001b18       0x5e Drivers/STM32F4xx_HAL_Driver/Src/stm32f4xx_hal_pcd.o
                0x0000000008001b18                HAL_PCD_EP_Close
 .text.HAL_PCD_EP_Receive
                0x0000000008001b76       0x48 Drivers/STM32F4xx_HAL_Driver/Src/stm32f4xx_hal_pcd.o
                0x0000000008001b76                HAL_PCD_EP_Receive
 .text.HAL_PCD_EP_GetRxCount
                0x0000000008001bbe       0x10 Drivers/STM32F4xx_HAL_Driver/Src/stm32f4xx_hal_pcd.o
                0x0000000008001bbe                HAL_PCD_EP_GetRxCount
 .text.HAL_PCD_EP_Transmit
                0x0000000008001bce       0x40 Drivers/STM32F4xx_HAL_Driver/Src/stm32f4xx_hal_pcd.o
                0x0000000008001bce                HAL_PCD_EP_Transmit
 .text.HAL_PCD_EP_SetStall
                0x0000000008001c0e       0x70 Drivers/STM32F4xx_HAL_Driver/Src/stm32f4xx_hal_pcd.o
                0x0000000008001c0e                HAL_PCD_EP_SetStall
 .text.HAL_PCD_EP_ClrStall
                0x0000000008001c7e       0x6c Drivers/STM32F4xx_HAL_Driver/Src/stm32f4xx_hal_pcd.o
                0x0000000008001c7e                HAL_PCD_EP_ClrStall
 .text.HAL_PCDEx_SetTxFiFo
                0x0000000008001cea       0x40 Drivers/STM32F4xx_HAL_Driver/Src/stm32f4xx_hal_pcd_ex.o
                0x0000000008001cea                HAL_PCDEx_SetTxFiFo
 .text.HAL_PCDEx_SetRxFiFo
                0x0000000008001d2a        0x8 Drivers/STM32F4xx_HAL_Driver/Src/stm32f4xx_hal_pcd_ex.o
                0x0000000008001d2a                HAL_PCDEx_SetRxFiFo
 .text.HAL_PCDEx_LPM_Callback
                0x0000000008001d32        0x2 Drivers/STM32F4xx_HAL_Driver/Src/stm32f4xx_hal_pcd_ex.o
                0x0000000008001d32                HAL_PCDEx_LPM_Callback
 .text.HAL_RCC_OscConfig
                0x0000000008001d34      0x358 Drivers/STM32F4xx_HAL_Driver/Src/stm32f4xx_hal_rcc.o
                0x0000000008001d34                HAL_RCC_OscConfig
 .text.HAL_RCC_GetSysClockFreq
                0x000000000800208c       0x5c Drivers/STM32F4xx_HAL_Driver/Src/stm32f4xx_hal_rcc.o
                0x000000000800208c                HAL_RCC_GetSysClockFreq
 .text.HAL_RCC_ClockConfig
                0x00000000080020e8      0x138 Drivers/STM32F4xx_HAL_Driver/Src/stm32f4xx_hal_rcc.o
                0x00000000080020e8                HAL_RCC_ClockConfig
 .text.HAL_RCC_GetHCLKFreq
                0x0000000008002220        0xc Drivers/STM32F4xx_HAL_Driver/Src/stm32f4xx_hal_rcc.o
                0x0000000008002220                HAL_RCC_GetHCLKFreq
 .text.USB_CoreReset
                0x000000000800222c       0x30 Drivers/STM32F4xx_HAL_Driver/Src/stm32f4xx_ll_usb.o
 .text.USB_CoreInit
                0x000000000800225c       0x80 Drivers/STM32F4xx_HAL_Driver/Src/stm32f4xx_ll_usb.o
                0x000000000800225c                USB_CoreInit
 .text.USB_SetTurnaroundTime
                0x00000000080022dc       0xe0 Drivers/STM32F4xx_HAL_Driver/Src/stm32f4xx_ll_usb.o
                0x00000000080022dc                USB_SetTurnaroundTime
 .text.USB_EnableGlobalInt
                0x00000000080023bc        0xc Drivers/STM32F4xx_HAL_Driver/Src/stm32f4xx_ll_usb.o
                0x00000000080023bc                USB_EnableGlobalInt
 .text.USB_DisableGlobalInt
                0x00000000080023c8        0xc Drivers/STM32F4xx_HAL_Driver/Src/stm32f4xx_ll_usb.o
                0x00000000080023c8                USB_DisableGlobalInt
 .text.USB_SetCurrentMode
                0x00000000080023d4       0x2e Drivers/STM32F4xx_HAL_Driver/Src/stm32f4xx_ll_usb.o
                0x00000000080023d4                USB_SetCurrentMode
 *fill*         0x0000000008002402        0x2 
 .text.USB_FlushTxFifo
                0x0000000008002404       0x24 Drivers/STM32F4xx_HAL_Driver/Src/stm32f4xx_ll_usb.o
                0x0000000008002404                USB_FlushTxFifo
 .text.USB_FlushRxFifo
                0x0000000008002428       0x20 Drivers/STM32F4xx_HAL_Driver/Src/stm32f4xx_ll_usb.o
                0x0000000008002428                USB_FlushRxFifo
 .text.USB_SetDevSpeed
                0x0000000008002448        0xe Drivers/STM32F4xx_HAL_Driver/Src/stm32f4xx_ll_usb.o
                0x0000000008002448                USB_SetDevSpeed
 *fill*         0x0000000008002456        0x2 
 .text.USB_DevInit
                0x0000000008002458      0x170 Drivers/STM32F4xx_HAL_Driver/Src/stm32f4xx_ll_usb.o
                0x0000000008002458                USB_DevInit
 .text.USB_GetDevSpeed
                0x00000000080025c8       0x16 Drivers/STM32F4xx_HAL_Driver/Src/stm32f4xx_ll_usb.o
                0x00000000080025c8                USB_GetDevSpeed
 .text.USB_ActivateEndpoint
                0x00000000080025de       0x7c Drivers/STM32F4xx_HAL_Driver/Src/stm32f4xx_ll_usb.o
                0x00000000080025de                USB_ActivateEndpoint
 *fill*         0x000000000800265a        0x2 
 .text.USB_DeactivateEndpoint
                0x000000000800265c       0xac Drivers/STM32F4xx_HAL_Driver/Src/stm32f4xx_ll_usb.o
                0x000000000800265c                USB_DeactivateEndpoint
 .text.USB_EP0StartXfer
                0x0000000008002708       0xf4 Drivers/STM32F4xx_HAL_Driver/Src/stm32f4xx_ll_usb.o
                0x0000000008002708                USB_EP0StartXfer
 .text.USB_WritePacket
                0x00000000080027fc       0x26 Drivers/STM32F4xx_HAL_Driver/Src/stm32f4xx_ll_usb.o
                0x00000000080027fc                USB_WritePacket
 *fill*         0x0000000008002822        0x2 
 .text.USB_EPStartXfer
                0x0000000008002824      0x1dc Drivers/STM32F4xx_HAL_Driver/Src/stm32f4xx_ll_usb.o
                0x0000000008002824                USB_EPStartXfer
 .text.USB_ReadPacket
                0x0000000008002a00       0x1c Drivers/STM32F4xx_HAL_Driver/Src/stm32f4xx_ll_usb.o
                0x0000000008002a00                USB_ReadPacket
 .text.USB_EPSetStall
                0x0000000008002a1c       0x56 Drivers/STM32F4xx_HAL_Driver/Src/stm32f4xx_ll_usb.o
                0x0000000008002a1c                USB_EPSetStall
 .text.USB_EPClearStall
                0x0000000008002a72       0x52 Drivers/STM32F4xx_HAL_Driver/Src/stm32f4xx_ll_usb.o
                0x0000000008002a72                USB_EPClearStall
 .text.USB_SetDevAddress
                0x0000000008002ac4       0x20 Drivers/STM32F4xx_HAL_Driver/Src/stm32f4xx_ll_usb.o
                0x0000000008002ac4                USB_SetDevAddress
 .text.USB_DevConnect
                0x0000000008002ae4       0x1c Drivers/STM32F4xx_HAL_Driver/Src/stm32f4xx_ll_usb.o
                0x0000000008002ae4                USB_DevConnect
 .text.USB_DevDisconnect
                0x0000000008002b00       0x1c Drivers/STM32F4xx_HAL_Driver/Src/stm32f4xx_ll_usb.o
                0x0000000008002b00                USB_DevDisconnect
 .text.USB_ReadInterrupts
                0x0000000008002b1c        0x8 Drivers/STM32F4xx_HAL_Driver/Src/stm32f4xx_ll_usb.o
                0x0000000008002b1c                USB_ReadInterrupts
 .text.USB_ReadDevAllOutEpInterrupt
                0x0000000008002b24       0x10 Drivers/STM32F4xx_HAL_Driver/Src/stm32f4xx_ll_usb.o
                0x0000000008002b24                USB_ReadDevAllOutEpInterrupt
 .text.USB_ReadDevAllInEpInterrupt
                0x0000000008002b34       0x10 Drivers/STM32F4xx_HAL_Driver/Src/stm32f4xx_ll_usb.o
                0x0000000008002b34                USB_ReadDevAllInEpInterrupt
 .text.USB_ReadDevOutEPInterrupt
                0x0000000008002b44       0x12 Drivers/STM32F4xx_HAL_Driver/Src/stm32f4xx_ll_usb.o
                0x0000000008002b44                USB_ReadDevOutEPInterrupt
 .text.USB_ReadDevInEPInterrupt
                0x0000000008002b56       0x24 Drivers/STM32F4xx_HAL_Driver/Src/stm32f4xx_ll_usb.o
                0x0000000008002b56                USB_ReadDevInEPInterrupt
 .text.USB_GetMode
                0x0000000008002b7a        0x8 Drivers/STM32F4xx_HAL_Driver/Src/stm32f4xx_ll_usb.o
                0x0000000008002b7a                USB_GetMode
 .text.USB_ActivateSetup
                0x0000000008002b82       0x20 Drivers/STM32F4xx_HAL_Driver/Src/stm32f4xx_ll_usb.o
                0x0000000008002b82                USB_ActivateSetup
 *fill*         0x0000000008002ba2        0x2 
 .text.USB_EP0_OutStart
                0x0000000008002ba4       0x4c Drivers/STM32F4xx_HAL_Driver/Src/stm32f4xx_ll_usb.o
                0x0000000008002ba4                USB_EP0_OutStart
 .text.USBD_CDC_EP0_RxReady
                0x0000000008002bf0       0x2e Middlewares/ST/STM32_USB_Device_Library/Class/CDC/Src/usbd_cdc.o
 *fill*         0x0000000008002c1e        0x2 
 .text.USBD_CDC_GetFSCfgDesc
                0x0000000008002c20        0xc Middlewares/ST/STM32_USB_Device_Library/Class/CDC/Src/usbd_cdc.o
 .text.USBD_CDC_GetHSCfgDesc
                0x0000000008002c2c        0xc Middlewares/ST/STM32_USB_Device_Library/Class/CDC/Src/usbd_cdc.o
 .text.USBD_CDC_GetOtherSpeedCfgDesc
                0x0000000008002c38        0xc Middlewares/ST/STM32_USB_Device_Library/Class/CDC/Src/usbd_cdc.o
 .text.USBD_CDC_GetDeviceQualifierDescriptor
                0x0000000008002c44        0xc Middlewares/ST/STM32_USB_Device_Library/Class/CDC/Src/usbd_cdc.o
                0x0000000008002c44                USBD_CDC_GetDeviceQualifierDescriptor
 .text.USBD_CDC_DataOut
                0x0000000008002c50       0x2a Middlewares/ST/STM32_USB_Device_Library/Class/CDC/Src/usbd_cdc.o
 .text.USBD_CDC_DataIn
                0x0000000008002c7a       0x60 Middlewares/ST/STM32_USB_Device_Library/Class/CDC/Src/usbd_cdc.o
 *fill*         0x0000000008002cda        0x2 
 .text.USBD_CDC_Setup
                0x0000000008002cdc       0xf8 Middlewares/ST/STM32_USB_Device_Library/Class/CDC/Src/usbd_cdc.o
 .text.USBD_CDC_DeInit
                0x0000000008002dd4       0x42 Middlewares/ST/STM32_USB_Device_Library/Class/CDC/Src/usbd_cdc.o
 .text.USBD_CDC_Init
                0x0000000008002e16       0xa6 Middlewares/ST/STM32_USB_Device_Library/Class/CDC/Src/usbd_cdc.o
 .text.USBD_CDC_RegisterInterface
                0x0000000008002ebc        0xe Middlewares/ST/STM32_USB_Device_Library/Class/CDC/Src/usbd_cdc.o
                0x0000000008002ebc                USBD_CDC_RegisterInterface
 .text.USBD_CDC_SetTxBuffer
                0x0000000008002eca       0x16 Middlewares/ST/STM32_USB_Device_Library/Class/CDC/Src/usbd_cdc.o
                0x0000000008002eca                USBD_CDC_SetTxBuffer
 .text.USBD_CDC_SetRxBuffer
                0x0000000008002ee0       0x12 Middlewares/ST/STM32_USB_Device_Library/Class/CDC/Src/usbd_cdc.o
                0x0000000008002ee0                USBD_CDC_SetRxBuffer
 .text.USBD_CDC_TransmitPacket
                0x0000000008002ef2       0x30 Middlewares/ST/STM32_USB_Device_Library/Class/CDC/Src/usbd_cdc.o
                0x0000000008002ef2                USBD_CDC_TransmitPacket
 .text.USBD_CDC_ReceivePacket
                0x0000000008002f22       0x2e Middlewares/ST/STM32_USB_Device_Library/Class/CDC/Src/usbd_cdc.o
                0x0000000008002f22                USBD_CDC_ReceivePacket
 .text.USBD_Init
                0x0000000008002f50       0x26 Middlewares/ST/STM32_USB_Device_Library/Core/Src/usbd_core.o
                0x0000000008002f50                USBD_Init
 .text.USBD_RegisterClass
                0x0000000008002f76       0x2c Middlewares/ST/STM32_USB_Device_Library/Core/Src/usbd_core.o
                0x0000000008002f76                USBD_RegisterClass
 .text.USBD_Start
                0x0000000008002fa2        0x4 Middlewares/ST/STM32_USB_Device_Library/Core/Src/usbd_core.o
                0x0000000008002fa2                USBD_Start
 .text.USBD_SetClassConfig
                0x0000000008002fa6        0xe Middlewares/ST/STM32_USB_Device_Library/Core/Src/usbd_core.o
                0x0000000008002fa6                USBD_SetClassConfig
 .text.USBD_ClrClassConfig
                0x0000000008002fb4       0x10 Middlewares/ST/STM32_USB_Device_Library/Core/Src/usbd_core.o
                0x0000000008002fb4                USBD_ClrClassConfig
 .text.USBD_LL_SetupStage
                0x0000000008002fc4       0x60 Middlewares/ST/STM32_USB_Device_Library/Core/Src/usbd_core.o
                0x0000000008002fc4                USBD_LL_SetupStage
 .text.USBD_LL_DataOutStage
                0x0000000008003024       0x60 Middlewares/ST/STM32_USB_Device_Library/Core/Src/usbd_core.o
                0x0000000008003024                USBD_LL_DataOutStage
 .text.USBD_LL_DataInStage
                0x0000000008003084       0xa4 Middlewares/ST/STM32_USB_Device_Library/Core/Src/usbd_core.o
                0x0000000008003084                USBD_LL_DataInStage
 .text.USBD_LL_Reset
                0x0000000008003128       0x58 Middlewares/ST/STM32_USB_Device_Library/Core/Src/usbd_core.o
                0x0000000008003128                USBD_LL_Reset
 .text.USBD_LL_SetSpeed
                0x0000000008003180        0x6 Middlewares/ST/STM32_USB_Device_Library/Core/Src/usbd_core.o
                0x0000000008003180                USBD_LL_SetSpeed
 .text.USBD_LL_Suspend
                0x0000000008003186       0x14 Middlewares/ST/STM32_USB_Device_Library/Core/Src/usbd_core.o
                0x0000000008003186                USBD_LL_Suspend
 .text.USBD_LL_Resume
                0x000000000800319a       0x16 Middlewares/ST/STM32_USB_Device_Library/Core/Src/usbd_core.o
                0x000000000800319a                USBD_LL_Resume
 .text.USBD_LL_SOF
                0x00000000080031b0       0x22 Middlewares/ST/STM32_USB_Device_Library/Core/Src/usbd_core.o
                0x00000000080031b0                USBD_LL_SOF
 .text.USBD_LL_IsoINIncomplete
                0x00000000080031d2       0x22 Middlewares/ST/STM32_USB_Device_Library/Core/Src/usbd_core.o
                0x00000000080031d2                USBD_LL_IsoINIncomplete
 .text.USBD_LL_IsoOUTIncomplete
                0x00000000080031f4       0x22 Middlewares/ST/STM32_USB_Device_Library/Core/Src/usbd_core.o
                0x00000000080031f4                USBD_LL_IsoOUTIncomplete
 .text.USBD_LL_DevConnected
                0x0000000008003216        0x4 Middlewares/ST/STM32_USB_Device_Library/Core/Src/usbd_core.o
                0x0000000008003216                USBD_LL_DevConnected
 .text.USBD_LL_DevDisconnected
                0x000000000800321a       0x18 Middlewares/ST/STM32_USB_Device_Library/Core/Src/usbd_core.o
                0x000000000800321a                USBD_LL_DevDisconnected
 .text.USBD_CtlError.constprop.0
                0x0000000008003232       0x16 Middlewares/ST/STM32_USB_Device_Library/Core/Src/usbd_ctlreq.o
 .text.USBD_StdDevReq
                0x0000000008003248      0x284 Middlewares/ST/STM32_USB_Device_Library/Core/Src/usbd_ctlreq.o
                0x0000000008003248                USBD_StdDevReq
 .text.USBD_StdItfReq
                0x00000000080034cc       0x4c Middlewares/ST/STM32_USB_Device_Library/Core/Src/usbd_ctlreq.o
                0x00000000080034cc                USBD_StdItfReq
 .text.USBD_StdEPReq
                0x0000000008003518      0x11e Middlewares/ST/STM32_USB_Device_Library/Core/Src/usbd_ctlreq.o
                0x0000000008003518                USBD_StdEPReq
 .text.USBD_ParseSetupRequest
                0x0000000008003636       0x28 Middlewares/ST/STM32_USB_Device_Library/Core/Src/usbd_ctlreq.o
                0x0000000008003636                USBD_ParseSetupRequest
 .text.USBD_CtlError
                0x000000000800365e       0x16 Middlewares/ST/STM32_USB_Device_Library/Core/Src/usbd_ctlreq.o
                0x000000000800365e                USBD_CtlError
 .text.USBD_GetString
                0x0000000008003674       0x38 Middlewares/ST/STM32_USB_Device_Library/Core/Src/usbd_ctlreq.o
                0x0000000008003674                USBD_GetString
 .text.USBD_CtlSendData
                0x00000000080036ac       0x1a Middlewares/ST/STM32_USB_Device_Library/Core/Src/usbd_ioreq.o
                0x00000000080036ac                USBD_CtlSendData
 .text.USBD_CtlContinueSendData
                0x00000000080036c6       0x10 Middlewares/ST/STM32_USB_Device_Library/Core/Src/usbd_ioreq.o
                0x00000000080036c6                USBD_CtlContinueSendData
 .text.USBD_CtlPrepareRx
                0x00000000080036d6       0x1a Middlewares/ST/STM32_USB_Device_Library/Core/Src/usbd_ioreq.o
                0x00000000080036d6                USBD_CtlPrepareRx
 .text.USBD_CtlContinueRx
                0x00000000080036f0       0x10 Middlewares/ST/STM32_USB_Device_Library/Core/Src/usbd_ioreq.o
                0x00000000080036f0                USBD_CtlContinueRx
 .text.USBD_CtlSendStatus
                0x0000000008003700       0x16 Middlewares/ST/STM32_USB_Device_Library/Core/Src/usbd_ioreq.o
                0x0000000008003700                USBD_CtlSendStatus
 .text.USBD_CtlReceiveStatus
                0x0000000008003716       0x16 Middlewares/ST/STM32_USB_Device_Library/Core/Src/usbd_ioreq.o
                0x0000000008003716                USBD_CtlReceiveStatus
 .text.MX_USB_DEVICE_Init
                0x000000000800372c       0x50 USB_DEVICE/App/usb_device.o
                0x000000000800372c                MX_USB_DEVICE_Init
 .text.CDC_DeInit_FS
                0x000000000800377c        0x4 USB_DEVICE/App/usbd_cdc_if.o
 .text.CDC_Control_FS
                0x0000000008003780        0x4 USB_DEVICE/App/usbd_cdc_if.o
 .text.CDC_TransmitCplt_FS
                0x0000000008003784        0x4 USB_DEVICE/App/usbd_cdc_if.o
 .text.CDC_Receive_FS
                0x0000000008003788       0x50 USB_DEVICE/App/usbd_cdc_if.o
 .text.CDC_Init_FS
                0x00000000080037d8       0x28 USB_DEVICE/App/usbd_cdc_if.o
 .text.CDC_Transmit_FS
                0x0000000008003800       0x2c USB_DEVICE/App/usbd_cdc_if.o
                0x0000000008003800                CDC_Transmit_FS
 .text.USBD_FS_DeviceDescriptor
                0x000000000800382c        0xc USB_DEVICE/App/usbd_desc.o
                0x000000000800382c                USBD_FS_DeviceDescriptor
 .text.USBD_FS_LangIDStrDescriptor
                0x0000000008003838        0xc USB_DEVICE/App/usbd_desc.o
                0x0000000008003838                USBD_FS_LangIDStrDescriptor
 .text.IntToUnicode
                0x0000000008003844       0x2a USB_DEVICE/App/usbd_desc.o
 *fill*         0x000000000800386e        0x2 
 .text.USBD_FS_SerialStrDescriptor
                0x0000000008003870       0x40 USB_DEVICE/App/usbd_desc.o
                0x0000000008003870                USBD_FS_SerialStrDescriptor
 .text.USBD_FS_ManufacturerStrDescriptor
                0x00000000080038b0       0x1c USB_DEVICE/App/usbd_desc.o
                0x00000000080038b0                USBD_FS_ManufacturerStrDescriptor
 .text.USBD_FS_ProductStrDescriptor
                0x00000000080038cc       0x1c USB_DEVICE/App/usbd_desc.o
                0x00000000080038cc                USBD_FS_ProductStrDescriptor
 .text.USBD_FS_ConfigStrDescriptor
                0x00000000080038e8       0x1c USB_DEVICE/App/usbd_desc.o
                0x00000000080038e8                USBD_FS_ConfigStrDescriptor
 .text.USBD_FS_InterfaceStrDescriptor
                0x0000000008003904       0x1c USB_DEVICE/App/usbd_desc.o
                0x0000000008003904                USBD_FS_InterfaceStrDescriptor
 .text.HAL_PCD_MspInit
                0x0000000008003920       0x84 USB_DEVICE/Target/usbd_conf.o
                0x0000000008003920                HAL_PCD_MspInit
 .text.HAL_PCD_SetupStageCallback
                0x00000000080039a4        0xc USB_DEVICE/Target/usbd_conf.o
                0x00000000080039a4                HAL_PCD_SetupStageCallback
 .text.HAL_PCD_DataOutStageCallback
                0x00000000080039b0       0x12 USB_DEVICE/Target/usbd_conf.o
                0x00000000080039b0                HAL_PCD_DataOutStageCallback
 .text.HAL_PCD_DataInStageCallback
                0x00000000080039c2       0x10 USB_DEVICE/Target/usbd_conf.o
                0x00000000080039c2                HAL_PCD_DataInStageCallback
 .text.HAL_PCD_SOFCallback
                0x00000000080039d2        0x8 USB_DEVICE/Target/usbd_conf.o
                0x00000000080039d2                HAL_PCD_SOFCallback
 .text.HAL_PCD_ResetCallback
                0x00000000080039da       0x24 USB_DEVICE/Target/usbd_conf.o
                0x00000000080039da                HAL_PCD_ResetCallback
 *fill*         0x00000000080039fe        0x2 
 .text.HAL_PCD_SuspendCallback
                0x0000000008003a00       0x30 USB_DEVICE/Target/usbd_conf.o
                0x0000000008003a00                HAL_PCD_SuspendCallback
 .text.HAL_PCD_ResumeCallback
                0x0000000008003a30        0x8 USB_DEVICE/Target/usbd_conf.o
                0x0000000008003a30                HAL_PCD_ResumeCallback
 .text.HAL_PCD_ISOOUTIncompleteCallback
                0x0000000008003a38        0x8 USB_DEVICE/Target/usbd_conf.o
                0x0000000008003a38                HAL_PCD_ISOOUTIncompleteCallback
 .text.HAL_PCD_ISOINIncompleteCallback
                0x0000000008003a40        0x8 USB_DEVICE/Target/usbd_conf.o
                0x0000000008003a40                HAL_PCD_ISOINIncompleteCallback
 .text.HAL_PCD_ConnectCallback
                0x0000000008003a48        0x8 USB_DEVICE/Target/usbd_conf.o
                0x0000000008003a48                HAL_PCD_ConnectCallback
 .text.HAL_PCD_DisconnectCallback
                0x0000000008003a50        0x8 USB_DEVICE/Target/usbd_conf.o
                0x0000000008003a50                HAL_PCD_DisconnectCallback
 .text.USBD_LL_Init
                0x0000000008003a58       0x5c USB_DEVICE/Target/usbd_conf.o
                0x0000000008003a58                USBD_LL_Init
 .text.USBD_LL_Start
                0x0000000008003ab4       0x1c USB_DEVICE/Target/usbd_conf.o
                0x0000000008003ab4                USBD_LL_Start
 .text.USBD_LL_OpenEP
                0x0000000008003ad0       0x20 USB_DEVICE/Target/usbd_conf.o
                0x0000000008003ad0                USBD_LL_OpenEP
 .text.USBD_LL_CloseEP
                0x0000000008003af0       0x1c USB_DEVICE/Target/usbd_conf.o
                0x0000000008003af0                USBD_LL_CloseEP
 .text.USBD_LL_StallEP
                0x0000000008003b0c       0x1c USB_DEVICE/Target/usbd_conf.o
                0x0000000008003b0c                USBD_LL_StallEP
 .text.USBD_LL_ClearStallEP
                0x0000000008003b28       0x1c USB_DEVICE/Target/usbd_conf.o
                0x0000000008003b28                USBD_LL_ClearStallEP
 .text.USBD_LL_IsStallEP
                0x0000000008003b44       0x26 USB_DEVICE/Target/usbd_conf.o
                0x0000000008003b44                USBD_LL_IsStallEP
 *fill*         0x0000000008003b6a        0x2 
 .text.USBD_LL_SetUSBAddress
                0x0000000008003b6c       0x1c USB_DEVICE/Target/usbd_conf.o
                0x0000000008003b6c                USBD_LL_SetUSBAddress
 .text.USBD_LL_Transmit
                0x0000000008003b88       0x1c USB_DEVICE/Target/usbd_conf.o
                0x0000000008003b88                USBD_LL_Transmit
 .text.USBD_LL_PrepareReceive
                0x0000000008003ba4       0x1c USB_DEVICE/Target/usbd_conf.o
                0x0000000008003ba4                USBD_LL_PrepareReceive
 .text.USBD_LL_GetRxDataSize
                0x0000000008003bc0        0x8 USB_DEVICE/Target/usbd_conf.o
                0x0000000008003bc0                USBD_LL_GetRxDataSize
 .text.USBD_static_malloc
                0x0000000008003bc8        0x8 USB_DEVICE/Target/usbd_conf.o
                0x0000000008003bc8                USBD_static_malloc
 .text.USBD_static_free
                0x0000000008003bd0        0x2 USB_DEVICE/Target/usbd_conf.o
                0x0000000008003bd0                USBD_static_free
 *fill*         0x0000000008003bd2        0x2 
 .text.__libc_init_array
                0x0000000008003bd4       0x48 c:/st/stm32cubeide_1.5.0/stm32cubeide/plugins/com.st.stm32cube.ide.mcu.externaltools.gnu-tools-for-stm32.9-2020-q2-update.win32_1.5.0.202011040924/tools/bin/../lib/gcc/arm-none-eabi/9.3.1/../../../../arm-none-eabi/lib/thumb/v7e-m+fp/hard\libc_nano.a(lib_a-init.o)
                0x0000000008003bd4                __libc_init_array
 .text.memcpy   0x0000000008003c1c       0x1c c:/st/stm32cubeide_1.5.0/stm32cubeide/plugins/com.st.stm32cube.ide.mcu.externaltools.gnu-tools-for-stm32.9-2020-q2-update.win32_1.5.0.202011040924/tools/bin/../lib/gcc/arm-none-eabi/9.3.1/../../../../arm-none-eabi/lib/thumb/v7e-m+fp/hard\libc_nano.a(lib_a-memcpy-stub.o)
                0x0000000008003c1c                memcpy
 .text.memset   0x0000000008003c38       0x10 c:/st/stm32cubeide_1.5.0/stm32cubeide/plugins/com.st.stm32cube.ide.mcu.externaltools.gnu-tools-for-stm32.9-2020-q2-update.win32_1.5.0.202011040924/tools/bin/../lib/gcc/arm-none-eabi/9.3.1/../../../../arm-none-eabi/lib/thumb/v7e-m+fp/hard\libc_nano.a(lib_a-memset.o)
                0x0000000008003c38                memset
 *(.glue_7)
 .glue_7        0x0000000008003c48        0x0 linker stubs
 *(.glue_7t)
 .glue_7t       0x0000000008003c48        0x0 linker stubs
 *(.eh_frame)
 .eh_frame      0x0000000008003c48        0x0 c:/st/stm32cubeide_1.5.0/stm32cubeide/plugins/com.st.stm32cube.ide.mcu.externaltools.gnu-tools-for-stm32.9-2020-q2-update.win32_1.5.0.202011040924/tools/bin/../lib/gcc/arm-none-eabi/9.3.1/thumb/v7e-m+fp/hard/crtbegin.o
 *(.init)
 .init          0x0000000008003c48        0x4 c:/st/stm32cubeide_1.5.0/stm32cubeide/plugins/com.st.stm32cube.ide.mcu.externaltools.gnu-tools-for-stm32.9-2020-q2-update.win32_1.5.0.202011040924/tools/bin/../lib/gcc/arm-none-eabi/9.3.1/thumb/v7e-m+fp/hard/crti.o
                0x0000000008003c48                _init
 .init          0x0000000008003c4c        0x8 c:/st/stm32cubeide_1.5.0/stm32cubeide/plugins/com.st.stm32cube.ide.mcu.externaltools.gnu-tools-for-stm32.9-2020-q2-update.win32_1.5.0.202011040924/tools/bin/../lib/gcc/arm-none-eabi/9.3.1/thumb/v7e-m+fp/hard/crtn.o
 *(.fini)
 .fini          0x0000000008003c54        0x4 c:/st/stm32cubeide_1.5.0/stm32cubeide/plugins/com.st.stm32cube.ide.mcu.externaltools.gnu-tools-for-stm32.9-2020-q2-update.win32_1.5.0.202011040924/tools/bin/../lib/gcc/arm-none-eabi/9.3.1/thumb/v7e-m+fp/hard/crti.o
                0x0000000008003c54                _fini
 .fini          0x0000000008003c58        0x8 c:/st/stm32cubeide_1.5.0/stm32cubeide/plugins/com.st.stm32cube.ide.mcu.externaltools.gnu-tools-for-stm32.9-2020-q2-update.win32_1.5.0.202011040924/tools/bin/../lib/gcc/arm-none-eabi/9.3.1/thumb/v7e-m+fp/hard/crtn.o
                0x0000000008003c60                . = ALIGN (0x4)
                0x0000000008003c60                _etext = .

.vfp11_veneer   0x0000000008003c60        0x0
 .vfp11_veneer  0x0000000008003c60        0x0 linker stubs

.v4_bx          0x0000000008003c60        0x0
 .v4_bx         0x0000000008003c60        0x0 linker stubs

.iplt           0x0000000008003c60        0x0
 .iplt          0x0000000008003c60        0x0 c:/st/stm32cubeide_1.5.0/stm32cubeide/plugins/com.st.stm32cube.ide.mcu.externaltools.gnu-tools-for-stm32.9-2020-q2-update.win32_1.5.0.202011040924/tools/bin/../lib/gcc/arm-none-eabi/9.3.1/thumb/v7e-m+fp/hard/crtbegin.o

.rodata         0x0000000008003c60      0x138
                0x0000000008003c60                . = ALIGN (0x4)
 *(.rodata)
 *(.rodata*)
 .rodata.SendCANFramesToSerial.str1.1
                0x0000000008003c60       0xe2 Core/Src/main.o
 .rodata.AHBPrescTable
                0x0000000008003d42       0x10 Core/Src/system_stm32f4xx.o
                0x0000000008003d42                AHBPrescTable
 .rodata.USBD_FS_ManufacturerStrDescriptor.str1.1
                0x0000000008003d52       0x13 USB_DEVICE/App/usbd_desc.o
 .rodata.USBD_FS_ProductStrDescriptor.str1.1
                0x0000000008003d65       0x16 USB_DEVICE/App/usbd_desc.o
 .rodata.USBD_FS_ConfigStrDescriptor.str1.1
                0x0000000008003d7b        0xb USB_DEVICE/App/usbd_desc.o
 .rodata.USBD_FS_InterfaceStrDescriptor.str1.1
                0x0000000008003d86        0xe USB_DEVICE/App/usbd_desc.o
 .rodata.CSWTCH.23
                0x0000000008003d94        0x4 USB_DEVICE/Target/usbd_conf.o
                0x0000000008003d98                . = ALIGN (0x4)

.ARM.extab      0x0000000008003d98        0x0
                0x0000000008003d98                . = ALIGN (0x4)
 *(.ARM.extab* .gnu.linkonce.armextab.*)
                0x0000000008003d98                . = ALIGN (0x4)

.ARM            0x0000000008003d98        0x8
                0x0000000008003d98                . = ALIGN (0x4)
                0x0000000008003d98                __exidx_start = .
 *(.ARM.exidx*)
 .ARM.exidx     0x0000000008003d98        0x8 c:/st/stm32cubeide_1.5.0/stm32cubeide/plugins/com.st.stm32cube.ide.mcu.externaltools.gnu-tools-for-stm32.9-2020-q2-update.win32_1.5.0.202011040924/tools/bin/../lib/gcc/arm-none-eabi/9.3.1/thumb/v7e-m+fp/hard\libgcc.a(_udivmoddi4.o)
                0x0000000008003da0                __exidx_end = .
                0x0000000008003da0                . = ALIGN (0x4)

.rel.dyn        0x0000000008003da0        0x0
 .rel.iplt      0x0000000008003da0        0x0 c:/st/stm32cubeide_1.5.0/stm32cubeide/plugins/com.st.stm32cube.ide.mcu.externaltools.gnu-tools-for-stm32.9-2020-q2-update.win32_1.5.0.202011040924/tools/bin/../lib/gcc/arm-none-eabi/9.3.1/thumb/v7e-m+fp/hard/crtbegin.o

.preinit_array  0x0000000008003da0        0x0
                0x0000000008003da0                . = ALIGN (0x4)
                0x0000000008003da0                PROVIDE (__preinit_array_start = .)
 *(.preinit_array*)
                0x0000000008003da0                PROVIDE (__preinit_array_end = .)
                0x0000000008003da0                . = ALIGN (0x4)

.init_array     0x0000000008003da0        0x4
                0x0000000008003da0                . = ALIGN (0x4)
                0x0000000008003da0                PROVIDE (__init_array_start = .)
 *(SORT_BY_NAME(.init_array.*))
 *(.init_array*)
 .init_array    0x0000000008003da0        0x4 c:/st/stm32cubeide_1.5.0/stm32cubeide/plugins/com.st.stm32cube.ide.mcu.externaltools.gnu-tools-for-stm32.9-2020-q2-update.win32_1.5.0.202011040924/tools/bin/../lib/gcc/arm-none-eabi/9.3.1/thumb/v7e-m+fp/hard/crtbegin.o
                0x0000000008003da4                PROVIDE (__init_array_end = .)
                0x0000000008003da4                . = ALIGN (0x4)

.fini_array     0x0000000008003da4        0x4
                0x0000000008003da4                . = ALIGN (0x4)
                [!provide]                        PROVIDE (__fini_array_start = .)
 *(SORT_BY_NAME(.fini_array.*))
 *(.fini_array*)
 .fini_array    0x0000000008003da4        0x4 c:/st/stm32cubeide_1.5.0/stm32cubeide/plugins/com.st.stm32cube.ide.mcu.externaltools.gnu-tools-for-stm32.9-2020-q2-update.win32_1.5.0.202011040924/tools/bin/../lib/gcc/arm-none-eabi/9.3.1/thumb/v7e-m+fp/hard/crtbegin.o
                [!provide]                        PROVIDE (__fini_array_end = .)
                0x0000000008003da8                . = ALIGN (0x4)
                0x0000000008003da8                _sidata = LOADADDR (.data)

.data           0x0000000020000000      0x18c load address 0x0000000008003da8
                0x0000000020000000                . = ALIGN (0x4)
                0x0000000020000000                _sdata = .
 *(.data)
 *(.data*)
 .data.clt      0x0000000020000000        0x4 Core/Src/main.o
                0x0000000020000000                clt
 .data.kpa      0x0000000020000004        0x4 Core/Src/main.o
                0x0000000020000004                kpa
 .data.tps      0x0000000020000008        0x4 Core/Src/main.o
                0x0000000020000008                tps
 .data.SystemCoreClock
                0x000000002000000c        0x4 Core/Src/system_stm32f4xx.o
                0x000000002000000c                SystemCoreClock
 .data.uwTickFreq
                0x0000000020000010        0x1 Drivers/STM32F4xx_HAL_Driver/Src/stm32f4xx_hal.o
                0x0000000020000010                uwTickFreq
 *fill*         0x0000000020000011        0x3 
 .data.uwTickPrio
                0x0000000020000014        0x4 Drivers/STM32F4xx_HAL_Driver/Src/stm32f4xx_hal.o
                0x0000000020000014                uwTickPrio
 .data.USBD_CDC
                0x0000000020000018       0x38 Middlewares/ST/STM32_USB_Device_Library/Class/CDC/Src/usbd_cdc.o
                0x0000000020000018                USBD_CDC
 .data.USBD_CDC_CfgFSDesc
                0x0000000020000050       0x43 Middlewares/ST/STM32_USB_Device_Library/Class/CDC/Src/usbd_cdc.o
 *fill*         0x0000000020000093        0x1 
 .data.USBD_CDC_CfgHSDesc
                0x0000000020000094       0x43 Middlewares/ST/STM32_USB_Device_Library/Class/CDC/Src/usbd_cdc.o
 *fill*         0x00000000200000d7        0x1 
 .data.USBD_CDC_DeviceQualifierDesc
                0x00000000200000d8        0xa Middlewares/ST/STM32_USB_Device_Library/Class/CDC/Src/usbd_cdc.o
 *fill*         0x00000000200000e2        0x2 
 .data.USBD_CDC_OtherSpeedCfgDesc
                0x00000000200000e4       0x43 Middlewares/ST/STM32_USB_Device_Library/Class/CDC/Src/usbd_cdc.o
 *fill*         0x0000000020000127        0x1 
 .data.USBD_Interface_fops_FS
                0x0000000020000128       0x14 USB_DEVICE/App/usbd_cdc_if.o
                0x0000000020000128                USBD_Interface_fops_FS
 .data.FS_Desc  0x000000002000013c       0x1c USB_DEVICE/App/usbd_desc.o
                0x000000002000013c                FS_Desc
 .data.USBD_FS_DeviceDesc
                0x0000000020000158       0x12 USB_DEVICE/App/usbd_desc.o
                0x0000000020000158                USBD_FS_DeviceDesc
 *fill*         0x000000002000016a        0x2 
 .data.USBD_LangIDDesc
                0x000000002000016c        0x4 USB_DEVICE/App/usbd_desc.o
                0x000000002000016c                USBD_LangIDDesc
 .data.USBD_StringSerial
                0x0000000020000170       0x1a USB_DEVICE/App/usbd_desc.o
                0x0000000020000170                USBD_StringSerial
 *(.RamFunc)
 *(.RamFunc*)
                0x000000002000018c                . = ALIGN (0x4)
 *fill*         0x000000002000018a        0x2 
                0x000000002000018c                _edata = .

.igot.plt       0x000000002000018c        0x0 load address 0x0000000008003f34
 .igot.plt      0x000000002000018c        0x0 c:/st/stm32cubeide_1.5.0/stm32cubeide/plugins/com.st.stm32cube.ide.mcu.externaltools.gnu-tools-for-stm32.9-2020-q2-update.win32_1.5.0.202011040924/tools/bin/../lib/gcc/arm-none-eabi/9.3.1/thumb/v7e-m+fp/hard/crtbegin.o
                0x000000002000018c                . = ALIGN (0x4)

.bss            0x000000002000018c     0x13b8 load address 0x0000000008003f34
                0x000000002000018c                _sbss = .
                0x000000002000018c                __bss_start__ = _sbss
 *(.bss)
 .bss           0x000000002000018c       0x1c c:/st/stm32cubeide_1.5.0/stm32cubeide/plugins/com.st.stm32cube.ide.mcu.externaltools.gnu-tools-for-stm32.9-2020-q2-update.win32_1.5.0.202011040924/tools/bin/../lib/gcc/arm-none-eabi/9.3.1/thumb/v7e-m+fp/hard/crtbegin.o
 *(.bss*)
 .bss.analogPins
                0x00000000200001a8       0x1c Core/Src/main.o
                0x00000000200001a8                analogPins
 .bss.digitalPins
                0x00000000200001c4        0x4 Core/Src/main.o
                0x00000000200001c4                digitalPins
 .bss.incomingFrame
                0x00000000200001c8       0x11 Core/Src/main.o
                0x00000000200001c8                incomingFrame
 *fill*         0x00000000200001d9        0x3 
 .bss.incomingFramePos
                0x00000000200001dc        0x4 Core/Src/main.o
                0x00000000200001dc                incomingFramePos
 .bss.rpm       0x00000000200001e0        0x4 Core/Src/main.o
                0x00000000200001e0                rpm
 .bss.textCounter
                0x00000000200001e4        0x4 Core/Src/main.o
                0x00000000200001e4                textCounter
 .bss.cfgidx.10196
                0x00000000200001e8        0x1 Middlewares/ST/STM32_USB_Device_Library/Core/Src/usbd_ctlreq.o
 *fill*         0x00000000200001e9        0x3 
 .bss.mem.10265
                0x00000000200001ec      0x220 USB_DEVICE/Target/usbd_conf.o
 *(COMMON)
 COMMON         0x000000002000040c       0x8c Core/Src/main.o
                0x000000002000040c                lenght
                0x0000000020000410                hadc1
                0x0000000020000458                buffer_usb
 COMMON         0x0000000020000498        0x4 Drivers/STM32F4xx_HAL_Driver/Src/stm32f4xx_hal.o
                0x0000000020000498                uwTick
 COMMON         0x000000002000049c      0x2d0 USB_DEVICE/App/usb_device.o
                0x000000002000049c                hUsbDeviceFS
 COMMON         0x000000002000076c      0x7d0 USB_DEVICE/App/usbd_cdc_if.o
                0x000000002000076c                UserRxBufferFS
                0x0000000020000b54                UserTxBufferFS
 COMMON         0x0000000020000f3c      0x200 USB_DEVICE/App/usbd_desc.o
                0x0000000020000f3c                USBD_StrDesc
 COMMON         0x000000002000113c      0x408 USB_DEVICE/Target/usbd_conf.o
                0x000000002000113c                hpcd_USB_OTG_FS
                0x0000000020001544                . = ALIGN (0x4)
                0x0000000020001544                _ebss = .
                0x0000000020001544                __bss_end__ = _ebss

._user_heap_stack
                0x0000000020001544      0x604 load address 0x0000000008003f34
                0x0000000020001548                . = ALIGN (0x8)
 *fill*         0x0000000020001544        0x4 
                [!provide]                        PROVIDE (end = .)
                0x0000000020001548                PROVIDE (_end = .)
                0x0000000020001748                . = (. + _Min_Heap_Size)
 *fill*         0x0000000020001548      0x200 
                0x0000000020001b48                . = (. + _Min_Stack_Size)
 *fill*         0x0000000020001748      0x400 
                0x0000000020001b48                . = ALIGN (0x8)

/DISCARD/
 libc.a(*)
 libm.a(*)
 libgcc.a(*)

.ARM.attributes
                0x0000000000000000       0x30
 *(.ARM.attributes)
 .ARM.attributes
                0x0000000000000000       0x1e c:/st/stm32cubeide_1.5.0/stm32cubeide/plugins/com.st.stm32cube.ide.mcu.externaltools.gnu-tools-for-stm32.9-2020-q2-update.win32_1.5.0.202011040924/tools/bin/../lib/gcc/arm-none-eabi/9.3.1/thumb/v7e-m+fp/hard/crti.o
 .ARM.attributes
                0x000000000000001e       0x34 c:/st/stm32cubeide_1.5.0/stm32cubeide/plugins/com.st.stm32cube.ide.mcu.externaltools.gnu-tools-for-stm32.9-2020-q2-update.win32_1.5.0.202011040924/tools/bin/../lib/gcc/arm-none-eabi/9.3.1/thumb/v7e-m+fp/hard/crtbegin.o
 .ARM.attributes
                0x0000000000000052       0x34 Core/Src/main.o
 .ARM.attributes
                0x0000000000000086       0x34 Core/Src/stm32f4xx_hal_msp.o
 .ARM.attributes
                0x00000000000000ba       0x34 Core/Src/stm32f4xx_it.o
 .ARM.attributes
                0x00000000000000ee       0x34 Core/Src/system_stm32f4xx.o
 .ARM.attributes
                0x0000000000000122       0x21 Core/Startup/startup_stm32f401ccux.o
 .ARM.attributes
                0x0000000000000143       0x34 Drivers/STM32F4xx_HAL_Driver/Src/stm32f4xx_hal.o
 .ARM.attributes
                0x0000000000000177       0x34 Drivers/STM32F4xx_HAL_Driver/Src/stm32f4xx_hal_adc.o
 .ARM.attributes
                0x00000000000001ab       0x34 Drivers/STM32F4xx_HAL_Driver/Src/stm32f4xx_hal_cortex.o
 .ARM.attributes
                0x00000000000001df       0x34 Drivers/STM32F4xx_HAL_Driver/Src/stm32f4xx_hal_gpio.o
 .ARM.attributes
                0x0000000000000213       0x34 Drivers/STM32F4xx_HAL_Driver/Src/stm32f4xx_hal_pcd.o
 .ARM.attributes
                0x0000000000000247       0x34 Drivers/STM32F4xx_HAL_Driver/Src/stm32f4xx_hal_pcd_ex.o
 .ARM.attributes
                0x000000000000027b       0x34 Drivers/STM32F4xx_HAL_Driver/Src/stm32f4xx_hal_rcc.o
 .ARM.attributes
                0x00000000000002af       0x34 Drivers/STM32F4xx_HAL_Driver/Src/stm32f4xx_ll_usb.o
 .ARM.attributes
                0x00000000000002e3       0x34 Middlewares/ST/STM32_USB_Device_Library/Class/CDC/Src/usbd_cdc.o
 .ARM.attributes
                0x0000000000000317       0x34 Middlewares/ST/STM32_USB_Device_Library/Core/Src/usbd_core.o
 .ARM.attributes
                0x000000000000034b       0x34 Middlewares/ST/STM32_USB_Device_Library/Core/Src/usbd_ctlreq.o
 .ARM.attributes
                0x000000000000037f       0x34 Middlewares/ST/STM32_USB_Device_Library/Core/Src/usbd_ioreq.o
 .ARM.attributes
                0x00000000000003b3       0x34 USB_DEVICE/App/usb_device.o
 .ARM.attributes
                0x00000000000003e7       0x34 USB_DEVICE/App/usbd_cdc_if.o
 .ARM.attributes
                0x000000000000041b       0x34 USB_DEVICE/App/usbd_desc.o
 .ARM.attributes
                0x000000000000044f       0x34 USB_DEVICE/Target/usbd_conf.o
 .ARM.attributes
                0x0000000000000483       0x34 c:/st/stm32cubeide_1.5.0/stm32cubeide/plugins/com.st.stm32cube.ide.mcu.externaltools.gnu-tools-for-stm32.9-2020-q2-update.win32_1.5.0.202011040924/tools/bin/../lib/gcc/arm-none-eabi/9.3.1/../../../../arm-none-eabi/lib/thumb/v7e-m+fp/hard\libc_nano.a(lib_a-init.o)
 .ARM.attributes
                0x00000000000004b7       0x34 c:/st/stm32cubeide_1.5.0/stm32cubeide/plugins/com.st.stm32cube.ide.mcu.externaltools.gnu-tools-for-stm32.9-2020-q2-update.win32_1.5.0.202011040924/tools/bin/../lib/gcc/arm-none-eabi/9.3.1/../../../../arm-none-eabi/lib/thumb/v7e-m+fp/hard\libc_nano.a(lib_a-memcpy-stub.o)
 .ARM.attributes
                0x00000000000004eb       0x34 c:/st/stm32cubeide_1.5.0/stm32cubeide/plugins/com.st.stm32cube.ide.mcu.externaltools.gnu-tools-for-stm32.9-2020-q2-update.win32_1.5.0.202011040924/tools/bin/../lib/gcc/arm-none-eabi/9.3.1/../../../../arm-none-eabi/lib/thumb/v7e-m+fp/hard\libc_nano.a(lib_a-memset.o)
 .ARM.attributes
                0x000000000000051f       0x17 c:/st/stm32cubeide_1.5.0/stm32cubeide/plugins/com.st.stm32cube.ide.mcu.externaltools.gnu-tools-for-stm32.9-2020-q2-update.win32_1.5.0.202011040924/tools/bin/../lib/gcc/arm-none-eabi/9.3.1/../../../../arm-none-eabi/lib/thumb/v7e-m+fp/hard\libc_nano.a(lib_a-strlen.o)
 .ARM.attributes
                0x0000000000000536       0x1e c:/st/stm32cubeide_1.5.0/stm32cubeide/plugins/com.st.stm32cube.ide.mcu.externaltools.gnu-tools-for-stm32.9-2020-q2-update.win32_1.5.0.202011040924/tools/bin/../lib/gcc/arm-none-eabi/9.3.1/thumb/v7e-m+fp/hard\libgcc.a(_aeabi_uldivmod.o)
 .ARM.attributes
                0x0000000000000554       0x34 c:/st/stm32cubeide_1.5.0/stm32cubeide/plugins/com.st.stm32cube.ide.mcu.externaltools.gnu-tools-for-stm32.9-2020-q2-update.win32_1.5.0.202011040924/tools/bin/../lib/gcc/arm-none-eabi/9.3.1/thumb/v7e-m+fp/hard\libgcc.a(_udivmoddi4.o)
 .ARM.attributes
                0x0000000000000588       0x1e c:/st/stm32cubeide_1.5.0/stm32cubeide/plugins/com.st.stm32cube.ide.mcu.externaltools.gnu-tools-for-stm32.9-2020-q2-update.win32_1.5.0.202011040924/tools/bin/../lib/gcc/arm-none-eabi/9.3.1/thumb/v7e-m+fp/hard\libgcc.a(_dvmd_tls.o)
 .ARM.attributes
                0x00000000000005a6       0x1e c:/st/stm32cubeide_1.5.0/stm32cubeide/plugins/com.st.stm32cube.ide.mcu.externaltools.gnu-tools-for-stm32.9-2020-q2-update.win32_1.5.0.202011040924/tools/bin/../lib/gcc/arm-none-eabi/9.3.1/thumb/v7e-m+fp/hard/crtn.o
OUTPUT(F401_RealDash_deneme1.elf elf32-littlearm)
LOAD linker stubs
LOAD c:/st/stm32cubeide_1.5.0/stm32cubeide/plugins/com.st.stm32cube.ide.mcu.externaltools.gnu-tools-for-stm32.9-2020-q2-update.win32_1.5.0.202011040924/tools/bin/../lib/gcc/arm-none-eabi/9.3.1/../../../../arm-none-eabi/lib/thumb/v7e-m+fp/hard\libc.a
LOAD c:/st/stm32cubeide_1.5.0/stm32cubeide/plugins/com.st.stm32cube.ide.mcu.externaltools.gnu-tools-for-stm32.9-2020-q2-update.win32_1.5.0.202011040924/tools/bin/../lib/gcc/arm-none-eabi/9.3.1/../../../../arm-none-eabi/lib/thumb/v7e-m+fp/hard\libm.a
LOAD c:/st/stm32cubeide_1.5.0/stm32cubeide/plugins/com.st.stm32cube.ide.mcu.externaltools.gnu-tools-for-stm32.9-2020-q2-update.win32_1.5.0.202011040924/tools/bin/../lib/gcc/arm-none-eabi/9.3.1/thumb/v7e-m+fp/hard\libgcc.a

.comment        0x0000000000000000       0x53
 .comment       0x0000000000000000       0x53 Core/Src/main.o
                                         0x54 (size before relaxing)
 .comment       0x0000000000000053       0x54 Core/Src/stm32f4xx_hal_msp.o
 .comment       0x0000000000000053       0x54 Core/Src/stm32f4xx_it.o
 .comment       0x0000000000000053       0x54 Core/Src/system_stm32f4xx.o
 .comment       0x0000000000000053       0x54 Drivers/STM32F4xx_HAL_Driver/Src/stm32f4xx_hal.o
 .comment       0x0000000000000053       0x54 Drivers/STM32F4xx_HAL_Driver/Src/stm32f4xx_hal_adc.o
 .comment       0x0000000000000053       0x54 Drivers/STM32F4xx_HAL_Driver/Src/stm32f4xx_hal_cortex.o
 .comment       0x0000000000000053       0x54 Drivers/STM32F4xx_HAL_Driver/Src/stm32f4xx_hal_gpio.o
 .comment       0x0000000000000053       0x54 Drivers/STM32F4xx_HAL_Driver/Src/stm32f4xx_hal_pcd.o
 .comment       0x0000000000000053       0x54 Drivers/STM32F4xx_HAL_Driver/Src/stm32f4xx_hal_pcd_ex.o
 .comment       0x0000000000000053       0x54 Drivers/STM32F4xx_HAL_Driver/Src/stm32f4xx_hal_rcc.o
 .comment       0x0000000000000053       0x54 Drivers/STM32F4xx_HAL_Driver/Src/stm32f4xx_ll_usb.o
 .comment       0x0000000000000053       0x54 Middlewares/ST/STM32_USB_Device_Library/Class/CDC/Src/usbd_cdc.o
 .comment       0x0000000000000053       0x54 Middlewares/ST/STM32_USB_Device_Library/Core/Src/usbd_core.o
 .comment       0x0000000000000053       0x54 Middlewares/ST/STM32_USB_Device_Library/Core/Src/usbd_ctlreq.o
 .comment       0x0000000000000053       0x54 Middlewares/ST/STM32_USB_Device_Library/Core/Src/usbd_ioreq.o
 .comment       0x0000000000000053       0x54 USB_DEVICE/App/usb_device.o
 .comment       0x0000000000000053       0x54 USB_DEVICE/App/usbd_cdc_if.o
 .comment       0x0000000000000053       0x54 USB_DEVICE/App/usbd_desc.o
 .comment       0x0000000000000053       0x54 USB_DEVICE/Target/usbd_conf.o

.debug_frame    0x0000000000000000       0xd4
 .debug_frame   0x0000000000000000       0x2c c:/st/stm32cubeide_1.5.0/stm32cubeide/plugins/com.st.stm32cube.ide.mcu.externaltools.gnu-tools-for-stm32.9-2020-q2-update.win32_1.5.0.202011040924/tools/bin/../lib/gcc/arm-none-eabi/9.3.1/../../../../arm-none-eabi/lib/thumb/v7e-m+fp/hard\libc_nano.a(lib_a-init.o)
 .debug_frame   0x000000000000002c       0x28 c:/st/stm32cubeide_1.5.0/stm32cubeide/plugins/com.st.stm32cube.ide.mcu.externaltools.gnu-tools-for-stm32.9-2020-q2-update.win32_1.5.0.202011040924/tools/bin/../lib/gcc/arm-none-eabi/9.3.1/../../../../arm-none-eabi/lib/thumb/v7e-m+fp/hard\libc_nano.a(lib_a-memcpy-stub.o)
 .debug_frame   0x0000000000000054       0x20 c:/st/stm32cubeide_1.5.0/stm32cubeide/plugins/com.st.stm32cube.ide.mcu.externaltools.gnu-tools-for-stm32.9-2020-q2-update.win32_1.5.0.202011040924/tools/bin/../lib/gcc/arm-none-eabi/9.3.1/../../../../arm-none-eabi/lib/thumb/v7e-m+fp/hard\libc_nano.a(lib_a-memset.o)
 .debug_frame   0x0000000000000074       0x2c c:/st/stm32cubeide_1.5.0/stm32cubeide/plugins/com.st.stm32cube.ide.mcu.externaltools.gnu-tools-for-stm32.9-2020-q2-update.win32_1.5.0.202011040924/tools/bin/../lib/gcc/arm-none-eabi/9.3.1/thumb/v7e-m+fp/hard\libgcc.a(_aeabi_uldivmod.o)
 .debug_frame   0x00000000000000a0       0x34 c:/st/stm32cubeide_1.5.0/stm32cubeide/plugins/com.st.stm32cube.ide.mcu.externaltools.gnu-tools-for-stm32.9-2020-q2-update.win32_1.5.0.202011040924/tools/bin/../lib/gcc/arm-none-eabi/9.3.1/thumb/v7e-m+fp/hard\libgcc.a(_udivmoddi4.o)
