Archive member included to satisfy reference by file (symbol)

c:/stm32/cubeide/stm32cubeide/plugins/com.st.stm32cube.ide.mcu.externaltools.gnu-tools-for-stm32.9-2020-q2-update.win32_2.0.0.202105311346/tools/bin/../lib/gcc/arm-none-eabi/9.3.1/../../../../arm-none-eabi/lib/thumb/v7e-m+fp/hard\libc_nano.a(lib_a-exit.o)
                              c:/stm32/cubeide/stm32cubeide/plugins/com.st.stm32cube.ide.mcu.externaltools.gnu-tools-for-stm32.9-2020-q2-update.win32_2.0.0.202105311346/tools/bin/../lib/gcc/arm-none-eabi/9.3.1/../../../../arm-none-eabi/lib/thumb/v7e-m+fp/hard/crt0.o (exit)
c:/stm32/cubeide/stm32cubeide/plugins/com.st.stm32cube.ide.mcu.externaltools.gnu-tools-for-stm32.9-2020-q2-update.win32_2.0.0.202105311346/tools/bin/../lib/gcc/arm-none-eabi/9.3.1/../../../../arm-none-eabi/lib/thumb/v7e-m+fp/hard\libc_nano.a(lib_a-impure.o)
                              c:/stm32/cubeide/stm32cubeide/plugins/com.st.stm32cube.ide.mcu.externaltools.gnu-tools-for-stm32.9-2020-q2-update.win32_2.0.0.202105311346/tools/bin/../lib/gcc/arm-none-eabi/9.3.1/../../../../arm-none-eabi/lib/thumb/v7e-m+fp/hard\libc_nano.a(lib_a-exit.o) (_global_impure_ptr)
c:/stm32/cubeide/stm32cubeide/plugins/com.st.stm32cube.ide.mcu.externaltools.gnu-tools-for-stm32.9-2020-q2-update.win32_2.0.0.202105311346/tools/bin/../lib/gcc/arm-none-eabi/9.3.1/../../../../arm-none-eabi/lib/thumb/v7e-m+fp/hard\libc_nano.a(lib_a-init.o)
                              c:/stm32/cubeide/stm32cubeide/plugins/com.st.stm32cube.ide.mcu.externaltools.gnu-tools-for-stm32.9-2020-q2-update.win32_2.0.0.202105311346/tools/bin/../lib/gcc/arm-none-eabi/9.3.1/../../../../arm-none-eabi/lib/thumb/v7e-m+fp/hard/crt0.o (__libc_init_array)
c:/stm32/cubeide/stm32cubeide/plugins/com.st.stm32cube.ide.mcu.externaltools.gnu-tools-for-stm32.9-2020-q2-update.win32_2.0.0.202105311346/tools/bin/../lib/gcc/arm-none-eabi/9.3.1/../../../../arm-none-eabi/lib/thumb/v7e-m+fp/hard\libc_nano.a(lib_a-memcpy-stub.o)
                              ./USB_DEVICE/App/usbd_cdc_if.o (memcpy)
c:/stm32/cubeide/stm32cubeide/plugins/com.st.stm32cube.ide.mcu.externaltools.gnu-tools-for-stm32.9-2020-q2-update.win32_2.0.0.202105311346/tools/bin/../lib/gcc/arm-none-eabi/9.3.1/../../../../arm-none-eabi/lib/thumb/v7e-m+fp/hard\libc_nano.a(lib_a-memset.o)
                              c:/stm32/cubeide/stm32cubeide/plugins/com.st.stm32cube.ide.mcu.externaltools.gnu-tools-for-stm32.9-2020-q2-update.win32_2.0.0.202105311346/tools/bin/../lib/gcc/arm-none-eabi/9.3.1/../../../../arm-none-eabi/lib/thumb/v7e-m+fp/hard/crt0.o (memset)
c:/stm32/cubeide/stm32cubeide/plugins/com.st.stm32cube.ide.mcu.externaltools.gnu-tools-for-stm32.9-2020-q2-update.win32_2.0.0.202105311346/tools/bin/../lib/gcc/arm-none-eabi/9.3.1/../../../../arm-none-eabi/lib/thumb/v7e-m+fp/hard\libc_nano.a(lib_a-strlen.o)
                              ./Core/Src/main.o (strlen)
c:/stm32/cubeide/stm32cubeide/plugins/com.st.stm32cube.ide.mcu.externaltools.gnu-tools-for-stm32.9-2020-q2-update.win32_2.0.0.202105311346/tools/bin/../lib/gcc/arm-none-eabi/9.3.1/thumb/v7e-m+fp/hard\libgcc.a(_aeabi_uldivmod.o)
                              ./Drivers/STM32F4xx_HAL_Driver/Src/stm32f4xx_hal_rcc.o (__aeabi_uldivmod)
c:/stm32/cubeide/stm32cubeide/plugins/com.st.stm32cube.ide.mcu.externaltools.gnu-tools-for-stm32.9-2020-q2-update.win32_2.0.0.202105311346/tools/bin/../lib/gcc/arm-none-eabi/9.3.1/thumb/v7e-m+fp/hard\libgcc.a(_udivmoddi4.o)
                              c:/stm32/cubeide/stm32cubeide/plugins/com.st.stm32cube.ide.mcu.externaltools.gnu-tools-for-stm32.9-2020-q2-update.win32_2.0.0.202105311346/tools/bin/../lib/gcc/arm-none-eabi/9.3.1/thumb/v7e-m+fp/hard\libgcc.a(_aeabi_uldivmod.o) (__udivmoddi4)
c:/stm32/cubeide/stm32cubeide/plugins/com.st.stm32cube.ide.mcu.externaltools.gnu-tools-for-stm32.9-2020-q2-update.win32_2.0.0.202105311346/tools/bin/../lib/gcc/arm-none-eabi/9.3.1/thumb/v7e-m+fp/hard\libgcc.a(_dvmd_tls.o)
                              c:/stm32/cubeide/stm32cubeide/plugins/com.st.stm32cube.ide.mcu.externaltools.gnu-tools-for-stm32.9-2020-q2-update.win32_2.0.0.202105311346/tools/bin/../lib/gcc/arm-none-eabi/9.3.1/thumb/v7e-m+fp/hard\libgcc.a(_aeabi_uldivmod.o) (__aeabi_ldiv0)
c:/stm32/cubeide/stm32cubeide/plugins/com.st.stm32cube.ide.mcu.externaltools.gnu-tools-for-stm32.9-2020-q2-update.win32_2.0.0.202105311346/tools/bin/../lib/gcc/arm-none-eabi/9.3.1/../../../../arm-none-eabi/lib/thumb/v7e-m+fp/hard\libnosys.a(_exit.o)
                              c:/stm32/cubeide/stm32cubeide/plugins/com.st.stm32cube.ide.mcu.externaltools.gnu-tools-for-stm32.9-2020-q2-update.win32_2.0.0.202105311346/tools/bin/../lib/gcc/arm-none-eabi/9.3.1/../../../../arm-none-eabi/lib/thumb/v7e-m+fp/hard\libc_nano.a(lib_a-exit.o) (_exit)

Allocating common symbols
Common symbol       size              file

hUsbDeviceFS        0x2d0             ./USB_DEVICE/App/usb_device.o
hpcd_USB_OTG_FS     0x408             ./USB_DEVICE/Target/usbd_conf.o
[...]
Memory Configuration

Name             Origin             Length             Attributes
RAM              0x0000000020000000 0x0000000000010000 xrw
FLASH            0x0000000008000000 0x0000000000040000 xr
*default*        0x0000000000000000 0xffffffffffffffff

Linker script and memory map

LOAD c:/stm32/cubeide/stm32cubeide/plugins/com.st.stm32cube.ide.mcu.externaltools.gnu-tools-for-stm32.9-2020-q2-update.win32_2.0.0.202105311346/tools/bin/../lib/gcc/arm-none-eabi/9.3.1/thumb/v7e-m+fp/hard/crti.o
LOAD c:/stm32/cubeide/stm32cubeide/plugins/com.st.stm32cube.ide.mcu.externaltools.gnu-tools-for-stm32.9-2020-q2-update.win32_2.0.0.202105311346/tools/bin/../lib/gcc/arm-none-eabi/9.3.1/thumb/v7e-m+fp/hard/crtbegin.o
LOAD c:/stm32/cubeide/stm32cubeide/plugins/com.st.stm32cube.ide.mcu.externaltools.gnu-tools-for-stm32.9-2020-q2-update.win32_2.0.0.202105311346/tools/bin/../lib/gcc/arm-none-eabi/9.3.1/../../../../arm-none-eabi/lib/thumb/v7e-m+fp/hard/crt0.o
LOAD ./Core/Src/adc.o
LOAD ./Core/Src/gpio.o
LOAD ./Core/Src/main.o
LOAD ./Core/Src/stm32f4xx_hal_msp.o
LOAD ./Core/Src/stm32f4xx_it.o
LOAD ./Core/Src/system_stm32f4xx.o
LOAD ./Core/Startup/startup_stm32f401ccux.o
LOAD ./Drivers/STM32F4xx_HAL_Driver/Src/stm32f4xx_hal.o
LOAD ./Drivers/STM32F4xx_HAL_Driver/Src/stm32f4xx_hal_adc.o
LOAD ./Drivers/STM32F4xx_HAL_Driver/Src/stm32f4xx_hal_adc_ex.o
LOAD ./Drivers/STM32F4xx_HAL_Driver/Src/stm32f4xx_hal_cortex.o
LOAD ./Drivers/STM32F4xx_HAL_Driver/Src/stm32f4xx_hal_dma.o
LOAD ./Drivers/STM32F4xx_HAL_Driver/Src/stm32f4xx_hal_dma_ex.o
LOAD ./Drivers/STM32F4xx_HAL_Driver/Src/stm32f4xx_hal_exti.o
LOAD ./Drivers/STM32F4xx_HAL_Driver/Src/stm32f4xx_hal_flash.o
LOAD ./Drivers/STM32F4xx_HAL_Driver/Src/stm32f4xx_hal_flash_ex.o
LOAD ./Drivers/STM32F4xx_HAL_Driver/Src/stm32f4xx_hal_flash_ramfunc.o
LOAD ./Drivers/STM32F4xx_HAL_Driver/Src/stm32f4xx_hal_gpio.o
LOAD ./Drivers/STM32F4xx_HAL_Driver/Src/stm32f4xx_hal_pcd.o
LOAD ./Drivers/STM32F4xx_HAL_Driver/Src/stm32f4xx_hal_pcd_ex.o
LOAD ./Drivers/STM32F4xx_HAL_Driver/Src/stm32f4xx_hal_pwr.o
LOAD ./Drivers/STM32F4xx_HAL_Driver/Src/stm32f4xx_hal_pwr_ex.o
LOAD ./Drivers/STM32F4xx_HAL_Driver/Src/stm32f4xx_hal_rcc.o
LOAD ./Drivers/STM32F4xx_HAL_Driver/Src/stm32f4xx_hal_rcc_ex.o
LOAD ./Drivers/STM32F4xx_HAL_Driver/Src/stm32f4xx_hal_tim.o
LOAD ./Drivers/STM32F4xx_HAL_Driver/Src/stm32f4xx_hal_tim_ex.o
LOAD ./Drivers/STM32F4xx_HAL_Driver/Src/stm32f4xx_ll_adc.o
LOAD ./Drivers/STM32F4xx_HAL_Driver/Src/stm32f4xx_ll_usb.o
LOAD ./Middlewares/ST/STM32_USB_Device_Library/Class/CDC/Src/usbd_cdc.o
LOAD ./Middlewares/ST/STM32_USB_Device_Library/Core/Src/usbd_core.o
LOAD ./Middlewares/ST/STM32_USB_Device_Library/Core/Src/usbd_ctlreq.o
LOAD ./Middlewares/ST/STM32_USB_Device_Library/Core/Src/usbd_ioreq.o
LOAD ./USB_DEVICE/App/usb_device.o
LOAD ./USB_DEVICE/App/usbd_cdc_if.o
LOAD ./USB_DEVICE/App/usbd_desc.o
LOAD ./USB_DEVICE/Target/usbd_conf.o
START GROUP
LOAD c:/stm32/cubeide/stm32cubeide/plugins/com.st.stm32cube.ide.mcu.externaltools.gnu-tools-for-stm32.9-2020-q2-update.win32_2.0.0.202105311346/tools/bin/../lib/gcc/arm-none-eabi/9.3.1/../../../../arm-none-eabi/lib/thumb/v7e-m+fp/hard\libc_nano.a
LOAD c:/stm32/cubeide/stm32cubeide/plugins/com.st.stm32cube.ide.mcu.externaltools.gnu-tools-for-stm32.9-2020-q2-update.win32_2.0.0.202105311346/tools/bin/../lib/gcc/arm-none-eabi/9.3.1/../../../../arm-none-eabi/lib/thumb/v7e-m+fp/hard\libm.a
END GROUP
START GROUP
LOAD c:/stm32/cubeide/stm32cubeide/plugins/com.st.stm32cube.ide.mcu.externaltools.gnu-tools-for-stm32.9-2020-q2-update.win32_2.0.0.202105311346/tools/bin/../lib/gcc/arm-none-eabi/9.3.1/thumb/v7e-m+fp/hard\libgcc.a
LOAD c:/stm32/cubeide/stm32cubeide/plugins/com.st.stm32cube.ide.mcu.externaltools.gnu-tools-for-stm32.9-2020-q2-update.win32_2.0.0.202105311346/tools/bin/../lib/gcc/arm-none-eabi/9.3.1/../../../../arm-none-eabi/lib/thumb/v7e-m+fp/hard\libc_nano.a
END GROUP
START GROUP
LOAD c:/stm32/cubeide/stm32cubeide/plugins/com.st.stm32cube.ide.mcu.externaltools.gnu-tools-for-stm32.9-2020-q2-update.win32_2.0.0.202105311346/tools/bin/../lib/gcc/arm-none-eabi/9.3.1/thumb/v7e-m+fp/hard\libgcc.a
LOAD c:/stm32/cubeide/stm32cubeide/plugins/com.st.stm32cube.ide.mcu.externaltools.gnu-tools-for-stm32.9-2020-q2-update.win32_2.0.0.202105311346/tools/bin/../lib/gcc/arm-none-eabi/9.3.1/../../../../arm-none-eabi/lib/thumb/v7e-m+fp/hard\libc_nano.a
LOAD c:/stm32/cubeide/stm32cubeide/plugins/com.st.stm32cube.ide.mcu.externaltools.gnu-tools-for-stm32.9-2020-q2-update.win32_2.0.0.202105311346/tools/bin/../lib/gcc/arm-none-eabi/9.3.1/../../../../arm-none-eabi/lib/thumb/v7e-m+fp/hard\libnosys.a
END GROUP
START GROUP
LOAD c:/stm32/cubeide/stm32cubeide/plugins/com.st.stm32cube.ide.mcu.externaltools.gnu-tools-for-stm32.9-2020-q2-update.win32_2.0.0.202105311346/tools/bin/../lib/gcc/arm-none-eabi/9.3.1/thumb/v7e-m+fp/hard\libgcc.a
LOAD c:/stm32/cubeide/stm32cubeide/plugins/com.st.stm32cube.ide.mcu.externaltools.gnu-tools-for-stm32.9-2020-q2-update.win32_2.0.0.202105311346/tools/bin/../lib/gcc/arm-none-eabi/9.3.1/../../../../arm-none-eabi/lib/thumb/v7e-m+fp/hard\libc_nano.a
LOAD c:/stm32/cubeide/stm32cubeide/plugins/com.st.stm32cube.ide.mcu.externaltools.gnu-tools-for-stm32.9-2020-q2-update.win32_2.0.0.202105311346/tools/bin/../lib/gcc/arm-none-eabi/9.3.1/../../../../arm-none-eabi/lib/thumb/v7e-m+fp/hard\libnosys.a
END GROUP
LOAD c:/stm32/cubeide/stm32cubeide/plugins/com.st.stm32cube.ide.mcu.externaltools.gnu-tools-for-stm32.9-2020-q2-update.win32_2.0.0.202105311346/tools/bin/../lib/gcc/arm-none-eabi/9.3.1/thumb/v7e-m+fp/hard/crtend.o
LOAD c:/stm32/cubeide/stm32cubeide/plugins/com.st.stm32cube.ide.mcu.externaltools.gnu-tools-for-stm32.9-2020-q2-update.win32_2.0.0.202105311346/tools/bin/../lib/gcc/arm-none-eabi/9.3.1/thumb/v7e-m+fp/hard/crtn.o
                0x0000000020010000                _estack = (ORIGIN (RAM) + LENGTH (RAM))
                0x0000000000000200                _Min_Heap_Size = 0x200
                0x0000000000000400                _Min_Stack_Size = 0x400

.isr_vector     0x0000000008000000      0x194
                0x0000000008000000                . = ALIGN (0x4)
 *(.isr_vector)
 .isr_vector    0x0000000008000000      0x194 ./Core/Startup/startup_stm32f401ccux.o
                0x0000000008000000                g_pfnVectors
                0x0000000008000194                . = ALIGN (0x4)

.text           0x0000000008000194     0x75d0
                0x0000000008000194                . = ALIGN (0x4)
 *(.text)
 .text          0x0000000008000194       0x40 c:/stm32/cubeide/stm32cubeide/plugins/com.st.stm32cube.ide.mcu.externaltools.gnu-tools-for-stm32.9-2020-q2-update.win32_2.0.0.202105311346/tools/bin/../lib/gcc/arm-none-eabi/9.3.1/thumb/v7e-m+fp/hard/crtbegin.o
 .text          0x00000000080001d4       0x10 c:/stm32/cubeide/stm32cubeide/plugins/com.st.stm32cube.ide.mcu.externaltools.gnu-tools-for-stm32.9-2020-q2-update.win32_2.0.0.202105311346/tools/bin/../lib/gcc/arm-none-eabi/9.3.1/../../../../arm-none-eabi/lib/thumb/v7e-m+fp/hard\libc_nano.a(lib_a-strlen.o)
                0x00000000080001d4                strlen
 .text          0x00000000080001e4       0x30 c:/stm32/cubeide/stm32cubeide/plugins/com.st.stm32cube.ide.mcu.externaltools.gnu-tools-for-stm32.9-2020-q2-update.win32_2.0.0.202105311346/tools/bin/../lib/gcc/arm-none-eabi/9.3.1/thumb/v7e-m+fp/hard\libgcc.a(_aeabi_uldivmod.o)
                0x00000000080001e4                __aeabi_uldivmod
 .text          0x0000000008000214      0x2c4 c:/stm32/cubeide/stm32cubeide/plugins/com.st.stm32cube.ide.mcu.externaltools.gnu-tools-for-stm32.9-2020-q2-update.win32_2.0.0.202105311346/tools/bin/../lib/gcc/arm-none-eabi/9.3.1/thumb/v7e-m+fp/hard\libgcc.a(_udivmoddi4.o)
                0x0000000008000214                __udivmoddi4
 .text          0x00000000080004d8        0x4 c:/stm32/cubeide/stm32cubeide/plugins/com.st.stm32cube.ide.mcu.externaltools.gnu-tools-for-stm32.9-2020-q2-update.win32_2.0.0.202105311346/tools/bin/../lib/gcc/arm-none-eabi/9.3.1/thumb/v7e-m+fp/hard\libgcc.a(_dvmd_tls.o)
                0x00000000080004d8                __aeabi_idiv0
                0x00000000080004d8                __aeabi_ldiv0
 *(.text*)
 .text.MX_ADC1_Init
                0x00000000080004dc      0x130 ./Core/Src/adc.o
                0x00000000080004dc                MX_ADC1_Init
 .text.HAL_ADC_MspInit
                0x000000000800060c       0xc0 ./Core/Src/adc.o
                0x000000000800060c                HAL_ADC_MspInit
 .text.MX_GPIO_Init
                0x00000000080006cc      0x13c ./Core/Src/gpio.o
                0x00000000080006cc                MX_GPIO_Init
 .text.ReadDigitalStatuses
                0x0000000008000808      0x244 ./Core/Src/main.o
                0x0000000008000808                ReadDigitalStatuses
 .text.ReadAnalogStatuses
                0x0000000008000a4c       0x94 ./Core/Src/main.o
                0x0000000008000a4c                ReadAnalogStatuses
 .text.SendCANFramesToSerial
                0x0000000008000ae0      0x158 ./Core/Src/main.o
                0x0000000008000ae0                SendCANFramesToSerial
 .text.SendCANFrameToSerial
                0x0000000008000c38       0x54 ./Core/Src/main.o
                0x0000000008000c38                SendCANFrameToSerial
 .text.SendTextExtensionFrameToSerial
                0x0000000008000c8c       0x64 ./Core/Src/main.o
                0x0000000008000c8c                SendTextExtensionFrameToSerial
 .text.ReadIncomingSerialData
                0x0000000008000cf0       0x80 ./Core/Src/main.o
                0x0000000008000cf0                ReadIncomingSerialData
 .text.ProcessIncomingFrame
                0x0000000008000d70       0x82 ./Core/Src/main.o
                0x0000000008000d70                ProcessIncomingFrame
 *fill*         0x0000000008000df2        0x2 
 .text.HandleIncomingSetValueFrame
                0x0000000008000df4      0x1e8 ./Core/Src/main.o
                0x0000000008000df4                HandleIncomingSetValueFrame
 .text.main     0x0000000008000fdc       0xb4 ./Core/Src/main.o
                0x0000000008000fdc                main
 .text.SystemClock_Config
                0x0000000008001090       0xd8 ./Core/Src/main.o
                0x0000000008001090                SystemClock_Config
 .text.Error_Handler
                0x0000000008001168        0xa ./Core/Src/main.o
                0x0000000008001168                Error_Handler
 *fill*         0x0000000008001172        0x2 
 .text.HAL_MspInit
                0x0000000008001174       0x50 ./Core/Src/stm32f4xx_hal_msp.o
                0x0000000008001174                HAL_MspInit
 .text.NMI_Handler
                0x00000000080011c4        0x6 ./Core/Src/stm32f4xx_it.o
                0x00000000080011c4                NMI_Handler
 .text.HardFault_Handler
                0x00000000080011ca        0x6 ./Core/Src/stm32f4xx_it.o
                0x00000000080011ca                HardFault_Handler
 .text.MemManage_Handler
                0x00000000080011d0        0x6 ./Core/Src/stm32f4xx_it.o
                0x00000000080011d0                MemManage_Handler
 .text.BusFault_Handler
                0x00000000080011d6        0x6 ./Core/Src/stm32f4xx_it.o
                0x00000000080011d6                BusFault_Handler
 .text.UsageFault_Handler
                0x00000000080011dc        0x6 ./Core/Src/stm32f4xx_it.o
                0x00000000080011dc                UsageFault_Handler
 .text.SVC_Handler
                0x00000000080011e2        0xe ./Core/Src/stm32f4xx_it.o
                0x00000000080011e2                SVC_Handler
 .text.DebugMon_Handler
                0x00000000080011f0        0xe ./Core/Src/stm32f4xx_it.o
                0x00000000080011f0                DebugMon_Handler
 .text.PendSV_Handler
                0x00000000080011fe        0xe ./Core/Src/stm32f4xx_it.o
                0x00000000080011fe                PendSV_Handler
 .text.SysTick_Handler
                0x000000000800120c        0xc ./Core/Src/stm32f4xx_it.o
                0x000000000800120c                SysTick_Handler
 .text.OTG_FS_IRQHandler
                0x0000000008001218       0x14 ./Core/Src/stm32f4xx_it.o
                0x0000000008001218                OTG_FS_IRQHandler
 .text.SystemInit
                0x000000000800122c       0x24 ./Core/Src/system_stm32f4xx.o
                0x000000000800122c                SystemInit
 .text.Reset_Handler
                0x0000000008001250       0x50 ./Core/Startup/startup_stm32f401ccux.o
                0x0000000008001250                Reset_Handler
 .text.Default_Handler
                0x00000000080012a0        0x2 ./Core/Startup/startup_stm32f401ccux.o
                0x00000000080012a0                RTC_Alarm_IRQHandler
                0x00000000080012a0                EXTI2_IRQHandler
                0x00000000080012a0                SPI4_IRQHandler
                0x00000000080012a0                TIM1_CC_IRQHandler
                0x00000000080012a0                DMA2_Stream5_IRQHandler
                0x00000000080012a0                DMA1_Stream5_IRQHandler
                0x00000000080012a0                PVD_IRQHandler
                0x00000000080012a0                SDIO_IRQHandler
                0x00000000080012a0                TAMP_STAMP_IRQHandler
                0x00000000080012a0                EXTI3_IRQHandler
                0x00000000080012a0                TIM1_UP_TIM10_IRQHandler
                0x00000000080012a0                I2C3_ER_IRQHandler
                0x00000000080012a0                EXTI0_IRQHandler
                0x00000000080012a0                I2C2_EV_IRQHandler
                0x00000000080012a0                DMA1_Stream2_IRQHandler
                0x00000000080012a0                FPU_IRQHandler
                0x00000000080012a0                DMA2_Stream2_IRQHandler
                0x00000000080012a0                SPI1_IRQHandler
                0x00000000080012a0                TIM1_BRK_TIM9_IRQHandler
                0x00000000080012a0                DMA2_Stream3_IRQHandler
                0x00000000080012a0                USART6_IRQHandler
                0x00000000080012a0                DMA2_Stream0_IRQHandler
                0x00000000080012a0                TIM4_IRQHandler
                0x00000000080012a0                I2C1_EV_IRQHandler
                0x00000000080012a0                DMA1_Stream6_IRQHandler
                0x00000000080012a0                DMA1_Stream1_IRQHandler
                0x00000000080012a0                TIM3_IRQHandler
                0x00000000080012a0                RCC_IRQHandler
                0x00000000080012a0                Default_Handler
                0x00000000080012a0                EXTI15_10_IRQHandler
                0x00000000080012a0                ADC_IRQHandler
                0x00000000080012a0                DMA1_Stream7_IRQHandler
                0x00000000080012a0                TIM5_IRQHandler
                0x00000000080012a0                DMA2_Stream7_IRQHandler
                0x00000000080012a0                I2C3_EV_IRQHandler
                0x00000000080012a0                EXTI9_5_IRQHandler
                0x00000000080012a0                RTC_WKUP_IRQHandler
                0x00000000080012a0                SPI2_IRQHandler
                0x00000000080012a0                DMA1_Stream0_IRQHandler
                0x00000000080012a0                EXTI4_IRQHandler
                0x00000000080012a0                WWDG_IRQHandler
                0x00000000080012a0                TIM2_IRQHandler
                0x00000000080012a0                OTG_FS_WKUP_IRQHandler
                0x00000000080012a0                TIM1_TRG_COM_TIM11_IRQHandler
                0x00000000080012a0                EXTI1_IRQHandler
                0x00000000080012a0                USART2_IRQHandler
                0x00000000080012a0                I2C2_ER_IRQHandler
                0x00000000080012a0                DMA2_Stream1_IRQHandler
                0x00000000080012a0                FLASH_IRQHandler
                0x00000000080012a0                DMA2_Stream4_IRQHandler
                0x00000000080012a0                USART1_IRQHandler
                0x00000000080012a0                SPI3_IRQHandler
                0x00000000080012a0                DMA1_Stream4_IRQHandler
                0x00000000080012a0                I2C1_ER_IRQHandler
                0x00000000080012a0                DMA2_Stream6_IRQHandler
                0x00000000080012a0                DMA1_Stream3_IRQHandler
 *fill*         0x00000000080012a2        0x2 
 .text.HAL_Init
                0x00000000080012a4       0x44 ./Drivers/STM32F4xx_HAL_Driver/Src/stm32f4xx_hal.o
                0x00000000080012a4                HAL_Init
 .text.HAL_InitTick
                0x00000000080012e8       0x60 ./Drivers/STM32F4xx_HAL_Driver/Src/stm32f4xx_hal.o
                0x00000000080012e8                HAL_InitTick
 .text.HAL_IncTick
                0x0000000008001348       0x28 ./Drivers/STM32F4xx_HAL_Driver/Src/stm32f4xx_hal.o
                0x0000000008001348                HAL_IncTick
 .text.HAL_GetTick
                0x0000000008001370       0x18 ./Drivers/STM32F4xx_HAL_Driver/Src/stm32f4xx_hal.o
                0x0000000008001370                HAL_GetTick
 .text.HAL_Delay
                0x0000000008001388       0x48 ./Drivers/STM32F4xx_HAL_Driver/Src/stm32f4xx_hal.o
                0x0000000008001388                HAL_Delay
 .text.HAL_ADC_Init
                0x00000000080013d0       0x86 ./Drivers/STM32F4xx_HAL_Driver/Src/stm32f4xx_hal_adc.o
                0x00000000080013d0                HAL_ADC_Init
 *fill*         0x0000000008001456        0x2 
 .text.HAL_ADC_Start
                0x0000000008001458      0x168 ./Drivers/STM32F4xx_HAL_Driver/Src/stm32f4xx_hal_adc.o
                0x0000000008001458                HAL_ADC_Start
 .text.HAL_ADC_Stop
                0x00000000080015c0       0x66 ./Drivers/STM32F4xx_HAL_Driver/Src/stm32f4xx_hal_adc.o
                0x00000000080015c0                HAL_ADC_Stop
 .text.HAL_ADC_PollForConversion
                0x0000000008001626      0x116 ./Drivers/STM32F4xx_HAL_Driver/Src/stm32f4xx_hal_adc.o
                0x0000000008001626                HAL_ADC_PollForConversion
 .text.HAL_ADC_GetValue
                0x000000000800173c       0x1a ./Drivers/STM32F4xx_HAL_Driver/Src/stm32f4xx_hal_adc.o
                0x000000000800173c                HAL_ADC_GetValue
 *fill*         0x0000000008001756        0x2 
 .text.HAL_ADC_ConfigChannel
                0x0000000008001758      0x244 ./Drivers/STM32F4xx_HAL_Driver/Src/stm32f4xx_hal_adc.o
                0x0000000008001758                HAL_ADC_ConfigChannel
 .text.ADC_Init
                0x000000000800199c      0x1f8 ./Drivers/STM32F4xx_HAL_Driver/Src/stm32f4xx_hal_adc.o
 .text.__NVIC_SetPriorityGrouping
                0x0000000008001b94       0x48 ./Drivers/STM32F4xx_HAL_Driver/Src/stm32f4xx_hal_cortex.o
 .text.__NVIC_GetPriorityGrouping
                0x0000000008001bdc       0x1c ./Drivers/STM32F4xx_HAL_Driver/Src/stm32f4xx_hal_cortex.o
 .text.__NVIC_EnableIRQ
                0x0000000008001bf8       0x3c ./Drivers/STM32F4xx_HAL_Driver/Src/stm32f4xx_hal_cortex.o
 .text.__NVIC_SetPriority
                0x0000000008001c34       0x54 ./Drivers/STM32F4xx_HAL_Driver/Src/stm32f4xx_hal_cortex.o
 .text.NVIC_EncodePriority
                0x0000000008001c88       0x66 ./Drivers/STM32F4xx_HAL_Driver/Src/stm32f4xx_hal_cortex.o
 *fill*         0x0000000008001cee        0x2 
 .text.SysTick_Config
                0x0000000008001cf0       0x44 ./Drivers/STM32F4xx_HAL_Driver/Src/stm32f4xx_hal_cortex.o
 .text.HAL_NVIC_SetPriorityGrouping
                0x0000000008001d34       0x16 ./Drivers/STM32F4xx_HAL_Driver/Src/stm32f4xx_hal_cortex.o
                0x0000000008001d34                HAL_NVIC_SetPriorityGrouping
 .text.HAL_NVIC_SetPriority
                0x0000000008001d4a       0x38 ./Drivers/STM32F4xx_HAL_Driver/Src/stm32f4xx_hal_cortex.o
                0x0000000008001d4a                HAL_NVIC_SetPriority
 .text.HAL_NVIC_EnableIRQ
                0x0000000008001d82       0x1c ./Drivers/STM32F4xx_HAL_Driver/Src/stm32f4xx_hal_cortex.o
                0x0000000008001d82                HAL_NVIC_EnableIRQ
 .text.HAL_SYSTICK_Config
                0x0000000008001d9e       0x18 ./Drivers/STM32F4xx_HAL_Driver/Src/stm32f4xx_hal_cortex.o
                0x0000000008001d9e                HAL_SYSTICK_Config
 *fill*         0x0000000008001db6        0x2 
 .text.HAL_GPIO_Init
                0x0000000008001db8      0x308 ./Drivers/STM32F4xx_HAL_Driver/Src/stm32f4xx_hal_gpio.o
                0x0000000008001db8                HAL_GPIO_Init
 .text.HAL_GPIO_ReadPin
                0x00000000080020c0       0x30 ./Drivers/STM32F4xx_HAL_Driver/Src/stm32f4xx_hal_gpio.o
                0x00000000080020c0                HAL_GPIO_ReadPin
 .text.HAL_GPIO_WritePin
                0x00000000080020f0       0x32 ./Drivers/STM32F4xx_HAL_Driver/Src/stm32f4xx_hal_gpio.o
                0x00000000080020f0                HAL_GPIO_WritePin
 .text.HAL_PCD_Init
                0x0000000008002122      0x23a ./Drivers/STM32F4xx_HAL_Driver/Src/stm32f4xx_hal_pcd.o
                0x0000000008002122                HAL_PCD_Init
 .text.HAL_PCD_Start
                0x000000000800235c       0x66 ./Drivers/STM32F4xx_HAL_Driver/Src/stm32f4xx_hal_pcd.o
                0x000000000800235c                HAL_PCD_Start
 .text.HAL_PCD_IRQHandler
                0x00000000080023c2      0x764 ./Drivers/STM32F4xx_HAL_Driver/Src/stm32f4xx_hal_pcd.o
                0x00000000080023c2                HAL_PCD_IRQHandler
 .text.HAL_PCD_SetAddress
                0x0000000008002b26       0x4a ./Drivers/STM32F4xx_HAL_Driver/Src/stm32f4xx_hal_pcd.o
                0x0000000008002b26                HAL_PCD_SetAddress
 .text.HAL_PCD_EP_Open
                0x0000000008002b70       0xd0 ./Drivers/STM32F4xx_HAL_Driver/Src/stm32f4xx_hal_pcd.o
                0x0000000008002b70                HAL_PCD_EP_Open
 .text.HAL_PCD_EP_Close
                0x0000000008002c40       0x94 ./Drivers/STM32F4xx_HAL_Driver/Src/stm32f4xx_hal_pcd.o
                0x0000000008002c40                HAL_PCD_EP_Close
 .text.HAL_PCD_EP_Receive
                0x0000000008002cd4       0x96 ./Drivers/STM32F4xx_HAL_Driver/Src/stm32f4xx_hal_pcd.o
                0x0000000008002cd4                HAL_PCD_EP_Receive
 .text.HAL_PCD_EP_GetRxCount
                0x0000000008002d6a       0x30 ./Drivers/STM32F4xx_HAL_Driver/Src/stm32f4xx_hal_pcd.o
                0x0000000008002d6a                HAL_PCD_EP_GetRxCount
 .text.HAL_PCD_EP_Transmit
                0x0000000008002d9a       0x94 ./Drivers/STM32F4xx_HAL_Driver/Src/stm32f4xx_hal_pcd.o
                0x0000000008002d9a                HAL_PCD_EP_Transmit
 .text.HAL_PCD_EP_SetStall
                0x0000000008002e2e       0xc8 ./Drivers/STM32F4xx_HAL_Driver/Src/stm32f4xx_hal_pcd.o
                0x0000000008002e2e                HAL_PCD_EP_SetStall
 .text.HAL_PCD_EP_ClrStall
                0x0000000008002ef6       0xac ./Drivers/STM32F4xx_HAL_Driver/Src/stm32f4xx_hal_pcd.o
                0x0000000008002ef6                HAL_PCD_EP_ClrStall
 .text.PCD_WriteEmptyTxFifo
                0x0000000008002fa2      0x11a ./Drivers/STM32F4xx_HAL_Driver/Src/stm32f4xx_hal_pcd.o
 .text.PCD_EP_OutXfrComplete_int
                0x00000000080030bc      0x218 ./Drivers/STM32F4xx_HAL_Driver/Src/stm32f4xx_hal_pcd.o
 .text.PCD_EP_OutSetupPacket_int
                0x00000000080032d4       0x8c ./Drivers/STM32F4xx_HAL_Driver/Src/stm32f4xx_hal_pcd.o
 .text.HAL_PCDEx_SetTxFiFo
                0x0000000008003360       0x8e ./Drivers/STM32F4xx_HAL_Driver/Src/stm32f4xx_hal_pcd_ex.o
                0x0000000008003360                HAL_PCDEx_SetTxFiFo
 .text.HAL_PCDEx_SetRxFiFo
                0x00000000080033ee       0x22 ./Drivers/STM32F4xx_HAL_Driver/Src/stm32f4xx_hal_pcd_ex.o
                0x00000000080033ee                HAL_PCDEx_SetRxFiFo
 .text.HAL_PCDEx_LPM_Callback
                0x0000000008003410       0x18 ./Drivers/STM32F4xx_HAL_Driver/Src/stm32f4xx_hal_pcd_ex.o
                0x0000000008003410                HAL_PCDEx_LPM_Callback
 .text.HAL_RCC_OscConfig
                0x0000000008003428      0x4f0 ./Drivers/STM32F4xx_HAL_Driver/Src/stm32f4xx_hal_rcc.o
                0x0000000008003428                HAL_RCC_OscConfig
 .text.HAL_RCC_ClockConfig
                0x0000000008003918      0x1cc ./Drivers/STM32F4xx_HAL_Driver/Src/stm32f4xx_hal_rcc.o
                0x0000000008003918                HAL_RCC_ClockConfig
 .text.HAL_RCC_GetSysClockFreq
                0x0000000008003ae4      0x16c ./Drivers/STM32F4xx_HAL_Driver/Src/stm32f4xx_hal_rcc.o
                0x0000000008003ae4                HAL_RCC_GetSysClockFreq
 .text.HAL_RCC_GetHCLKFreq
                0x0000000008003c50       0x18 ./Drivers/STM32F4xx_HAL_Driver/Src/stm32f4xx_hal_rcc.o
                0x0000000008003c50                HAL_RCC_GetHCLKFreq
 .text.USB_CoreInit
                0x0000000008003c68       0xc2 ./Drivers/STM32F4xx_HAL_Driver/Src/stm32f4xx_ll_usb.o
                0x0000000008003c68                USB_CoreInit
 *fill*         0x0000000008003d2a        0x2 
 .text.USB_SetTurnaroundTime
                0x0000000008003d2c      0x144 ./Drivers/STM32F4xx_HAL_Driver/Src/stm32f4xx_ll_usb.o
                0x0000000008003d2c                USB_SetTurnaroundTime
 .text.USB_EnableGlobalInt
                0x0000000008003e70       0x22 ./Drivers/STM32F4xx_HAL_Driver/Src/stm32f4xx_ll_usb.o
                0x0000000008003e70                USB_EnableGlobalInt
 .text.USB_DisableGlobalInt
                0x0000000008003e92       0x22 ./Drivers/STM32F4xx_HAL_Driver/Src/stm32f4xx_ll_usb.o
                0x0000000008003e92                USB_DisableGlobalInt
 .text.USB_SetCurrentMode
                0x0000000008003eb4       0x98 ./Drivers/STM32F4xx_HAL_Driver/Src/stm32f4xx_ll_usb.o
                0x0000000008003eb4                USB_SetCurrentMode
 .text.USB_DevInit
                0x0000000008003f4c      0x2c8 ./Drivers/STM32F4xx_HAL_Driver/Src/stm32f4xx_ll_usb.o
                0x0000000008003f4c                USB_DevInit
 .text.USB_FlushTxFifo
                0x0000000008004214       0x48 ./Drivers/STM32F4xx_HAL_Driver/Src/stm32f4xx_ll_usb.o
                0x0000000008004214                USB_FlushTxFifo
 .text.USB_FlushRxFifo
                0x000000000800425c       0x40 ./Drivers/STM32F4xx_HAL_Driver/Src/stm32f4xx_ll_usb.o
                0x000000000800425c                USB_FlushRxFifo
 .text.USB_SetDevSpeed
                0x000000000800429c       0x32 ./Drivers/STM32F4xx_HAL_Driver/Src/stm32f4xx_ll_usb.o
                0x000000000800429c                USB_SetDevSpeed
 .text.USB_GetDevSpeed
                0x00000000080042ce       0x4a ./Drivers/STM32F4xx_HAL_Driver/Src/stm32f4xx_ll_usb.o
                0x00000000080042ce                USB_GetDevSpeed
 .text.USB_ActivateEndpoint
                0x0000000008004318      0x10e ./Drivers/STM32F4xx_HAL_Driver/Src/stm32f4xx_ll_usb.o
                0x0000000008004318                USB_ActivateEndpoint
 *fill*         0x0000000008004426        0x2 
 .text.USB_DeactivateEndpoint
                0x0000000008004428      0x1b8 ./Drivers/STM32F4xx_HAL_Driver/Src/stm32f4xx_ll_usb.o
                0x0000000008004428                USB_DeactivateEndpoint
 .text.USB_EPStartXfer
                0x00000000080045e0      0x488 ./Drivers/STM32F4xx_HAL_Driver/Src/stm32f4xx_ll_usb.o
                0x00000000080045e0                USB_EPStartXfer
 .text.USB_EP0StartXfer
                0x0000000008004a68      0x2a6 ./Drivers/STM32F4xx_HAL_Driver/Src/stm32f4xx_ll_usb.o
                0x0000000008004a68                USB_EP0StartXfer
 .text.USB_WritePacket
                0x0000000008004d0e       0x7c ./Drivers/STM32F4xx_HAL_Driver/Src/stm32f4xx_ll_usb.o
                0x0000000008004d0e                USB_WritePacket
 .text.USB_ReadPacket
                0x0000000008004d8a       0xb0 ./Drivers/STM32F4xx_HAL_Driver/Src/stm32f4xx_ll_usb.o
                0x0000000008004d8a                USB_ReadPacket
 .text.USB_EPSetStall
                0x0000000008004e3a       0xdc ./Drivers/STM32F4xx_HAL_Driver/Src/stm32f4xx_ll_usb.o
                0x0000000008004e3a                USB_EPSetStall
 .text.USB_EPClearStall
                0x0000000008004f16       0xcc ./Drivers/STM32F4xx_HAL_Driver/Src/stm32f4xx_ll_usb.o
                0x0000000008004f16                USB_EPClearStall
 .text.USB_SetDevAddress
                0x0000000008004fe2       0x4c ./Drivers/STM32F4xx_HAL_Driver/Src/stm32f4xx_ll_usb.o
                0x0000000008004fe2                USB_SetDevAddress
 .text.USB_DevConnect
                0x000000000800502e       0x42 ./Drivers/STM32F4xx_HAL_Driver/Src/stm32f4xx_ll_usb.o
                0x000000000800502e                USB_DevConnect
 .text.USB_DevDisconnect
                0x0000000008005070       0x42 ./Drivers/STM32F4xx_HAL_Driver/Src/stm32f4xx_ll_usb.o
                0x0000000008005070                USB_DevDisconnect
 .text.USB_ReadInterrupts
                0x00000000080050b2       0x26 ./Drivers/STM32F4xx_HAL_Driver/Src/stm32f4xx_ll_usb.o
                0x00000000080050b2                USB_ReadInterrupts
 .text.USB_ReadDevAllOutEpInterrupt
                0x00000000080050d8       0x34 ./Drivers/STM32F4xx_HAL_Driver/Src/stm32f4xx_ll_usb.o
                0x00000000080050d8                USB_ReadDevAllOutEpInterrupt
 .text.USB_ReadDevAllInEpInterrupt
                0x000000000800510c       0x34 ./Drivers/STM32F4xx_HAL_Driver/Src/stm32f4xx_ll_usb.o
                0x000000000800510c                USB_ReadDevAllInEpInterrupt
 .text.USB_ReadDevOutEPInterrupt
                0x0000000008005140       0x3c ./Drivers/STM32F4xx_HAL_Driver/Src/stm32f4xx_ll_usb.o
                0x0000000008005140                USB_ReadDevOutEPInterrupt
 .text.USB_ReadDevInEPInterrupt
                0x000000000800517c       0x5c ./Drivers/STM32F4xx_HAL_Driver/Src/stm32f4xx_ll_usb.o
                0x000000000800517c                USB_ReadDevInEPInterrupt
 .text.USB_GetMode
                0x00000000080051d8       0x1c ./Drivers/STM32F4xx_HAL_Driver/Src/stm32f4xx_ll_usb.o
                0x00000000080051d8                USB_GetMode
 .text.USB_ActivateSetup
                0x00000000080051f4       0x46 ./Drivers/STM32F4xx_HAL_Driver/Src/stm32f4xx_ll_usb.o
                0x00000000080051f4                USB_ActivateSetup
 *fill*         0x000000000800523a        0x2 
 .text.USB_EP0_OutStart
                0x000000000800523c       0xbc ./Drivers/STM32F4xx_HAL_Driver/Src/stm32f4xx_ll_usb.o
                0x000000000800523c                USB_EP0_OutStart
 .text.USB_CoreReset
                0x00000000080052f8       0x64 ./Drivers/STM32F4xx_HAL_Driver/Src/stm32f4xx_ll_usb.o
 .text.USBD_CDC_Init
                0x000000000800535c       0xfe ./Middlewares/ST/STM32_USB_Device_Library/Class/CDC/Src/usbd_cdc.o
 .text.USBD_CDC_DeInit
                0x000000000800545a       0x74 ./Middlewares/ST/STM32_USB_Device_Library/Class/CDC/Src/usbd_cdc.o
 *fill*         0x00000000080054ce        0x2 
 .text.USBD_CDC_Setup
                0x00000000080054d0      0x190 ./Middlewares/ST/STM32_USB_Device_Library/Class/CDC/Src/usbd_cdc.o
 .text.USBD_CDC_DataIn
                0x0000000008005660       0xca ./Middlewares/ST/STM32_USB_Device_Library/Class/CDC/Src/usbd_cdc.o
 .text.USBD_CDC_DataOut
                0x000000000800572a       0x56 ./Middlewares/ST/STM32_USB_Device_Library/Class/CDC/Src/usbd_cdc.o
 .text.USBD_CDC_EP0_RxReady
                0x0000000008005780       0x5a ./Middlewares/ST/STM32_USB_Device_Library/Class/CDC/Src/usbd_cdc.o
 *fill*         0x00000000080057da        0x2 
 .text.USBD_CDC_GetFSCfgDesc
                0x00000000080057dc       0x20 ./Middlewares/ST/STM32_USB_Device_Library/Class/CDC/Src/usbd_cdc.o
 .text.USBD_CDC_GetHSCfgDesc
                0x00000000080057fc       0x20 ./Middlewares/ST/STM32_USB_Device_Library/Class/CDC/Src/usbd_cdc.o
 .text.USBD_CDC_GetOtherSpeedCfgDesc
                0x000000000800581c       0x20 ./Middlewares/ST/STM32_USB_Device_Library/Class/CDC/Src/usbd_cdc.o
 .text.USBD_CDC_GetDeviceQualifierDescriptor
                0x000000000800583c       0x20 ./Middlewares/ST/STM32_USB_Device_Library/Class/CDC/Src/usbd_cdc.o
                0x000000000800583c                USBD_CDC_GetDeviceQualifierDescriptor
 .text.USBD_CDC_RegisterInterface
                0x000000000800585c       0x2a ./Middlewares/ST/STM32_USB_Device_Library/Class/CDC/Src/usbd_cdc.o
                0x000000000800585c                USBD_CDC_RegisterInterface
 .text.USBD_CDC_SetTxBuffer
                0x0000000008005886       0x3c ./Middlewares/ST/STM32_USB_Device_Library/Class/CDC/Src/usbd_cdc.o
                0x0000000008005886                USBD_CDC_SetTxBuffer
 .text.USBD_CDC_SetRxBuffer
                0x00000000080058c2       0x32 ./Middlewares/ST/STM32_USB_Device_Library/Class/CDC/Src/usbd_cdc.o
                0x00000000080058c2                USBD_CDC_SetRxBuffer
 .text.USBD_CDC_TransmitPacket
                0x00000000080058f4       0x60 ./Middlewares/ST/STM32_USB_Device_Library/Class/CDC/Src/usbd_cdc.o
                0x00000000080058f4                USBD_CDC_TransmitPacket
 .text.USBD_CDC_ReceivePacket
                0x0000000008005954       0x54 ./Middlewares/ST/STM32_USB_Device_Library/Class/CDC/Src/usbd_cdc.o
                0x0000000008005954                USBD_CDC_ReceivePacket
 .text.USBD_Init
                0x00000000080059a8       0x60 ./Middlewares/ST/STM32_USB_Device_Library/Core/Src/usbd_core.o
                0x00000000080059a8                USBD_Init
 .text.USBD_RegisterClass
                0x0000000008005a08       0x4e ./Middlewares/ST/STM32_USB_Device_Library/Core/Src/usbd_core.o
                0x0000000008005a08                USBD_RegisterClass
 .text.USBD_Start
                0x0000000008005a56       0x18 ./Middlewares/ST/STM32_USB_Device_Library/Core/Src/usbd_core.o
                0x0000000008005a56                USBD_Start
 .text.USBD_RunTestMode
                0x0000000008005a6e       0x16 ./Middlewares/ST/STM32_USB_Device_Library/Core/Src/usbd_core.o
                0x0000000008005a6e                USBD_RunTestMode
 .text.USBD_SetClassConfig
                0x0000000008005a84       0x38 ./Middlewares/ST/STM32_USB_Device_Library/Core/Src/usbd_core.o
                0x0000000008005a84                USBD_SetClassConfig
 .text.USBD_ClrClassConfig
                0x0000000008005abc       0x30 ./Middlewares/ST/STM32_USB_Device_Library/Core/Src/usbd_core.o
                0x0000000008005abc                USBD_ClrClassConfig
 .text.USBD_LL_SetupStage
                0x0000000008005aec       0xaa ./Middlewares/ST/STM32_USB_Device_Library/Core/Src/usbd_core.o
                0x0000000008005aec                USBD_LL_SetupStage
 .text.USBD_LL_DataOutStage
                0x0000000008005b96       0xc6 ./Middlewares/ST/STM32_USB_Device_Library/Core/Src/usbd_core.o
                0x0000000008005b96                USBD_LL_DataOutStage
 .text.USBD_LL_DataInStage
                0x0000000008005c5c      0x12c ./Middlewares/ST/STM32_USB_Device_Library/Core/Src/usbd_core.o
                0x0000000008005c5c                USBD_LL_DataInStage
 .text.USBD_LL_Reset
                0x0000000008005d88       0x9c ./Middlewares/ST/STM32_USB_Device_Library/Core/Src/usbd_core.o
                0x0000000008005d88                USBD_LL_Reset
 .text.USBD_LL_SetSpeed
                0x0000000008005e24       0x20 ./Middlewares/ST/STM32_USB_Device_Library/Core/Src/usbd_core.o
                0x0000000008005e24                USBD_LL_SetSpeed
 .text.USBD_LL_Suspend
                0x0000000008005e44       0x2c ./Middlewares/ST/STM32_USB_Device_Library/Core/Src/usbd_core.o
                0x0000000008005e44                USBD_LL_Suspend
 .text.USBD_LL_Resume
                0x0000000008005e70       0x30 ./Middlewares/ST/STM32_USB_Device_Library/Core/Src/usbd_core.o
                0x0000000008005e70                USBD_LL_Resume
 .text.USBD_LL_SOF
                0x0000000008005ea0       0x44 ./Middlewares/ST/STM32_USB_Device_Library/Core/Src/usbd_core.o
                0x0000000008005ea0                USBD_LL_SOF
 .text.USBD_LL_IsoINIncomplete
                0x0000000008005ee4       0x4c ./Middlewares/ST/STM32_USB_Device_Library/Core/Src/usbd_core.o
                0x0000000008005ee4                USBD_LL_IsoINIncomplete
 .text.USBD_LL_IsoOUTIncomplete
                0x0000000008005f30       0x4c ./Middlewares/ST/STM32_USB_Device_Library/Core/Src/usbd_core.o
                0x0000000008005f30                USBD_LL_IsoOUTIncomplete
 .text.USBD_LL_DevConnected
                0x0000000008005f7c       0x16 ./Middlewares/ST/STM32_USB_Device_Library/Core/Src/usbd_core.o
                0x0000000008005f7c                USBD_LL_DevConnected
 .text.USBD_LL_DevDisconnected
                0x0000000008005f92       0x38 ./Middlewares/ST/STM32_USB_Device_Library/Core/Src/usbd_core.o
                0x0000000008005f92                USBD_LL_DevDisconnected
 .text.SWAPBYTE
                0x0000000008005fca       0x3c ./Middlewares/ST/STM32_USB_Device_Library/Core/Src/usbd_ctlreq.o
 *fill*         0x0000000008006006        0x2 
 .text.USBD_StdDevReq
                0x0000000008006008       0xdc ./Middlewares/ST/STM32_USB_Device_Library/Core/Src/usbd_ctlreq.o
                0x0000000008006008                USBD_StdDevReq
 .text.USBD_StdItfReq
                0x00000000080060e4       0x92 ./Middlewares/ST/STM32_USB_Device_Library/Core/Src/usbd_ctlreq.o
                0x00000000080060e4                USBD_StdItfReq
 .text.USBD_StdEPReq
                0x0000000008006176      0x2c4 ./Middlewares/ST/STM32_USB_Device_Library/Core/Src/usbd_ctlreq.o
                0x0000000008006176                USBD_StdEPReq
 *fill*         0x000000000800643a        0x2 
 .text.USBD_GetDescriptor
                0x000000000800643c      0x2d4 ./Middlewares/ST/STM32_USB_Device_Library/Core/Src/usbd_ctlreq.o
 .text.USBD_SetAddress
                0x0000000008006710       0x88 ./Middlewares/ST/STM32_USB_Device_Library/Core/Src/usbd_ctlreq.o
 .text.USBD_SetConfig
                0x0000000008006798      0x14c ./Middlewares/ST/STM32_USB_Device_Library/Core/Src/usbd_ctlreq.o
 .text.USBD_GetConfig
                0x00000000080068e4       0x6c ./Middlewares/ST/STM32_USB_Device_Library/Core/Src/usbd_ctlreq.o
 .text.USBD_GetStatus
                0x0000000008006950       0x68 ./Middlewares/ST/STM32_USB_Device_Library/Core/Src/usbd_ctlreq.o
 .text.USBD_SetFeature
                0x00000000080069b8       0x28 ./Middlewares/ST/STM32_USB_Device_Library/Core/Src/usbd_ctlreq.o
 .text.USBD_ClrFeature
                0x00000000080069e0       0x44 ./Middlewares/ST/STM32_USB_Device_Library/Core/Src/usbd_ctlreq.o
 .text.USBD_ParseSetupRequest
                0x0000000008006a24       0x74 ./Middlewares/ST/STM32_USB_Device_Library/Core/Src/usbd_ctlreq.o
                0x0000000008006a24                USBD_ParseSetupRequest
 .text.USBD_CtlError
                0x0000000008006a98       0x22 ./Middlewares/ST/STM32_USB_Device_Library/Core/Src/usbd_ctlreq.o
                0x0000000008006a98                USBD_CtlError
 .text.USBD_GetString
                0x0000000008006aba       0x8c ./Middlewares/ST/STM32_USB_Device_Library/Core/Src/usbd_ctlreq.o
                0x0000000008006aba                USBD_GetString
 .text.USBD_GetLen
                0x0000000008006b46       0x34 ./Middlewares/ST/STM32_USB_Device_Library/Core/Src/usbd_ctlreq.o
 .text.USBD_CtlSendData
                0x0000000008006b7a       0x36 ./Middlewares/ST/STM32_USB_Device_Library/Core/Src/usbd_ioreq.o
                0x0000000008006b7a                USBD_CtlSendData
 .text.USBD_CtlContinueSendData
                0x0000000008006bb0       0x22 ./Middlewares/ST/STM32_USB_Device_Library/Core/Src/usbd_ioreq.o
                0x0000000008006bb0                USBD_CtlContinueSendData
 .text.USBD_CtlPrepareRx
                0x0000000008006bd2       0x3a ./Middlewares/ST/STM32_USB_Device_Library/Core/Src/usbd_ioreq.o
                0x0000000008006bd2                USBD_CtlPrepareRx
 .text.USBD_CtlContinueRx
                0x0000000008006c0c       0x22 ./Middlewares/ST/STM32_USB_Device_Library/Core/Src/usbd_ioreq.o
                0x0000000008006c0c                USBD_CtlContinueRx
 .text.USBD_CtlSendStatus
                0x0000000008006c2e       0x26 ./Middlewares/ST/STM32_USB_Device_Library/Core/Src/usbd_ioreq.o
                0x0000000008006c2e                USBD_CtlSendStatus
 .text.USBD_CtlReceiveStatus
                0x0000000008006c54       0x26 ./Middlewares/ST/STM32_USB_Device_Library/Core/Src/usbd_ioreq.o
                0x0000000008006c54                USBD_CtlReceiveStatus
 *fill*         0x0000000008006c7a        0x2 
 .text.MX_USB_DEVICE_Init
                0x0000000008006c7c       0x60 ./USB_DEVICE/App/usb_device.o
                0x0000000008006c7c                MX_USB_DEVICE_Init
 .text.CDC_Init_FS
                0x0000000008006cdc       0x28 ./USB_DEVICE/App/usbd_cdc_if.o
 .text.CDC_DeInit_FS
                0x0000000008006d04       0x10 ./USB_DEVICE/App/usbd_cdc_if.o
 .text.CDC_Control_FS
                0x0000000008006d14       0xbc ./USB_DEVICE/App/usbd_cdc_if.o
 .text.CDC_Receive_FS
                0x0000000008006dd0       0x64 ./USB_DEVICE/App/usbd_cdc_if.o
 .text.CDC_Transmit_FS
                0x0000000008006e34       0x4c ./USB_DEVICE/App/usbd_cdc_if.o
                0x0000000008006e34                CDC_Transmit_FS
 .text.CDC_TransmitCplt_FS
                0x0000000008006e80       0x22 ./USB_DEVICE/App/usbd_cdc_if.o
 *fill*         0x0000000008006ea2        0x2 
 .text.USBD_FS_DeviceDescriptor
                0x0000000008006ea4       0x24 ./USB_DEVICE/App/usbd_desc.o
                0x0000000008006ea4                USBD_FS_DeviceDescriptor
 .text.USBD_FS_LangIDStrDescriptor
                0x0000000008006ec8       0x24 ./USB_DEVICE/App/usbd_desc.o
                0x0000000008006ec8                USBD_FS_LangIDStrDescriptor
 .text.USBD_FS_ProductStrDescriptor
                0x0000000008006eec       0x3c ./USB_DEVICE/App/usbd_desc.o
                0x0000000008006eec                USBD_FS_ProductStrDescriptor
 .text.USBD_FS_ManufacturerStrDescriptor
                0x0000000008006f28       0x28 ./USB_DEVICE/App/usbd_desc.o
                0x0000000008006f28                USBD_FS_ManufacturerStrDescriptor
 .text.USBD_FS_SerialStrDescriptor
                0x0000000008006f50       0x24 ./USB_DEVICE/App/usbd_desc.o
                0x0000000008006f50                USBD_FS_SerialStrDescriptor
 .text.USBD_FS_ConfigStrDescriptor
                0x0000000008006f74       0x3c ./USB_DEVICE/App/usbd_desc.o
                0x0000000008006f74                USBD_FS_ConfigStrDescriptor
 .text.USBD_FS_InterfaceStrDescriptor
                0x0000000008006fb0       0x3c ./USB_DEVICE/App/usbd_desc.o
                0x0000000008006fb0                USBD_FS_InterfaceStrDescriptor
 .text.Get_SerialNum
                0x0000000008006fec       0x58 ./USB_DEVICE/App/usbd_desc.o
 .text.IntToUnicode
                0x0000000008007044       0x7e ./USB_DEVICE/App/usbd_desc.o
 *fill*         0x00000000080070c2        0x2 
 .text.HAL_PCD_MspInit
                0x00000000080070c4       0xa8 ./USB_DEVICE/Target/usbd_conf.o
                0x00000000080070c4                HAL_PCD_MspInit
 .text.HAL_PCD_SetupStageCallback
                0x000000000800716c       0x24 ./USB_DEVICE/Target/usbd_conf.o
                0x000000000800716c                HAL_PCD_SetupStageCallback
 .text.HAL_PCD_DataOutStageCallback
                0x0000000008007190       0x36 ./USB_DEVICE/Target/usbd_conf.o
                0x0000000008007190                HAL_PCD_DataOutStageCallback
 .text.HAL_PCD_DataInStageCallback
                0x00000000080071c6       0x34 ./USB_DEVICE/Target/usbd_conf.o
                0x00000000080071c6                HAL_PCD_DataInStageCallback
 .text.HAL_PCD_SOFCallback
                0x00000000080071fa       0x1c ./USB_DEVICE/Target/usbd_conf.o
                0x00000000080071fa                HAL_PCD_SOFCallback
 .text.HAL_PCD_ResetCallback
                0x0000000008007216       0x3c ./USB_DEVICE/Target/usbd_conf.o
                0x0000000008007216                HAL_PCD_ResetCallback
 *fill*         0x0000000008007252        0x2 
 .text.HAL_PCD_SuspendCallback
                0x0000000008007254       0x4c ./USB_DEVICE/Target/usbd_conf.o
                0x0000000008007254                HAL_PCD_SuspendCallback
 .text.HAL_PCD_ResumeCallback
                0x00000000080072a0       0x1c ./USB_DEVICE/Target/usbd_conf.o
                0x00000000080072a0                HAL_PCD_ResumeCallback
 .text.HAL_PCD_ISOOUTIncompleteCallback
                0x00000000080072bc       0x24 ./USB_DEVICE/Target/usbd_conf.o
                0x00000000080072bc                HAL_PCD_ISOOUTIncompleteCallback
 .text.HAL_PCD_ISOINIncompleteCallback
                0x00000000080072e0       0x24 ./USB_DEVICE/Target/usbd_conf.o
                0x00000000080072e0                HAL_PCD_ISOINIncompleteCallback
 .text.HAL_PCD_ConnectCallback
                0x0000000008007304       0x1c ./USB_DEVICE/Target/usbd_conf.o
                0x0000000008007304                HAL_PCD_ConnectCallback
 .text.HAL_PCD_DisconnectCallback
                0x0000000008007320       0x1c ./USB_DEVICE/Target/usbd_conf.o
                0x0000000008007320                HAL_PCD_DisconnectCallback
 .text.USBD_LL_Init
                0x000000000800733c       0x98 ./USB_DEVICE/Target/usbd_conf.o
                0x000000000800733c                USBD_LL_Init
 .text.USBD_LL_Start
                0x00000000080073d4       0x36 ./USB_DEVICE/Target/usbd_conf.o
                0x00000000080073d4                USBD_LL_Start
 .text.USBD_LL_OpenEP
                0x000000000800740a       0x4c ./USB_DEVICE/Target/usbd_conf.o
                0x000000000800740a                USBD_LL_OpenEP
 .text.USBD_LL_CloseEP
                0x0000000008007456       0x3e ./USB_DEVICE/Target/usbd_conf.o
                0x0000000008007456                USBD_LL_CloseEP
 .text.USBD_LL_StallEP
                0x0000000008007494       0x3e ./USB_DEVICE/Target/usbd_conf.o
                0x0000000008007494                USBD_LL_StallEP
 .text.USBD_LL_ClearStallEP
                0x00000000080074d2       0x3e ./USB_DEVICE/Target/usbd_conf.o
                0x00000000080074d2                USBD_LL_ClearStallEP
 .text.USBD_LL_IsStallEP
                0x0000000008007510       0x58 ./USB_DEVICE/Target/usbd_conf.o
                0x0000000008007510                USBD_LL_IsStallEP
 .text.USBD_LL_SetUSBAddress
                0x0000000008007568       0x3e ./USB_DEVICE/Target/usbd_conf.o
                0x0000000008007568                USBD_LL_SetUSBAddress
 .text.USBD_LL_Transmit
                0x00000000080075a6       0x42 ./USB_DEVICE/Target/usbd_conf.o
                0x00000000080075a6                USBD_LL_Transmit
 .text.USBD_LL_PrepareReceive
                0x00000000080075e8       0x42 ./USB_DEVICE/Target/usbd_conf.o
                0x00000000080075e8                USBD_LL_PrepareReceive
 .text.USBD_LL_GetRxDataSize
                0x000000000800762a       0x26 ./USB_DEVICE/Target/usbd_conf.o
                0x000000000800762a                USBD_LL_GetRxDataSize
 .text.USBD_static_malloc
                0x0000000008007650       0x1c ./USB_DEVICE/Target/usbd_conf.o
                0x0000000008007650                USBD_static_malloc
 .text.USBD_static_free
                0x000000000800766c       0x14 ./USB_DEVICE/Target/usbd_conf.o
                0x000000000800766c                USBD_static_free
 .text.USBD_Get_USB_Status
                0x0000000008007680       0x58 ./USB_DEVICE/Target/usbd_conf.o
                0x0000000008007680                USBD_Get_USB_Status
 .text.__libc_init_array
                0x00000000080076d8       0x48 c:/stm32/cubeide/stm32cubeide/plugins/com.st.stm32cube.ide.mcu.externaltools.gnu-tools-for-stm32.9-2020-q2-update.win32_2.0.0.202105311346/tools/bin/../lib/gcc/arm-none-eabi/9.3.1/../../../../arm-none-eabi/lib/thumb/v7e-m+fp/hard\libc_nano.a(lib_a-init.o)
                0x00000000080076d8                __libc_init_array
 .text.memcpy   0x0000000008007720       0x1c c:/stm32/cubeide/stm32cubeide/plugins/com.st.stm32cube.ide.mcu.externaltools.gnu-tools-for-stm32.9-2020-q2-update.win32_2.0.0.202105311346/tools/bin/../lib/gcc/arm-none-eabi/9.3.1/../../../../arm-none-eabi/lib/thumb/v7e-m+fp/hard\libc_nano.a(lib_a-memcpy-stub.o)
                0x0000000008007720                memcpy
 .text.memset   0x000000000800773c       0x10 c:/stm32/cubeide/stm32cubeide/plugins/com.st.stm32cube.ide.mcu.externaltools.gnu-tools-for-stm32.9-2020-q2-update.win32_2.0.0.202105311346/tools/bin/../lib/gcc/arm-none-eabi/9.3.1/../../../../arm-none-eabi/lib/thumb/v7e-m+fp/hard\libc_nano.a(lib_a-memset.o)
                0x000000000800773c                memset
 *(.glue_7)
 .glue_7        0x000000000800774c        0x0 linker stubs
 *(.glue_7t)
 .glue_7t       0x000000000800774c        0x0 linker stubs
 *(.eh_frame)
 .eh_frame      0x000000000800774c        0x0 c:/stm32/cubeide/stm32cubeide/plugins/com.st.stm32cube.ide.mcu.externaltools.gnu-tools-for-stm32.9-2020-q2-update.win32_2.0.0.202105311346/tools/bin/../lib/gcc/arm-none-eabi/9.3.1/thumb/v7e-m+fp/hard/crtbegin.o
 *(.init)
 .init          0x000000000800774c        0x4 c:/stm32/cubeide/stm32cubeide/plugins/com.st.stm32cube.ide.mcu.externaltools.gnu-tools-for-stm32.9-2020-q2-update.win32_2.0.0.202105311346/tools/bin/../lib/gcc/arm-none-eabi/9.3.1/thumb/v7e-m+fp/hard/crti.o
                0x000000000800774c                _init
 .init          0x0000000008007750        0x8 c:/stm32/cubeide/stm32cubeide/plugins/com.st.stm32cube.ide.mcu.externaltools.gnu-tools-for-stm32.9-2020-q2-update.win32_2.0.0.202105311346/tools/bin/../lib/gcc/arm-none-eabi/9.3.1/thumb/v7e-m+fp/hard/crtn.o
 *(.fini)
 .fini          0x0000000008007758        0x4 c:/stm32/cubeide/stm32cubeide/plugins/com.st.stm32cube.ide.mcu.externaltools.gnu-tools-for-stm32.9-2020-q2-update.win32_2.0.0.202105311346/tools/bin/../lib/gcc/arm-none-eabi/9.3.1/thumb/v7e-m+fp/hard/crti.o
                0x0000000008007758                _fini
 .fini          0x000000000800775c        0x8 c:/stm32/cubeide/stm32cubeide/plugins/com.st.stm32cube.ide.mcu.externaltools.gnu-tools-for-stm32.9-2020-q2-update.win32_2.0.0.202105311346/tools/bin/../lib/gcc/arm-none-eabi/9.3.1/thumb/v7e-m+fp/hard/crtn.o
                0x0000000008007764                . = ALIGN (0x4)
                0x0000000008007764                _etext = .

.vfp11_veneer   0x0000000008007764        0x0
 .vfp11_veneer  0x0000000008007764        0x0 linker stubs

.v4_bx          0x0000000008007764        0x0
 .v4_bx         0x0000000008007764        0x0 linker stubs

.iplt           0x0000000008007764        0x0
 .iplt          0x0000000008007764        0x0 c:/stm32/cubeide/stm32cubeide/plugins/com.st.stm32cube.ide.mcu.externaltools.gnu-tools-for-stm32.9-2020-q2-update.win32_2.0.0.202105311346/tools/bin/../lib/gcc/arm-none-eabi/9.3.1/thumb/v7e-m+fp/hard/crtbegin.o

.rodata         0x0000000008007764      0x140
                0x0000000008007764                . = ALIGN (0x4)
 *(.rodata)
 .rodata        0x0000000008007764       0xe6 ./Core/Src/main.o
 *fill*         0x000000000800784a        0x2 
 .rodata        0x000000000800784c       0x46 ./USB_DEVICE/App/usbd_desc.o
 *(.rodata*)
 *fill*         0x0000000008007892        0x2 
 .rodata.AHBPrescTable
                0x0000000008007894       0x10 ./Core/Src/system_stm32f4xx.o
                0x0000000008007894                AHBPrescTable
                0x00000000080078a4                . = ALIGN (0x4)

.ARM.extab      0x00000000080078a4        0x0
                0x00000000080078a4                . = ALIGN (0x4)
 *(.ARM.extab* .gnu.linkonce.armextab.*)
                0x00000000080078a4                . = ALIGN (0x4)

.ARM            0x00000000080078a4        0x8
                0x00000000080078a4                . = ALIGN (0x4)
                0x00000000080078a4                __exidx_start = .
 *(.ARM.exidx*)
 .ARM.exidx     0x00000000080078a4        0x8 c:/stm32/cubeide/stm32cubeide/plugins/com.st.stm32cube.ide.mcu.externaltools.gnu-tools-for-stm32.9-2020-q2-update.win32_2.0.0.202105311346/tools/bin/../lib/gcc/arm-none-eabi/9.3.1/thumb/v7e-m+fp/hard\libgcc.a(_udivmoddi4.o)
                0x00000000080078ac                __exidx_end = .
                0x00000000080078ac                . = ALIGN (0x4)

.rel.dyn        0x00000000080078ac        0x0
 .rel.iplt      0x00000000080078ac        0x0 c:/stm32/cubeide/stm32cubeide/plugins/com.st.stm32cube.ide.mcu.externaltools.gnu-tools-for-stm32.9-2020-q2-update.win32_2.0.0.202105311346/tools/bin/../lib/gcc/arm-none-eabi/9.3.1/thumb/v7e-m+fp/hard/crtbegin.o

.preinit_array  0x00000000080078ac        0x0
                0x00000000080078ac                . = ALIGN (0x4)
                0x00000000080078ac                PROVIDE (__preinit_array_start = .)
 *(.preinit_array*)
                0x00000000080078ac                PROVIDE (__preinit_array_end = .)
                0x00000000080078ac                . = ALIGN (0x4)

.init_array     0x00000000080078ac        0x4
                0x00000000080078ac                . = ALIGN (0x4)
                0x00000000080078ac                PROVIDE (__init_array_start = .)
 *(SORT_BY_NAME(.init_array.*))
 *(.init_array*)
 .init_array    0x00000000080078ac        0x4 c:/stm32/cubeide/stm32cubeide/plugins/com.st.stm32cube.ide.mcu.externaltools.gnu-tools-for-stm32.9-2020-q2-update.win32_2.0.0.202105311346/tools/bin/../lib/gcc/arm-none-eabi/9.3.1/thumb/v7e-m+fp/hard/crtbegin.o
                0x00000000080078b0                PROVIDE (__init_array_end = .)
                0x00000000080078b0                . = ALIGN (0x4)

.fini_array     0x00000000080078b0        0x4
                0x00000000080078b0                . = ALIGN (0x4)
                [!provide]                        PROVIDE (__fini_array_start = .)
 *(SORT_BY_NAME(.fini_array.*))
 *(.fini_array*)
 .fini_array    0x00000000080078b0        0x4 c:/stm32/cubeide/stm32cubeide/plugins/com.st.stm32cube.ide.mcu.externaltools.gnu-tools-for-stm32.9-2020-q2-update.win32_2.0.0.202105311346/tools/bin/../lib/gcc/arm-none-eabi/9.3.1/thumb/v7e-m+fp/hard/crtbegin.o
                [!provide]                        PROVIDE (__fini_array_end = .)
                0x00000000080078b4                . = ALIGN (0x4)
                0x00000000080078b4                _sidata = LOADADDR (.data)

.data           0x0000000020000000      0x190 load address 0x00000000080078b4
                0x0000000020000000                . = ALIGN (0x4)
                0x0000000020000000                _sdata = .
 *(.data)
 *(.data*)
 .data.rpm      0x0000000020000000        0x4 ./Core/Src/main.o
                0x0000000020000000                rpm
 .data.kpa      0x0000000020000004        0x4 ./Core/Src/main.o
                0x0000000020000004                kpa
 .data.tps      0x0000000020000008        0x4 ./Core/Src/main.o
                0x0000000020000008                tps
 .data.clt      0x000000002000000c        0x4 ./Core/Src/main.o
                0x000000002000000c                clt
 .data.SystemCoreClock
                0x0000000020000010        0x4 ./Core/Src/system_stm32f4xx.o
                0x0000000020000010                SystemCoreClock
 .data.uwTickPrio
                0x0000000020000014        0x4 ./Drivers/STM32F4xx_HAL_Driver/Src/stm32f4xx_hal.o
                0x0000000020000014                uwTickPrio
 .data.uwTickFreq
                0x0000000020000018        0x1 ./Drivers/STM32F4xx_HAL_Driver/Src/stm32f4xx_hal.o
                0x0000000020000018                uwTickFreq
 *fill*         0x0000000020000019        0x3 
 .data.USBD_CDC_DeviceQualifierDesc
                0x000000002000001c        0xa ./Middlewares/ST/STM32_USB_Device_Library/Class/CDC/Src/usbd_cdc.o
 *fill*         0x0000000020000026        0x2 
 .data.USBD_CDC
                0x0000000020000028       0x38 ./Middlewares/ST/STM32_USB_Device_Library/Class/CDC/Src/usbd_cdc.o
                0x0000000020000028                USBD_CDC
 .data.USBD_CDC_CfgHSDesc
                0x0000000020000060       0x43 ./Middlewares/ST/STM32_USB_Device_Library/Class/CDC/Src/usbd_cdc.o
 *fill*         0x00000000200000a3        0x1 
 .data.USBD_CDC_CfgFSDesc
                0x00000000200000a4       0x43 ./Middlewares/ST/STM32_USB_Device_Library/Class/CDC/Src/usbd_cdc.o
 *fill*         0x00000000200000e7        0x1 
 .data.USBD_CDC_OtherSpeedCfgDesc
                0x00000000200000e8       0x43 ./Middlewares/ST/STM32_USB_Device_Library/Class/CDC/Src/usbd_cdc.o
 *fill*         0x000000002000012b        0x1 
 .data.USBD_Interface_fops_FS
                0x000000002000012c       0x14 ./USB_DEVICE/App/usbd_cdc_if.o
                0x000000002000012c                USBD_Interface_fops_FS
 .data.FS_Desc  0x0000000020000140       0x1c ./USB_DEVICE/App/usbd_desc.o
                0x0000000020000140                FS_Desc
 .data.USBD_FS_DeviceDesc
                0x000000002000015c       0x12 ./USB_DEVICE/App/usbd_desc.o
                0x000000002000015c                USBD_FS_DeviceDesc
 *fill*         0x000000002000016e        0x2 
 .data.USBD_LangIDDesc
                0x0000000020000170        0x4 ./USB_DEVICE/App/usbd_desc.o
                0x0000000020000170                USBD_LangIDDesc
 .data.USBD_StringSerial
                0x0000000020000174       0x1a ./USB_DEVICE/App/usbd_desc.o
                0x0000000020000174                USBD_StringSerial
 *(.RamFunc)
 *(.RamFunc*)
                0x0000000020000190                . = ALIGN (0x4)
 *fill*         0x000000002000018e        0x2 
                0x0000000020000190                _edata = .

.igot.plt       0x0000000020000190        0x0 load address 0x0000000008007a44
 .igot.plt      0x0000000020000190        0x0 c:/stm32/cubeide/stm32cubeide/plugins/com.st.stm32cube.ide.mcu.externaltools.gnu-tools-for-stm32.9-2020-q2-update.win32_2.0.0.202105311346/tools/bin/../lib/gcc/arm-none-eabi/9.3.1/thumb/v7e-m+fp/hard/crtbegin.o
                0x0000000020000190                . = ALIGN (0x4)

.bss            0x0000000020000190     0x13ac load address 0x0000000008007a44
                0x0000000020000190                _sbss = .
                0x0000000020000190                __bss_start__ = _sbss
 *(.bss)
 .bss           0x0000000020000190       0x1c c:/stm32/cubeide/stm32cubeide/plugins/com.st.stm32cube.ide.mcu.externaltools.gnu-tools-for-stm32.9-2020-q2-update.win32_2.0.0.202105311346/tools/bin/../lib/gcc/arm-none-eabi/9.3.1/thumb/v7e-m+fp/hard/crtbegin.o
 *(.bss*)
 .bss.digitalPins
                0x00000000200001ac        0x4 ./Core/Src/main.o
                0x00000000200001ac                digitalPins
 .bss.analogPins
                0x00000000200001b0       0x1c ./Core/Src/main.o
                0x00000000200001b0                analogPins
 .bss.textCounter
                0x00000000200001cc        0x4 ./Core/Src/main.o
                0x00000000200001cc                textCounter
 .bss.incomingFrame
                0x00000000200001d0       0x11 ./Core/Src/main.o
                0x00000000200001d0                incomingFrame
 .bss.cfgidx.10211
                0x00000000200001e1        0x1 ./Middlewares/ST/STM32_USB_Device_Library/Core/Src/usbd_ctlreq.o
 *fill*         0x00000000200001e2        0x2 
 .bss.mem.10280
                0x00000000200001e4      0x220 ./USB_DEVICE/Target/usbd_conf.o
 *(COMMON)
 COMMON         0x0000000020000404       0x48 ./Core/Src/adc.o
                0x0000000020000404                hadc1
 COMMON         0x000000002000044c       0x44 ./Core/Src/main.o
                0x000000002000044c                lenght
                0x0000000020000450                buffer_usb
 COMMON         0x0000000020000490        0x4 ./Drivers/STM32F4xx_HAL_Driver/Src/stm32f4xx_hal.o
                0x0000000020000490                uwTick
 COMMON         0x0000000020000494      0x2d0 ./USB_DEVICE/App/usb_device.o
                0x0000000020000494                hUsbDeviceFS
 COMMON         0x0000000020000764      0x7d0 ./USB_DEVICE/App/usbd_cdc_if.o
                0x0000000020000764                UserRxBufferFS
                0x0000000020000b4c                UserTxBufferFS
 COMMON         0x0000000020000f34      0x200 ./USB_DEVICE/App/usbd_desc.o
                0x0000000020000f34                USBD_StrDesc
 COMMON         0x0000000020001134      0x408 ./USB_DEVICE/Target/usbd_conf.o
                0x0000000020001134                hpcd_USB_OTG_FS
                0x000000002000153c                . = ALIGN (0x4)
                0x000000002000153c                _ebss = .
                0x000000002000153c                __bss_end__ = _ebss

._user_heap_stack
                0x000000002000153c      0x604 load address 0x0000000008007a44
                0x0000000020001540                . = ALIGN (0x8)
 *fill*         0x000000002000153c        0x4 
                [!provide]                        PROVIDE (end = .)
                [!provide]                        PROVIDE (_end = .)
                0x0000000020001740                . = (. + _Min_Heap_Size)
 *fill*         0x0000000020001540      0x200 
                0x0000000020001b40                . = (. + _Min_Stack_Size)
 *fill*         0x0000000020001740      0x400 
                0x0000000020001b40                . = ALIGN (0x8)

/DISCARD/
 libc.a(*)
 libm.a(*)
 libgcc.a(*)

.ARM.attributes
                0x0000000000000000       0x30
 *(.ARM.attributes)
 .ARM.attributes
                0x0000000000000000       0x1e c:/stm32/cubeide/stm32cubeide/plugins/com.st.stm32cube.ide.mcu.externaltools.gnu-tools-for-stm32.9-2020-q2-update.win32_2.0.0.202105311346/tools/bin/../lib/gcc/arm-none-eabi/9.3.1/thumb/v7e-m+fp/hard/crti.o
 .ARM.attributes
                0x000000000000001e       0x34 c:/stm32/cubeide/stm32cubeide/plugins/com.st.stm32cube.ide.mcu.externaltools.gnu-tools-for-stm32.9-2020-q2-update.win32_2.0.0.202105311346/tools/bin/../lib/gcc/arm-none-eabi/9.3.1/thumb/v7e-m+fp/hard/crtbegin.o
 .ARM.attributes
                0x0000000000000052       0x34 ./Core/Src/adc.o
 .ARM.attributes
                0x0000000000000086       0x34 ./Core/Src/gpio.o
 .ARM.attributes
                0x00000000000000ba       0x34 ./Core/Src/main.o
 .ARM.attributes
                0x00000000000000ee       0x34 ./Core/Src/stm32f4xx_hal_msp.o
 .ARM.attributes
                0x0000000000000122       0x34 ./Core/Src/stm32f4xx_it.o
 .ARM.attributes
                0x0000000000000156       0x34 ./Core/Src/system_stm32f4xx.o
 .ARM.attributes
                0x000000000000018a       0x21 ./Core/Startup/startup_stm32f401ccux.o
 .ARM.attributes
                0x00000000000001ab       0x34 ./Drivers/STM32F4xx_HAL_Driver/Src/stm32f4xx_hal.o
 .ARM.attributes
                0x00000000000001df       0x34 ./Drivers/STM32F4xx_HAL_Driver/Src/stm32f4xx_hal_adc.o
 .ARM.attributes
                0x0000000000000213       0x34 ./Drivers/STM32F4xx_HAL_Driver/Src/stm32f4xx_hal_cortex.o
 .ARM.attributes
                0x0000000000000247       0x34 ./Drivers/STM32F4xx_HAL_Driver/Src/stm32f4xx_hal_gpio.o
 .ARM.attributes
                0x000000000000027b       0x34 ./Drivers/STM32F4xx_HAL_Driver/Src/stm32f4xx_hal_pcd.o
 .ARM.attributes
                0x00000000000002af       0x34 ./Drivers/STM32F4xx_HAL_Driver/Src/stm32f4xx_hal_pcd_ex.o
 .ARM.attributes
                0x00000000000002e3       0x34 ./Drivers/STM32F4xx_HAL_Driver/Src/stm32f4xx_hal_rcc.o
 .ARM.attributes
                0x0000000000000317       0x34 ./Drivers/STM32F4xx_HAL_Driver/Src/stm32f4xx_ll_usb.o
 .ARM.attributes
                0x000000000000034b       0x34 ./Middlewares/ST/STM32_USB_Device_Library/Class/CDC/Src/usbd_cdc.o
 .ARM.attributes
                0x000000000000037f       0x34 ./Middlewares/ST/STM32_USB_Device_Library/Core/Src/usbd_core.o
 .ARM.attributes
                0x00000000000003b3       0x34 ./Middlewares/ST/STM32_USB_Device_Library/Core/Src/usbd_ctlreq.o
 .ARM.attributes
                0x00000000000003e7       0x34 ./Middlewares/ST/STM32_USB_Device_Library/Core/Src/usbd_ioreq.o
 .ARM.attributes
                0x000000000000041b       0x34 ./USB_DEVICE/App/usb_device.o
 .ARM.attributes
                0x000000000000044f       0x34 ./USB_DEVICE/App/usbd_cdc_if.o
 .ARM.attributes
                0x0000000000000483       0x34 ./USB_DEVICE/App/usbd_desc.o
 .ARM.attributes
                0x00000000000004b7       0x34 ./USB_DEVICE/Target/usbd_conf.o
 .ARM.attributes
                0x00000000000004eb       0x34 c:/stm32/cubeide/stm32cubeide/plugins/com.st.stm32cube.ide.mcu.externaltools.gnu-tools-for-stm32.9-2020-q2-update.win32_2.0.0.202105311346/tools/bin/../lib/gcc/arm-none-eabi/9.3.1/../../../../arm-none-eabi/lib/thumb/v7e-m+fp/hard\libc_nano.a(lib_a-init.o)
 .ARM.attributes
                0x000000000000051f       0x34 c:/stm32/cubeide/stm32cubeide/plugins/com.st.stm32cube.ide.mcu.externaltools.gnu-tools-for-stm32.9-2020-q2-update.win32_2.0.0.202105311346/tools/bin/../lib/gcc/arm-none-eabi/9.3.1/../../../../arm-none-eabi/lib/thumb/v7e-m+fp/hard\libc_nano.a(lib_a-memcpy-stub.o)
 .ARM.attributes
                0x0000000000000553       0x34 c:/stm32/cubeide/stm32cubeide/plugins/com.st.stm32cube.ide.mcu.externaltools.gnu-tools-for-stm32.9-2020-q2-update.win32_2.0.0.202105311346/tools/bin/../lib/gcc/arm-none-eabi/9.3.1/../../../../arm-none-eabi/lib/thumb/v7e-m+fp/hard\libc_nano.a(lib_a-memset.o)
 .ARM.attributes
                0x0000000000000587       0x17 c:/stm32/cubeide/stm32cubeide/plugins/com.st.stm32cube.ide.mcu.externaltools.gnu-tools-for-stm32.9-2020-q2-update.win32_2.0.0.202105311346/tools/bin/../lib/gcc/arm-none-eabi/9.3.1/../../../../arm-none-eabi/lib/thumb/v7e-m+fp/hard\libc_nano.a(lib_a-strlen.o)
 .ARM.attributes
                0x000000000000059e       0x1e c:/stm32/cubeide/stm32cubeide/plugins/com.st.stm32cube.ide.mcu.externaltools.gnu-tools-for-stm32.9-2020-q2-update.win32_2.0.0.202105311346/tools/bin/../lib/gcc/arm-none-eabi/9.3.1/thumb/v7e-m+fp/hard\libgcc.a(_aeabi_uldivmod.o)
 .ARM.attributes
                0x00000000000005bc       0x34 c:/stm32/cubeide/stm32cubeide/plugins/com.st.stm32cube.ide.mcu.externaltools.gnu-tools-for-stm32.9-2020-q2-update.win32_2.0.0.202105311346/tools/bin/../lib/gcc/arm-none-eabi/9.3.1/thumb/v7e-m+fp/hard\libgcc.a(_udivmoddi4.o)
 .ARM.attributes
                0x00000000000005f0       0x1e c:/stm32/cubeide/stm32cubeide/plugins/com.st.stm32cube.ide.mcu.externaltools.gnu-tools-for-stm32.9-2020-q2-update.win32_2.0.0.202105311346/tools/bin/../lib/gcc/arm-none-eabi/9.3.1/thumb/v7e-m+fp/hard\libgcc.a(_dvmd_tls.o)
 .ARM.attributes
                0x000000000000060e       0x1e c:/stm32/cubeide/stm32cubeide/plugins/com.st.stm32cube.ide.mcu.externaltools.gnu-tools-for-stm32.9-2020-q2-update.win32_2.0.0.202105311346/tools/bin/../lib/gcc/arm-none-eabi/9.3.1/thumb/v7e-m+fp/hard/crtn.o
OUTPUT(F401_RealDash_deneme1.elf elf32-littlearm)
LOAD linker stubs
LOAD c:/stm32/cubeide/stm32cubeide/plugins/com.st.stm32cube.ide.mcu.externaltools.gnu-tools-for-stm32.9-2020-q2-update.win32_2.0.0.202105311346/tools/bin/../lib/gcc/arm-none-eabi/9.3.1/../../../../arm-none-eabi/lib/thumb/v7e-m+fp/hard\libc.a
LOAD c:/stm32/cubeide/stm32cubeide/plugins/com.st.stm32cube.ide.mcu.externaltools.gnu-tools-for-stm32.9-2020-q2-update.win32_2.0.0.202105311346/tools/bin/../lib/gcc/arm-none-eabi/9.3.1/../../../../arm-none-eabi/lib/thumb/v7e-m+fp/hard\libm.a
LOAD c:/stm32/cubeide/stm32cubeide/plugins/com.st.stm32cube.ide.mcu.externaltools.gnu-tools-for-stm32.9-2020-q2-update.win32_2.0.0.202105311346/tools/bin/../lib/gcc/arm-none-eabi/9.3.1/thumb/v7e-m+fp/hard\libgcc.a

.debug_info     0x0000000000000000    0x14d57
 .debug_info    0x0000000000000000      0xacf ./Core/Src/adc.o
 .debug_info    0x0000000000000acf      0x53e ./Core/Src/gpio.o
 .debug_info    0x000000000000100d     0x1c60 ./Core/Src/main.o
 .debug_info    0x0000000000002c6d      0x3c0 ./Core/Src/stm32f4xx_hal_msp.o
 .debug_info    0x000000000000302d      0x6db ./Core/Src/stm32f4xx_it.o
 .debug_info    0x0000000000003708      0x5d0 ./Core/Src/system_stm32f4xx.o
 .debug_info    0x0000000000003cd8       0x22 ./Core/Startup/startup_stm32f401ccux.o
 .debug_info    0x0000000000003cfa      0x93d ./Drivers/STM32F4xx_HAL_Driver/Src/stm32f4xx_hal.o
 .debug_info    0x0000000000004637      0xdb4 ./Drivers/STM32F4xx_HAL_Driver/Src/stm32f4xx_hal_adc.o
 .debug_info    0x00000000000053eb      0xe41 ./Drivers/STM32F4xx_HAL_Driver/Src/stm32f4xx_hal_cortex.o
 .debug_info    0x000000000000622c      0x862 ./Drivers/STM32F4xx_HAL_Driver/Src/stm32f4xx_hal_gpio.o
 .debug_info    0x0000000000006a8e     0x12d5 ./Drivers/STM32F4xx_HAL_Driver/Src/stm32f4xx_hal_pcd.o
 .debug_info    0x0000000000007d63      0x7c3 ./Drivers/STM32F4xx_HAL_Driver/Src/stm32f4xx_hal_pcd_ex.o
 .debug_info    0x0000000000008526      0x9bd ./Drivers/STM32F4xx_HAL_Driver/Src/stm32f4xx_hal_rcc.o
 .debug_info    0x0000000000008ee3     0x1ab4 ./Drivers/STM32F4xx_HAL_Driver/Src/stm32f4xx_ll_usb.o
 .debug_info    0x000000000000a997     0x198b ./Middlewares/ST/STM32_USB_Device_Library/Class/CDC/Src/usbd_cdc.o
 .debug_info    0x000000000000c322     0x13a7 ./Middlewares/ST/STM32_USB_Device_Library/Core/Src/usbd_core.o
 .debug_info    0x000000000000d6c9     0x1373 ./Middlewares/ST/STM32_USB_Device_Library/Core/Src/usbd_ctlreq.o
 .debug_info    0x000000000000ea3c     0x1095 ./Middlewares/ST/STM32_USB_Device_Library/Core/Src/usbd_ioreq.o
 .debug_info    0x000000000000fad1      0xffe ./USB_DEVICE/App/usb_device.o
 .debug_info    0x0000000000010acf     0x1257 ./USB_DEVICE/App/usbd_cdc_if.o
 .debug_info    0x0000000000011d26      0xdfa ./USB_DEVICE/App/usbd_desc.o
 .debug_info    0x0000000000012b20     0x2237 ./USB_DEVICE/Target/usbd_conf.o

.debug_abbrev   0x0000000000000000     0x3313
 .debug_abbrev  0x0000000000000000      0x1bb ./Core/Src/adc.o
 .debug_abbrev  0x00000000000001bb      0x14e ./Core/Src/gpio.o
 .debug_abbrev  0x0000000000000309      0x362 ./Core/Src/main.o
 .debug_abbrev  0x000000000000066b      0x11d ./Core/Src/stm32f4xx_hal_msp.o
 .debug_abbrev  0x0000000000000788      0x184 ./Core/Src/stm32f4xx_it.o
 .debug_abbrev  0x000000000000090c      0x145 ./Core/Src/system_stm32f4xx.o
 .debug_abbrev  0x0000000000000a51       0x12 ./Core/Startup/startup_stm32f401ccux.o
 .debug_abbrev  0x0000000000000a63      0x21e ./Drivers/STM32F4xx_HAL_Driver/Src/stm32f4xx_hal.o
 .debug_abbrev  0x0000000000000c81      0x1ef ./Drivers/STM32F4xx_HAL_Driver/Src/stm32f4xx_hal_adc.o
 .debug_abbrev  0x0000000000000e70      0x33c ./Drivers/STM32F4xx_HAL_Driver/Src/stm32f4xx_hal_cortex.o
 .debug_abbrev  0x00000000000011ac      0x1f1 ./Drivers/STM32F4xx_HAL_Driver/Src/stm32f4xx_hal_gpio.o
 .debug_abbrev  0x000000000000139d      0x2a0 ./Drivers/STM32F4xx_HAL_Driver/Src/stm32f4xx_hal_pcd.o
 .debug_abbrev  0x000000000000163d      0x1fb ./Drivers/STM32F4xx_HAL_Driver/Src/stm32f4xx_hal_pcd_ex.o
 .debug_abbrev  0x0000000000001838      0x275 ./Drivers/STM32F4xx_HAL_Driver/Src/stm32f4xx_hal_rcc.o
 .debug_abbrev  0x0000000000001aad      0x2a7 ./Drivers/STM32F4xx_HAL_Driver/Src/stm32f4xx_ll_usb.o
 .debug_abbrev  0x0000000000001d54      0x2fc ./Middlewares/ST/STM32_USB_Device_Library/Class/CDC/Src/usbd_cdc.o
 .debug_abbrev  0x0000000000002050      0x2b7 ./Middlewares/ST/STM32_USB_Device_Library/Core/Src/usbd_core.o
 .debug_abbrev  0x0000000000002307      0x2fc ./Middlewares/ST/STM32_USB_Device_Library/Core/Src/usbd_ctlreq.o
 .debug_abbrev  0x0000000000002603      0x22a ./Middlewares/ST/STM32_USB_Device_Library/Core/Src/usbd_ioreq.o
 .debug_abbrev  0x000000000000282d      0x204 ./USB_DEVICE/App/usb_device.o
 .debug_abbrev  0x0000000000002a31      0x30c ./USB_DEVICE/App/usbd_cdc_if.o
 .debug_abbrev  0x0000000000002d3d      0x2aa ./USB_DEVICE/App/usbd_desc.o
 .debug_abbrev  0x0000000000002fe7      0x32c ./USB_DEVICE/Target/usbd_conf.o

.debug_aranges  0x0000000000000000      0xc70
 .debug_aranges
                0x0000000000000000       0x30 ./Core/Src/adc.o
 .debug_aranges
                0x0000000000000030       0x20 ./Core/Src/gpio.o
 .debug_aranges
                0x0000000000000050       0x70 ./Core/Src/main.o
 .debug_aranges
                0x00000000000000c0       0x20 ./Core/Src/stm32f4xx_hal_msp.o
 .debug_aranges
                0x00000000000000e0       0x68 ./Core/Src/stm32f4xx_it.o
 .debug_aranges
                0x0000000000000148       0x28 ./Core/Src/system_stm32f4xx.o
 .debug_aranges
                0x0000000000000170       0x28 ./Core/Startup/startup_stm32f401ccux.o
 .debug_aranges
                0x0000000000000198       0xf0 ./Drivers/STM32F4xx_HAL_Driver/Src/stm32f4xx_hal.o
 .debug_aranges
                0x0000000000000288       0xe8 ./Drivers/STM32F4xx_HAL_Driver/Src/stm32f4xx_hal_adc.o
 .debug_aranges
                0x0000000000000370      0x118 ./Drivers/STM32F4xx_HAL_Driver/Src/stm32f4xx_hal_cortex.o
 .debug_aranges
                0x0000000000000488       0x58 ./Drivers/STM32F4xx_HAL_Driver/Src/stm32f4xx_hal_gpio.o
 .debug_aranges
                0x00000000000004e0      0x138 ./Drivers/STM32F4xx_HAL_Driver/Src/stm32f4xx_hal_pcd.o
 .debug_aranges
                0x0000000000000618       0x38 ./Drivers/STM32F4xx_HAL_Driver/Src/stm32f4xx_hal_pcd_ex.o
 .debug_aranges
                0x0000000000000650       0x88 ./Drivers/STM32F4xx_HAL_Driver/Src/stm32f4xx_hal_rcc.o
 .debug_aranges
                0x00000000000006d8      0x198 ./Drivers/STM32F4xx_HAL_Driver/Src/stm32f4xx_ll_usb.o
 .debug_aranges
                0x0000000000000870       0x90 ./Middlewares/ST/STM32_USB_Device_Library/Class/CDC/Src/usbd_cdc.o
 .debug_aranges
                0x0000000000000900       0xb8 ./Middlewares/ST/STM32_USB_Device_Library/Core/Src/usbd_core.o
 .debug_aranges
                0x00000000000009b8       0x90 ./Middlewares/ST/STM32_USB_Device_Library/Core/Src/usbd_ctlreq.o
 .debug_aranges
                0x0000000000000a48       0x50 ./Middlewares/ST/STM32_USB_Device_Library/Core/Src/usbd_ioreq.o
 .debug_aranges
                0x0000000000000a98       0x20 ./USB_DEVICE/App/usb_device.o
 .debug_aranges
                0x0000000000000ab8       0x48 ./USB_DEVICE/App/usbd_cdc_if.o
 .debug_aranges
                0x0000000000000b00       0x60 ./USB_DEVICE/App/usbd_desc.o
 .debug_aranges
                0x0000000000000b60      0x110 ./USB_DEVICE/Target/usbd_conf.o

.debug_ranges   0x0000000000000000      0xb08
 .debug_ranges  0x0000000000000000       0x20 ./Core/Src/adc.o
 .debug_ranges  0x0000000000000020       0x10 ./Core/Src/gpio.o
 .debug_ranges  0x0000000000000030       0x60 ./Core/Src/main.o
 .debug_ranges  0x0000000000000090       0x10 ./Core/Src/stm32f4xx_hal_msp.o
 .debug_ranges  0x00000000000000a0       0x58 ./Core/Src/stm32f4xx_it.o
 .debug_ranges  0x00000000000000f8       0x18 ./Core/Src/system_stm32f4xx.o
 .debug_ranges  0x0000000000000110       0x20 ./Core/Startup/startup_stm32f401ccux.o
 .debug_ranges  0x0000000000000130       0xe0 ./Drivers/STM32F4xx_HAL_Driver/Src/stm32f4xx_hal.o
 .debug_ranges  0x0000000000000210       0xd8 ./Drivers/STM32F4xx_HAL_Driver/Src/stm32f4xx_hal_adc.o
 .debug_ranges  0x00000000000002e8      0x108 ./Drivers/STM32F4xx_HAL_Driver/Src/stm32f4xx_hal_cortex.o
 .debug_ranges  0x00000000000003f0       0x48 ./Drivers/STM32F4xx_HAL_Driver/Src/stm32f4xx_hal_gpio.o
 .debug_ranges  0x0000000000000438      0x128 ./Drivers/STM32F4xx_HAL_Driver/Src/stm32f4xx_hal_pcd.o
 .debug_ranges  0x0000000000000560       0x28 ./Drivers/STM32F4xx_HAL_Driver/Src/stm32f4xx_hal_pcd_ex.o
 .debug_ranges  0x0000000000000588       0x78 ./Drivers/STM32F4xx_HAL_Driver/Src/stm32f4xx_hal_rcc.o
 .debug_ranges  0x0000000000000600      0x188 ./Drivers/STM32F4xx_HAL_Driver/Src/stm32f4xx_ll_usb.o
 .debug_ranges  0x0000000000000788       0x80 ./Middlewares/ST/STM32_USB_Device_Library/Class/CDC/Src/usbd_cdc.o
 .debug_ranges  0x0000000000000808       0xa8 ./Middlewares/ST/STM32_USB_Device_Library/Core/Src/usbd_core.o
 .debug_ranges  0x00000000000008b0       0x80 ./Middlewares/ST/STM32_USB_Device_Library/Core/Src/usbd_ctlreq.o
 .debug_ranges  0x0000000000000930       0x40 ./Middlewares/ST/STM32_USB_Device_Library/Core/Src/usbd_ioreq.o
 .debug_ranges  0x0000000000000970       0x10 ./USB_DEVICE/App/usb_device.o
 .debug_ranges  0x0000000000000980       0x38 ./USB_DEVICE/App/usbd_cdc_if.o
 .debug_ranges  0x00000000000009b8       0x50 ./USB_DEVICE/App/usbd_desc.o
 .debug_ranges  0x0000000000000a08      0x100 ./USB_DEVICE/Target/usbd_conf.o

.debug_macro    0x0000000000000000    0x1a123
 .debug_macro   0x0000000000000000      0x215 ./Core/Src/adc.o
 .debug_macro   0x0000000000000215      0xaa8 ./Core/Src/adc.o
 .debug_macro   0x0000000000000cbd      0x29b ./Core/Src/adc.o
 .debug_macro   0x0000000000000f58       0x2e ./Core/Src/adc.o
 .debug_macro   0x0000000000000f86       0x28 ./Core/Src/adc.o
 .debug_macro   0x0000000000000fae       0x22 ./Core/Src/adc.o
 .debug_macro   0x0000000000000fd0       0x8e ./Core/Src/adc.o
 .debug_macro   0x000000000000105e       0x51 ./Core/Src/adc.o
 .debug_macro   0x00000000000010af      0x103 ./Core/Src/adc.o
 .debug_macro   0x00000000000011b2       0x6a ./Core/Src/adc.o
 .debug_macro   0x000000000000121c      0x1df ./Core/Src/adc.o
 .debug_macro   0x00000000000013fb       0x1c ./Core/Src/adc.o
 .debug_macro   0x0000000000001417       0x22 ./Core/Src/adc.o
 .debug_macro   0x0000000000001439       0xdf ./Core/Src/adc.o
 .debug_macro   0x0000000000001518     0x102d ./Core/Src/adc.o
 .debug_macro   0x0000000000002545      0x11f ./Core/Src/adc.o
 .debug_macro   0x0000000000002664     0xb86c ./Core/Src/adc.o
 .debug_macro   0x000000000000ded0       0x6d ./Core/Src/adc.o
 .debug_macro   0x000000000000df3d     0x3666 ./Core/Src/adc.o
 .debug_macro   0x00000000000115a3      0x174 ./Core/Src/adc.o
 .debug_macro   0x0000000000011717       0x5c ./Core/Src/adc.o
 .debug_macro   0x0000000000011773      0x416 ./Core/Src/adc.o
 .debug_macro   0x0000000000011b89      0x9fe ./Core/Src/adc.o
 .debug_macro   0x0000000000012587      0x116 ./Core/Src/adc.o
 .debug_macro   0x000000000001269d       0xf8 ./Core/Src/adc.o
 .debug_macro   0x0000000000012795       0xa5 ./Core/Src/adc.o
 .debug_macro   0x000000000001283a      0x15f ./Core/Src/adc.o
 .debug_macro   0x0000000000012999      0x287 ./Core/Src/adc.o
 .debug_macro   0x0000000000012c20       0x5f ./Core/Src/adc.o
 .debug_macro   0x0000000000012c7f      0x236 ./Core/Src/adc.o
 .debug_macro   0x0000000000012eb5      0x9e1 ./Core/Src/adc.o
 .debug_macro   0x0000000000013896      0x38b ./Core/Src/adc.o
 .debug_macro   0x0000000000013c21      0x176 ./Core/Src/adc.o
 .debug_macro   0x0000000000013d97       0xf9 ./Core/Src/adc.o
 .debug_macro   0x0000000000013e90      0x132 ./Core/Src/adc.o
 .debug_macro   0x0000000000013fc2      0x23a ./Core/Src/adc.o
 .debug_macro   0x00000000000141fc       0x2e ./Core/Src/adc.o
 .debug_macro   0x000000000001422a      0x11a ./Core/Src/adc.o
 .debug_macro   0x0000000000014344       0x85 ./Core/Src/adc.o
 .debug_macro   0x00000000000143c9       0x89 ./Core/Src/adc.o
 .debug_macro   0x0000000000014452      0x21e ./Core/Src/adc.o
 .debug_macro   0x0000000000014670       0xba ./Core/Src/adc.o
 .debug_macro   0x000000000001472a      0x126 ./Core/Src/adc.o
 .debug_macro   0x0000000000014850       0xa0 ./Core/Src/adc.o
 .debug_macro   0x00000000000148f0      0x215 ./Core/Src/gpio.o
 .debug_macro   0x0000000000014b05      0x471 ./Core/Src/main.o
 .debug_macro   0x0000000000014f76       0x52 ./Core/Src/main.o
 .debug_macro   0x0000000000014fc8       0x18 ./Core/Src/main.o
 .debug_macro   0x0000000000014fe0       0x3c ./Core/Src/main.o
 .debug_macro   0x000000000001501c       0x34 ./Core/Src/main.o
 .debug_macro   0x0000000000015050       0x16 ./Core/Src/main.o
 .debug_macro   0x0000000000015066       0x35 ./Core/Src/main.o
 .debug_macro   0x000000000001509b      0x333 ./Core/Src/main.o
 .debug_macro   0x00000000000153ce       0x10 ./Core/Src/main.o
 .debug_macro   0x00000000000153de       0x16 ./Core/Src/main.o
 .debug_macro   0x00000000000153f4       0x43 ./Core/Src/main.o
 .debug_macro   0x0000000000015437       0x34 ./Core/Src/main.o
 .debug_macro   0x000000000001546b       0x10 ./Core/Src/main.o
 .debug_macro   0x000000000001547b       0x58 ./Core/Src/main.o
 .debug_macro   0x00000000000154d3       0x71 ./Core/Src/main.o
 .debug_macro   0x0000000000015544       0x1c ./Core/Src/main.o
 .debug_macro   0x0000000000015560      0x12a ./Core/Src/main.o
 .debug_macro   0x000000000001568a       0x10 ./Core/Src/main.o
 .debug_macro   0x000000000001569a       0x1c ./Core/Src/main.o
 .debug_macro   0x00000000000156b6       0x52 ./Core/Src/main.o
 .debug_macro   0x0000000000015708       0x22 ./Core/Src/main.o
 .debug_macro   0x000000000001572a       0x10 ./Core/Src/main.o
 .debug_macro   0x000000000001573a       0x40 ./Core/Src/main.o
 .debug_macro   0x000000000001577a       0xd5 ./Core/Src/main.o
 .debug_macro   0x000000000001584f       0x1c ./Core/Src/main.o
 .debug_macro   0x000000000001586b       0x3d ./Core/Src/main.o
 .debug_macro   0x00000000000158a8       0x16 ./Core/Src/main.o
 .debug_macro   0x00000000000158be      0x145 ./Core/Src/main.o
 .debug_macro   0x0000000000015a03       0x16 ./Core/Src/main.o
 .debug_macro   0x0000000000015a19       0x16 ./Core/Src/main.o
 .debug_macro   0x0000000000015a2f       0x29 ./Core/Src/main.o
 .debug_macro   0x0000000000015a58       0x16 ./Core/Src/main.o
 .debug_macro   0x0000000000015a6e       0x20 ./Core/Src/main.o
 .debug_macro   0x0000000000015a8e       0x65 ./Core/Src/main.o
 .debug_macro   0x0000000000015af3      0x1ef ./Core/Src/main.o
 .debug_macro   0x0000000000015ce2       0x95 ./Core/Src/main.o
 .debug_macro   0x0000000000015d77       0x1c ./Core/Src/main.o
 .debug_macro   0x0000000000015d93      0x1a9 ./Core/Src/main.o
 .debug_macro   0x0000000000015f3c      0x20b ./Core/Src/stm32f4xx_hal_msp.o
 .debug_macro   0x0000000000016147      0x215 ./Core/Src/stm32f4xx_it.o
 .debug_macro   0x000000000001635c      0x1fc ./Core/Src/system_stm32f4xx.o
 .debug_macro   0x0000000000016558      0x25c ./Drivers/STM32F4xx_HAL_Driver/Src/stm32f4xx_hal.o
 .debug_macro   0x00000000000167b4      0x1fd ./Drivers/STM32F4xx_HAL_Driver/Src/stm32f4xx_hal_adc.o
 .debug_macro   0x00000000000169b1      0x1fc ./Drivers/STM32F4xx_HAL_Driver/Src/stm32f4xx_hal_cortex.o
 .debug_macro   0x0000000000016bad      0x202 ./Drivers/STM32F4xx_HAL_Driver/Src/stm32f4xx_hal_gpio.o
 .debug_macro   0x0000000000016daf      0x208 ./Drivers/STM32F4xx_HAL_Driver/Src/stm32f4xx_hal_pcd.o
 .debug_macro   0x0000000000016fb7      0x1fc ./Drivers/STM32F4xx_HAL_Driver/Src/stm32f4xx_hal_pcd_ex.o
 .debug_macro   0x00000000000171b3      0x220 ./Drivers/STM32F4xx_HAL_Driver/Src/stm32f4xx_hal_rcc.o
 .debug_macro   0x00000000000173d3      0x1fc ./Drivers/STM32F4xx_HAL_Driver/Src/stm32f4xx_ll_usb.o
 .debug_macro   0x00000000000175cf      0x421 ./Middlewares/ST/STM32_USB_Device_Library/Class/CDC/Src/usbd_cdc.o
 .debug_macro   0x00000000000179f0       0x4c ./Middlewares/ST/STM32_USB_Device_Library/Class/CDC/Src/usbd_cdc.o
 .debug_macro   0x0000000000017a3c       0x94 ./Middlewares/ST/STM32_USB_Device_Library/Class/CDC/Src/usbd_cdc.o
 .debug_macro   0x0000000000017ad0       0x57 ./Middlewares/ST/STM32_USB_Device_Library/Class/CDC/Src/usbd_cdc.o
 .debug_macro   0x0000000000017b27       0x97 ./Middlewares/ST/STM32_USB_Device_Library/Class/CDC/Src/usbd_cdc.o
 .debug_macro   0x0000000000017bbe      0x339 ./Middlewares/ST/STM32_USB_Device_Library/Class/CDC/Src/usbd_cdc.o
 .debug_macro   0x0000000000017ef7       0xfd ./Middlewares/ST/STM32_USB_Device_Library/Class/CDC/Src/usbd_cdc.o
 .debug_macro   0x0000000000017ff4       0xd9 ./Middlewares/ST/STM32_USB_Device_Library/Class/CDC/Src/usbd_cdc.o
 .debug_macro   0x00000000000180cd       0x56 ./Middlewares/ST/STM32_USB_Device_Library/Class/CDC/Src/usbd_cdc.o
 .debug_macro   0x0000000000018123      0x408 ./Middlewares/ST/STM32_USB_Device_Library/Core/Src/usbd_core.o
 .debug_macro   0x000000000001852b      0x1f5 ./Middlewares/ST/STM32_USB_Device_Library/Core/Src/usbd_core.o
 .debug_macro   0x0000000000018720      0x412 ./Middlewares/ST/STM32_USB_Device_Library/Core/Src/usbd_ctlreq.o
 .debug_macro   0x0000000000018b32      0x40e ./Middlewares/ST/STM32_USB_Device_Library/Core/Src/usbd_ioreq.o
 .debug_macro   0x0000000000018f40      0x441 ./USB_DEVICE/App/usb_device.o
 .debug_macro   0x0000000000019381       0xa6 ./USB_DEVICE/App/usb_device.o
 .debug_macro   0x0000000000019427       0x22 ./USB_DEVICE/App/usb_device.o
 .debug_macro   0x0000000000019449       0x22 ./USB_DEVICE/App/usb_device.o
 .debug_macro   0x000000000001946b      0x42c ./USB_DEVICE/App/usbd_cdc_if.o
 .debug_macro   0x0000000000019897      0x44b ./USB_DEVICE/App/usbd_desc.o
 .debug_macro   0x0000000000019ce2       0x1c ./USB_DEVICE/App/usbd_desc.o
 .debug_macro   0x0000000000019cfe      0x425 ./USB_DEVICE/Target/usbd_conf.o

.debug_line     0x0000000000000000    0x10e27
 .debug_line    0x0000000000000000      0x7c6 ./Core/Src/adc.o
 .debug_line    0x00000000000007c6      0x724 ./Core/Src/gpio.o
 .debug_line    0x0000000000000eea      0xec7 ./Core/Src/main.o
 .debug_line    0x0000000000001db1      0x6ec ./Core/Src/stm32f4xx_hal_msp.o
 .debug_line    0x000000000000249d      0x7c6 ./Core/Src/stm32f4xx_it.o
 .debug_line    0x0000000000002c63      0x76d ./Core/Src/system_stm32f4xx.o
 .debug_line    0x00000000000033d0       0x88 ./Core/Startup/startup_stm32f401ccux.o
 .debug_line    0x0000000000003458      0x9d3 ./Drivers/STM32F4xx_HAL_Driver/Src/stm32f4xx_hal.o
 .debug_line    0x0000000000003e2b     0x1191 ./Drivers/STM32F4xx_HAL_Driver/Src/stm32f4xx_hal_adc.o
 .debug_line    0x0000000000004fbc      0xc82 ./Drivers/STM32F4xx_HAL_Driver/Src/stm32f4xx_hal_cortex.o
 .debug_line    0x0000000000005c3e      0xb0d ./Drivers/STM32F4xx_HAL_Driver/Src/stm32f4xx_hal_gpio.o
 .debug_line    0x000000000000674b     0x1320 ./Drivers/STM32F4xx_HAL_Driver/Src/stm32f4xx_hal_pcd.o
 .debug_line    0x0000000000007a6b      0x7b6 ./Drivers/STM32F4xx_HAL_Driver/Src/stm32f4xx_hal_pcd_ex.o
 .debug_line    0x0000000000008221      0xd4d ./Drivers/STM32F4xx_HAL_Driver/Src/stm32f4xx_hal_rcc.o
 .debug_line    0x0000000000008f6e     0x1962 ./Drivers/STM32F4xx_HAL_Driver/Src/stm32f4xx_ll_usb.o
 .debug_line    0x000000000000a8d0      0xdb1 ./Middlewares/ST/STM32_USB_Device_Library/Class/CDC/Src/usbd_cdc.o
 .debug_line    0x000000000000b681      0xe34 ./Middlewares/ST/STM32_USB_Device_Library/Core/Src/usbd_core.o
 .debug_line    0x000000000000c4b5     0x10b4 ./Middlewares/ST/STM32_USB_Device_Library/Core/Src/usbd_ctlreq.o
 .debug_line    0x000000000000d569      0xa8b ./Middlewares/ST/STM32_USB_Device_Library/Core/Src/usbd_ioreq.o
 .debug_line    0x000000000000dff4      0xa47 ./USB_DEVICE/App/usb_device.o
 .debug_line    0x000000000000ea3b      0xab9 ./USB_DEVICE/App/usbd_cdc_if.o
 .debug_line    0x000000000000f4f4      0xb10 ./USB_DEVICE/App/usbd_desc.o
 .debug_line    0x0000000000010004      0xe23 ./USB_DEVICE/Target/usbd_conf.o

.debug_str      0x0000000000000000    0x92d15
 .debug_str     0x0000000000000000    0x89f0c ./Core/Src/adc.o
                                      0x8a21f (size before relaxing)
 .debug_str     0x0000000000089f0c       0x48 ./Core/Src/gpio.o
                                      0x89de0 (size before relaxing)
 .debug_str     0x0000000000089f54     0x5d0f ./Core/Src/main.o
                                      0x90025 (size before relaxing)
 .debug_str     0x000000000008fc63       0x2c ./Core/Src/stm32f4xx_hal_msp.o
                                      0x89d43 (size before relaxing)
 .debug_str     0x000000000008fc8f      0x3ec ./Core/Src/stm32f4xx_it.o
                                      0x8a074 (size before relaxing)
 .debug_str     0x000000000009007b       0xaf ./Core/Src/system_stm32f4xx.o
                                      0x89b79 (size before relaxing)
 .debug_str     0x000000000009012a       0x36 ./Core/Startup/startup_stm32f401ccux.o
                                         0x80 (size before relaxing)
 .debug_str     0x0000000000090160      0x905 ./Drivers/STM32F4xx_HAL_Driver/Src/stm32f4xx_hal.o
                                      0x8a4f9 (size before relaxing)
 .debug_str     0x0000000000090a65      0x2a9 ./Drivers/STM32F4xx_HAL_Driver/Src/stm32f4xx_hal_adc.o
                                      0x8a113 (size before relaxing)
 .debug_str     0x0000000000090d0e      0x392 ./Drivers/STM32F4xx_HAL_Driver/Src/stm32f4xx_hal_cortex.o
                                      0x8a2d6 (size before relaxing)
 .debug_str     0x00000000000910a0      0x15f ./Drivers/STM32F4xx_HAL_Driver/Src/stm32f4xx_hal_gpio.o
                                      0x89d20 (size before relaxing)
 .debug_str     0x00000000000911ff      0x564 ./Drivers/STM32F4xx_HAL_Driver/Src/stm32f4xx_hal_pcd.o
                                      0x8a351 (size before relaxing)
 .debug_str     0x0000000000091763      0x13f ./Drivers/STM32F4xx_HAL_Driver/Src/stm32f4xx_hal_pcd_ex.o
                                      0x89f1c (size before relaxing)
 .debug_str     0x00000000000918a2      0x259 ./Drivers/STM32F4xx_HAL_Driver/Src/stm32f4xx_hal_rcc.o
                                      0x89f7b (size before relaxing)
 .debug_str     0x0000000000091afb      0x6a0 ./Drivers/STM32F4xx_HAL_Driver/Src/stm32f4xx_ll_usb.o
                                      0x8a488 (size before relaxing)
 .debug_str     0x000000000009219b      0x2aa ./Middlewares/ST/STM32_USB_Device_Library/Class/CDC/Src/usbd_cdc.o
                                      0x8f578 (size before relaxing)
 .debug_str     0x0000000000092445      0x1a2 ./Middlewares/ST/STM32_USB_Device_Library/Core/Src/usbd_core.o
                                      0x8ee04 (size before relaxing)
 .debug_str     0x00000000000925e7      0x152 ./Middlewares/ST/STM32_USB_Device_Library/Core/Src/usbd_ctlreq.o
                                      0x8edc2 (size before relaxing)
 .debug_str     0x0000000000092739       0xc9 ./Middlewares/ST/STM32_USB_Device_Library/Core/Src/usbd_ioreq.o
                                      0x8ed12 (size before relaxing)
 .debug_str     0x0000000000092802       0xc2 ./USB_DEVICE/App/usb_device.o
                                      0x8f0a1 (size before relaxing)
 .debug_str     0x00000000000928c4       0x9a ./USB_DEVICE/App/usbd_cdc_if.o
                                      0x8f105 (size before relaxing)
 .debug_str     0x000000000009295e      0x26e ./USB_DEVICE/App/usbd_desc.o
                                      0x8ec64 (size before relaxing)
 .debug_str     0x0000000000092bcc      0x149 ./USB_DEVICE/Target/usbd_conf.o
                                      0x8fb52 (size before relaxing)

.comment        0x0000000000000000       0x53
 .comment       0x0000000000000000       0x53 ./Core/Src/adc.o
                                         0x54 (size before relaxing)
 .comment       0x0000000000000053       0x54 ./Core/Src/gpio.o
 .comment       0x0000000000000053       0x54 ./Core/Src/main.o
 .comment       0x0000000000000053       0x54 ./Core/Src/stm32f4xx_hal_msp.o
 .comment       0x0000000000000053       0x54 ./Core/Src/stm32f4xx_it.o
 .comment       0x0000000000000053       0x54 ./Core/Src/system_stm32f4xx.o
 .comment       0x0000000000000053       0x54 ./Drivers/STM32F4xx_HAL_Driver/Src/stm32f4xx_hal.o
 .comment       0x0000000000000053       0x54 ./Drivers/STM32F4xx_HAL_Driver/Src/stm32f4xx_hal_adc.o
 .comment       0x0000000000000053       0x54 ./Drivers/STM32F4xx_HAL_Driver/Src/stm32f4xx_hal_cortex.o
 .comment       0x0000000000000053       0x54 ./Drivers/STM32F4xx_HAL_Driver/Src/stm32f4xx_hal_gpio.o
 .comment       0x0000000000000053       0x54 ./Drivers/STM32F4xx_HAL_Driver/Src/stm32f4xx_hal_pcd.o
 .comment       0x0000000000000053       0x54 ./Drivers/STM32F4xx_HAL_Driver/Src/stm32f4xx_hal_pcd_ex.o
 .comment       0x0000000000000053       0x54 ./Drivers/STM32F4xx_HAL_Driver/Src/stm32f4xx_hal_rcc.o
 .comment       0x0000000000000053       0x54 ./Drivers/STM32F4xx_HAL_Driver/Src/stm32f4xx_ll_usb.o
 .comment       0x0000000000000053       0x54 ./Middlewares/ST/STM32_USB_Device_Library/Class/CDC/Src/usbd_cdc.o
 .comment       0x0000000000000053       0x54 ./Middlewares/ST/STM32_USB_Device_Library/Core/Src/usbd_core.o
 .comment       0x0000000000000053       0x54 ./Middlewares/ST/STM32_USB_Device_Library/Core/Src/usbd_ctlreq.o
 .comment       0x0000000000000053       0x54 ./Middlewares/ST/STM32_USB_Device_Library/Core/Src/usbd_ioreq.o
 .comment       0x0000000000000053       0x54 ./USB_DEVICE/App/usb_device.o
 .comment       0x0000000000000053       0x54 ./USB_DEVICE/App/usbd_cdc_if.o
 .comment       0x0000000000000053       0x54 ./USB_DEVICE/App/usbd_desc.o
 .comment       0x0000000000000053       0x54 ./USB_DEVICE/Target/usbd_conf.o

.debug_frame    0x0000000000000000     0x3128
 .debug_frame   0x0000000000000000       0x7c ./Core/Src/adc.o
 .debug_frame   0x000000000000007c       0x34 ./Core/Src/gpio.o
 .debug_frame   0x00000000000000b0      0x188 ./Core/Src/main.o
 .debug_frame   0x0000000000000238       0x38 ./Core/Src/stm32f4xx_hal_msp.o
 .debug_frame   0x0000000000000270      0x120 ./Core/Src/stm32f4xx_it.o
 .debug_frame   0x0000000000000390       0x58 ./Core/Src/system_stm32f4xx.o
 .debug_frame   0x00000000000003e8      0x374 ./Drivers/STM32F4xx_HAL_Driver/Src/stm32f4xx_hal.o
 .debug_frame   0x000000000000075c      0x3fc ./Drivers/STM32F4xx_HAL_Driver/Src/stm32f4xx_hal_adc.o
 .debug_frame   0x0000000000000b58      0x498 ./Drivers/STM32F4xx_HAL_Driver/Src/stm32f4xx_hal_cortex.o
 .debug_frame   0x0000000000000ff0      0x14c ./Drivers/STM32F4xx_HAL_Driver/Src/stm32f4xx_hal_gpio.o
 .debug_frame   0x000000000000113c      0x574 ./Drivers/STM32F4xx_HAL_Driver/Src/stm32f4xx_hal_pcd.o
 .debug_frame   0x00000000000016b0       0xb0 ./Drivers/STM32F4xx_HAL_Driver/Src/stm32f4xx_hal_pcd_ex.o
 .debug_frame   0x0000000000001760      0x1ec ./Drivers/STM32F4xx_HAL_Driver/Src/stm32f4xx_hal_rcc.o
 .debug_frame   0x000000000000194c      0x798 ./Drivers/STM32F4xx_HAL_Driver/Src/stm32f4xx_ll_usb.o
 .debug_frame   0x00000000000020e4      0x248 ./Middlewares/ST/STM32_USB_Device_Library/Class/CDC/Src/usbd_cdc.o
 .debug_frame   0x000000000000232c      0x2f4 ./Middlewares/ST/STM32_USB_Device_Library/Core/Src/usbd_core.o
 .debug_frame   0x0000000000002620      0x23c ./Middlewares/ST/STM32_USB_Device_Library/Core/Src/usbd_ctlreq.o